---------------------------------------------------------------------------------------------------------------------------------------------------------------------
      name:  <unnamed>
       log:  C:\Users\Equipo\Downloads\19_taller.log
  log type:  text
 opened on:  26 Mar 2026, 05:29:00

. do "C:\Users\Equipo\OneDrive\Desktop\proyecto\4Medio ambiente- innovacion\3. Estrategia empirica\3. Modelos\talleres por tema - teoria econometrica\19taller_Ordena
> do_y_Panel.do"

. *** Capitulo 16 ***
. 
. clear all

. bcuse pension, clear 

Contains data from http://fmwww.bc.edu/ec-p/data/wooldridge/pension.dta
 Observations:           194                  
    Variables:            19                  3 Dec 2001 14:49
---------------------------------------------------------------------------------------------------------------------------------------------------------------------
Variable      Storage   Display    Value
    name         type    format    label      Variable label
---------------------------------------------------------------------------------------------------------------------------------------------------------------------
id              int     %9.0g                 family identifier
pyears          byte    %9.0g                 years in pension plan
prftshr         byte    %9.0g                 =1 if profit sharing plan
choice          byte    %9.0g                 =1 if can choose method invest
female          byte    %9.0g                 =1 if female
married         byte    %9.0g                 =1 if married
age             byte    %9.0g                 age in years
educ            byte    %9.0g                 highest grade completed
finc25          byte    %9.0g                 $15,000 < faminc92 <= $25,000
finc35          byte    %9.0g                 $25,000 < faminc92 <= $35,000
finc50          byte    %9.0g                 $35,000 < faminc92 <= $50,000
finc75          byte    %9.0g                 $50,000 < faminc92 <= $75,000
finc100         byte    %9.0g                 $75,000 < faminc92 <= $100,000
finc101         byte    %9.0g                 $100,000 < faminc92
wealth89        float   %9.0g                 net worth, 1989, $1000
black           byte    %9.0g                 =1 if black
stckin89        byte    %9.0g                 =1 if owned stock in 1989
irain89         byte    %9.0g                 =1 if had IRA in 1989
pctstck         byte    %9.0g                 0=mstbnds,50=mixed,100=mststcks
---------------------------------------------------------------------------------------------------------------------------------------------------------------------
Sorted by: id

. 
. describe

Contains data from http://fmwww.bc.edu/ec-p/data/wooldridge/pension.dta
 Observations:           194                  
    Variables:            19                  3 Dec 2001 14:49
---------------------------------------------------------------------------------------------------------------------------------------------------------------------
Variable      Storage   Display    Value
    name         type    format    label      Variable label
---------------------------------------------------------------------------------------------------------------------------------------------------------------------
id              int     %9.0g                 family identifier
pyears          byte    %9.0g                 years in pension plan
prftshr         byte    %9.0g                 =1 if profit sharing plan
choice          byte    %9.0g                 =1 if can choose method invest
female          byte    %9.0g                 =1 if female
married         byte    %9.0g                 =1 if married
age             byte    %9.0g                 age in years
educ            byte    %9.0g                 highest grade completed
finc25          byte    %9.0g                 $15,000 < faminc92 <= $25,000
finc35          byte    %9.0g                 $25,000 < faminc92 <= $35,000
finc50          byte    %9.0g                 $35,000 < faminc92 <= $50,000
finc75          byte    %9.0g                 $50,000 < faminc92 <= $75,000
finc100         byte    %9.0g                 $75,000 < faminc92 <= $100,000
finc101         byte    %9.0g                 $100,000 < faminc92
wealth89        float   %9.0g                 net worth, 1989, $1000
black           byte    %9.0g                 =1 if black
stckin89        byte    %9.0g                 =1 if owned stock in 1989
irain89         byte    %9.0g                 =1 if had IRA in 1989
pctstck         byte    %9.0g                 0=mstbnds,50=mixed,100=mststcks
---------------------------------------------------------------------------------------------------------------------------------------------------------------------
Sorted by: id

. tab pctstck

0=mstbnds,5 |
0=mixed,100 |
  =mststcks |      Freq.     Percent        Cum.
------------+-----------------------------------
          0 |         64       32.99       32.99
         50 |         72       37.11       70.10
        100 |         58       29.90      100.00
------------+-----------------------------------
      Total |        194      100.00

. ** la variable "pctstck" es la dependiente que es categorica ordenada.
. ** las covariables son: choice, age, educ, female, black, married, finc25;...; finc101, wealth89, and prftshr.
. 
. ** esta base no tiene panel, pero la adaptacion seria facil: 
. ** seteamos periodo y tiempo;
. ** agregamos dummies temporales en la especificacion;
. ** usamos vce(cluster id)
. 
. **# Probit Ordenado
. 
. *==============================================================*
. * 16.3.1 Probit/Logit ordenado: MLE, probabilidades, APEs
. *==============================================================*
. 
. * Logit ordenado:
. ologit pctstck age educ wealth89 i.choice i.female i.married i.black i.finc25 i.finc35 i.finc50 i.finc75 i.finc100 i.finc101  i.prftshr, vce(robust)

Iteration 0:  Log pseudolikelihood = -212.37031  
Iteration 1:  Log pseudolikelihood = -201.96939  
Iteration 2:  Log pseudolikelihood = -201.92273  
Iteration 3:  Log pseudolikelihood =  -201.9227  
Iteration 4:  Log pseudolikelihood =  -201.9227  

Ordered logistic regression                             Number of obs =    194
                                                        Wald chi2(14) =  24.83
                                                        Prob > chi2   = 0.0363
Log pseudolikelihood = -201.9227                        Pseudo R2     = 0.0492

------------------------------------------------------------------------------
             |               Robust
     pctstck | Coefficient  std. err.      z    P>|z|     [95% conf. interval]
-------------+----------------------------------------------------------------
         age |  -.0866977   .0436372    -1.99   0.047     -.172225   -.0011703
        educ |   .0507341   .0582449     0.87   0.384    -.0634238     .164892
    wealth89 |  -.0001185   .0005948    -0.20   0.842    -.0012843    .0010472
    1.choice |   .5879241   .2997394     1.96   0.050     .0004457    1.175403
    1.female |   .0584195   .3508729     0.17   0.868    -.6292788    .7461178
   1.married |   .1040038   .4403619     0.24   0.813    -.7590896    .9670972
     1.black |   .1233768   .4270391     0.29   0.773    -.7136044     .960358
    1.finc25 |   -1.00351   .9056893    -1.11   0.268    -2.778628    .7716085
    1.finc35 |  -.2370063   .8670589    -0.27   0.785     -1.93641    1.462398
    1.finc50 |  -.4610767   .8449396    -0.55   0.585    -2.117128    1.194975
    1.finc75 |  -1.026304   .8961551    -1.15   0.252    -2.782736    .7301278
   1.finc100 |  -.4504573    .897027    -0.50   0.616    -2.208598    1.307683
   1.finc101 |    -1.3899   .8912302    -1.56   0.119    -3.136679    .3568794
   1.prftshr |   .7985904   .4490925     1.78   0.075    -.0816148    1.678795
-------------+----------------------------------------------------------------
       /cut1 |  -5.333022   3.064429                     -11.33919     .673149
       /cut2 |  -3.636198   3.041682                     -9.597784    2.325388
------------------------------------------------------------------------------

. 
. * Probit ordenado (sin intercepto explícito; los cutpoints lo absorben):
. oprobit pctstck age educ wealth89 i.choice i.female i.married i.black i.finc25 i.finc35 i.finc50 i.finc75 i.finc100 i.finc101  i.prftshr, vce(robust)

Iteration 0:  Log pseudolikelihood = -212.37031  
Iteration 1:  Log pseudolikelihood =  -202.0094  
Iteration 2:  Log pseudolikelihood =  -201.9865  
Iteration 3:  Log pseudolikelihood =  -201.9865  

Ordered probit regression                               Number of obs =    194
                                                        Wald chi2(14) =  25.32
                                                        Prob > chi2   = 0.0315
Log pseudolikelihood = -201.9865                        Pseudo R2     = 0.0489

------------------------------------------------------------------------------
             |               Robust
     pctstck | Coefficient  std. err.      z    P>|z|     [95% conf. interval]
-------------+----------------------------------------------------------------
         age |  -.0500516    .024625    -2.03   0.042    -.0983156   -.0017876
        educ |   .0261382   .0349858     0.75   0.455    -.0424328    .0947091
    wealth89 |  -.0000956   .0003586    -0.27   0.790    -.0007983    .0006072
    1.choice |    .371171   .1777561     2.09   0.037     .0227754    .7195666
    1.female |   .0455642   .2046529     0.22   0.824    -.3555482    .4466765
   1.married |   .0935981   .2469335     0.38   0.705    -.3903826    .5775788
     1.black |   .0933923    .260261     0.36   0.720    -.4167099    .6034945
    1.finc25 |  -.5784299   .4954707    -1.17   0.243    -1.549535    .3926749
    1.finc35 |  -.1346721   .4861239    -0.28   0.782    -1.087457    .8181132
    1.finc50 |  -.2620401   .4754706    -0.55   0.582    -1.193945    .6698653
    1.finc75 |  -.5662312   .5155575    -1.10   0.272    -1.576705     .444243
   1.finc100 |  -.2278963   .5148156    -0.44   0.658    -1.236916    .7811237
   1.finc101 |  -.8641109   .5178841    -1.67   0.095    -1.879145    .1509233
   1.prftshr |   .4817182   .2437364     1.98   0.048     .0040037    .9594326
-------------+----------------------------------------------------------------
       /cut1 |  -3.087373   1.737134                     -6.492093    .3173472
       /cut2 |  -2.053553   1.728599                     -5.441544    1.334437
------------------------------------------------------------------------------

. 
. ** si tuvieramos datos de panel, agregariamos dummies temporales y vce(cluster id)
. ** de ahora en adelante, nos basamos en el modelo en base al probit ordenado.
. 
. * Probabilidades ajustadas por categoría: 
. tab pctstck

0=mstbnds,5 |
0=mixed,100 |
  =mststcks |      Freq.     Percent        Cum.
------------+-----------------------------------
          0 |         64       32.99       32.99
         50 |         72       37.11       70.10
        100 |         58       29.90      100.00
------------+-----------------------------------
      Total |        194      100.00

. * 0, 50 o 100.
. margins, predict(outcome(0))

Predictive margins                                         Number of obs = 194
Model VCE: Robust

Expression: Pr(pctstck==0), predict(outcome(0))

------------------------------------------------------------------------------
             |            Delta-method
             |     Margin   std. err.      z    P>|z|     [95% conf. interval]
-------------+----------------------------------------------------------------
       _cons |    .331408   .0326265    10.16   0.000     .2674611    .3953548
------------------------------------------------------------------------------

. margins, predict(outcome(50))

Predictive margins                                         Number of obs = 194
Model VCE: Robust

Expression: Pr(pctstck==50), predict(outcome(50))

------------------------------------------------------------------------------
             |            Delta-method
             |     Margin   std. err.      z    P>|z|     [95% conf. interval]
-------------+----------------------------------------------------------------
       _cons |   .3701685   .0344332    10.75   0.000     .3026806    .4376563
------------------------------------------------------------------------------

. margins, predict(outcome(100))

Predictive margins                                         Number of obs = 194
Model VCE: Robust

Expression: Pr(pctstck==100), predict(outcome(100))

------------------------------------------------------------------------------
             |            Delta-method
             |     Margin   std. err.      z    P>|z|     [95% conf. interval]
-------------+----------------------------------------------------------------
       _cons |   .2984236   .0319749     9.33   0.000     .2357539    .3610933
------------------------------------------------------------------------------

. 
. ********************************************************************************
. * INTERPRETACIÓN: PROBABILIDADES PREDICHAS POR CATEGORÍA (Ordered Probit)
. ********************************************************************************
. * En el oprobit, la variable dependiente pctstck toma 3 categorías observables:
. * pctstck e {0, 50, 100}. El modelo supone una variable latente continua y*:
. *
. *     y* = Xβ + u,     u ~ N(0,1)
. *
. * y las categorías se determinan por puntos de corte (cutpoints):
. *
. *     pctstck = 0    si   y* ≤ cut1
. *     pctstck = 50   si   cut1 < y* ≤ cut2
. *     pctstck = 100  si   y* > cut2
. *
. * Entonces, para un X dado, el modelo genera 3 probabilidades predichas:
. *
. *     Pr(pctstck==0 | X)
. *     Pr(pctstck==50 | X)
. *     Pr(pctstck==100 | X)
. *
. * Con:
. *     Pr(pctstck==0 | X)   = Φ(cut1 - Xβ)
. *     Pr(pctstck==50 | X)  = Φ(cut2 - Xβ) - Φ(cut1 - Xβ)
. *     Pr(pctstck==100 | X) = 1 - Φ(cut2 - Xβ)
. *
. * En Stata, cuando corrés:
. *     margins, predict(outcome(0))
. * Stata reporta el PROMEDIO MUESTRAL de Pr(pctstck==0 | Xi) sobre todos los i.
. *
. * Por ejemplo, tus resultados:
. *     Pr(pctstck==0)   = 0.3314
. *     Pr(pctstck==50)  = 0.3702
. *     Pr(pctstck==100) = 0.2984
. *
. * se interpretan así:
. * "En promedio (sobre la muestra), el modelo predice que un individuo tiene:
. *  33.1% de probabilidad de estar en pctstck=0,
. *  37.0% de probabilidad de estar en pctstck=50,
. *  29.8% de probabilidad de estar en pctstck=100,
. *  dados sus valores observados de X."
. *
. * Importante: estas 3 probabilidades siempre suman 1 (salvo redondeos),
. * porque son las probabilidades asignadas a TODAS las categorías posibles.
. ********************************************************************************
. 
. 
. 
. **# **#  APEs
. oprobit pctstck age educ wealth89 i.choice i.female i.married i.black i.finc25 i.finc35 i.finc50 i.finc75 i.finc100 i.finc101  i.prftshr, vce(robust)

Iteration 0:  Log pseudolikelihood = -212.37031  
Iteration 1:  Log pseudolikelihood =  -202.0094  
Iteration 2:  Log pseudolikelihood =  -201.9865  
Iteration 3:  Log pseudolikelihood =  -201.9865  

Ordered probit regression                               Number of obs =    194
                                                        Wald chi2(14) =  25.32
                                                        Prob > chi2   = 0.0315
Log pseudolikelihood = -201.9865                        Pseudo R2     = 0.0489

------------------------------------------------------------------------------
             |               Robust
     pctstck | Coefficient  std. err.      z    P>|z|     [95% conf. interval]
-------------+----------------------------------------------------------------
         age |  -.0500516    .024625    -2.03   0.042    -.0983156   -.0017876
        educ |   .0261382   .0349858     0.75   0.455    -.0424328    .0947091
    wealth89 |  -.0000956   .0003586    -0.27   0.790    -.0007983    .0006072
    1.choice |    .371171   .1777561     2.09   0.037     .0227754    .7195666
    1.female |   .0455642   .2046529     0.22   0.824    -.3555482    .4466765
   1.married |   .0935981   .2469335     0.38   0.705    -.3903826    .5775788
     1.black |   .0933923    .260261     0.36   0.720    -.4167099    .6034945
    1.finc25 |  -.5784299   .4954707    -1.17   0.243    -1.549535    .3926749
    1.finc35 |  -.1346721   .4861239    -0.28   0.782    -1.087457    .8181132
    1.finc50 |  -.2620401   .4754706    -0.55   0.582    -1.193945    .6698653
    1.finc75 |  -.5662312   .5155575    -1.10   0.272    -1.576705     .444243
   1.finc100 |  -.2278963   .5148156    -0.44   0.658    -1.236916    .7811237
   1.finc101 |  -.8641109   .5178841    -1.67   0.095    -1.879145    .1509233
   1.prftshr |   .4817182   .2437364     1.98   0.048     .0040037    .9594326
-------------+----------------------------------------------------------------
       /cut1 |  -3.087373   1.737134                     -6.492093    .3173472
       /cut2 |  -2.053553   1.728599                     -5.441544    1.334437
------------------------------------------------------------------------------

. margins, dydx(*) post

Average marginal effects                                   Number of obs = 194
Model VCE: Robust

dy/dx wrt: age educ wealth89 1.choice 1.female 1.married 1.black 1.finc25 1.finc35 1.finc50 1.finc75 1.finc100 1.finc101 1.prftshr

1._predict: Pr(pctstck==0), predict(pr outcome(0))
2._predict: Pr(pctstck==50), predict(pr outcome(50))
3._predict: Pr(pctstck==100), predict(pr outcome(100))

------------------------------------------------------------------------------
             |            Delta-method
             |      dy/dx   std. err.      z    P>|z|     [95% conf. interval]
-------------+----------------------------------------------------------------
age          |
    _predict |
          1  |    .016928   .0081433     2.08   0.038     .0009674    .0328886
          2  |  -.0007046    .001284    -0.55   0.583    -.0032213    .0018121
          3  |  -.0162234   .0077721    -2.09   0.037    -.0314565   -.0009903
-------------+----------------------------------------------------------------
educ         |
    _predict |
          1  |  -.0088402   .0117758    -0.75   0.453    -.0319204      .01424
          2  |    .000368   .0008207     0.45   0.654    -.0012405    .0019765
          3  |   .0084723   .0112643     0.75   0.452    -.0136054      .03055
-------------+----------------------------------------------------------------
wealth89     |
    _predict |
          1  |   .0000323   .0001213     0.27   0.790    -.0002055    .0002701
          2  |  -1.35e-06   5.60e-06    -0.24   0.810    -.0000123    9.63e-06
          3  |   -.000031   .0001162    -0.27   0.790    -.0002588    .0001969
-------------+----------------------------------------------------------------
0.choice     |  (base outcome)
-------------+----------------------------------------------------------------
1.choice     |
    _predict |
          1  |  -.1281393   .0620954    -2.06   0.039     -.249844   -.0064346
          2  |   .0103508   .0118729     0.87   0.383    -.0129197    .0336213
          3  |   .1177885   .0547428     2.15   0.031     .0104945    .2250825
-------------+----------------------------------------------------------------
0.female     |  (base outcome)
-------------+----------------------------------------------------------------
1.female     |
    _predict |
          1  |  -.0154467   .0695556    -0.22   0.824    -.1517733    .1208798
          2  |   .0007047   .0036292     0.19   0.846    -.0064084    .0078178
          3  |    .014742   .0661039     0.22   0.824    -.1148192    .1443032
-------------+----------------------------------------------------------------
0.married    |  (base outcome)
-------------+----------------------------------------------------------------
1.married    |
    _predict |
          1  |  -.0319527   .0852139    -0.37   0.708    -.1989688    .1350634
          2  |   .0020053     .00762     0.26   0.792    -.0129296    .0169402
          3  |   .0299474   .0779506     0.38   0.701    -.1228329    .1827277
-------------+----------------------------------------------------------------
0.black      |  (base outcome)
-------------+----------------------------------------------------------------
1.black      |
    _predict |
          1  |  -.0311026   .0853859    -0.36   0.716    -.1984558    .1362506
          2  |   .0002931   .0029652     0.10   0.921    -.0055187    .0061049
          3  |   .0308095   .0872773     0.35   0.724    -.1402509    .2018699
-------------+----------------------------------------------------------------
0.finc25     |  (base outcome)
-------------+----------------------------------------------------------------
1.finc25     |
    _predict |
          1  |   .2062472   .1780773     1.16   0.247    -.1427779    .5552723
          2  |  -.0362296   .0533947    -0.68   0.497    -.1408812    .0684221
          3  |  -.1700176   .1268918    -1.34   0.180    -.4187211    .0786858
-------------+----------------------------------------------------------------
0.finc35     |  (base outcome)
-------------+----------------------------------------------------------------
1.finc35     |
    _predict |
          1  |   .0461286    .168262     0.27   0.784    -.2836589    .3759162
          2  |  -.0035638   .0191479    -0.19   0.852    -.0410929    .0339653
          3  |  -.0425648   .1493985    -0.28   0.776    -.3353804    .2502509
-------------+----------------------------------------------------------------
0.finc50     |  (base outcome)
-------------+----------------------------------------------------------------
1.finc50     |
    _predict |
          1  |   .0898742   .1636481     0.55   0.583    -.2308703    .4106186
          2  |   -.008753   .0249661    -0.35   0.726    -.0576857    .0401796
          3  |  -.0811211   .1394901    -0.58   0.561    -.3545167    .1922744
-------------+----------------------------------------------------------------
0.finc75     |  (base outcome)
-------------+----------------------------------------------------------------
1.finc75     |
    _predict |
          1  |   .1996238   .1807355     1.10   0.269    -.1546112    .5538589
          2  |  -.0388985   .0601074    -0.65   0.518    -.1567069    .0789098
          3  |  -.1607253   .1223109    -1.31   0.189    -.4004502    .0789996
-------------+----------------------------------------------------------------
0.finc100    |  (base outcome)
-------------+----------------------------------------------------------------
1.finc100    |
    _predict |
          1  |   .0788563   .1807014     0.44   0.663    -.2753118    .4330245
          2  |  -.0085556   .0313076    -0.27   0.785    -.0699174    .0528063
          3  |  -.0703008   .1498956    -0.47   0.639    -.3640908    .2234893
-------------+----------------------------------------------------------------
0.finc101    |  (base outcome)
-------------+----------------------------------------------------------------
1.finc101    |
    _predict |
          1  |   .3124104   .1783316     1.75   0.080    -.0371131     .661934
          2  |  -.0955781   .0901966    -1.06   0.289    -.2723602     .081204
          3  |  -.2168324   .0912836    -2.38   0.018     -.395745   -.0379198
-------------+----------------------------------------------------------------
0.prftshr    |  (base outcome)
-------------+----------------------------------------------------------------
1.prftshr    |
    _predict |
          1  |  -.1521203   .0692062    -2.20   0.028     -.287762   -.0164786
          2  |  -.0136852   .0219406    -0.62   0.533     -.056688    .0293177
          3  |   .1658055   .0876657     1.89   0.059    -.0060161     .337627
------------------------------------------------------------------------------
Note: dy/dx for factor levels is the discrete change from the base level.

. estimates store ape_ord_probit_pctstck

. 
. 
. ********************************************************************************
. * INTERPRETACIÓN: APEs (Average Partial Effects) EN ORDERED PROBIT
. ********************************************************************************
. * Cuando corrés:
. *     margins, dydx(*) post
. * Stata calcula, para cada regresor, el efecto marginal sobre CADA probabilidad:
. *
. *     ∂Pr(pctstck==0)/∂x
. *     ∂Pr(pctstck==50)/∂x
. *     ∂Pr(pctstck==100)/∂x
. *
. * y después promedia esos efectos sobre todos los individuos de la muestra.
. *
. * Es decir, un APE es:
. *     APE_k(outcome=j) = (1/N) * Σ_i  [ efecto de x_k sobre Pr(y=j | Xi) ]
. *
. * En ordered probit, el efecto marginal NO es constante: depende de Xiβ,
. * por eso se calcula primero individuo por individuo y luego se promedia.
. *
. * Abajo van DOS interpretaciones didácticas:
. * (A) una para variable continua
. * (B) otra para variable discreta (dummy)
. ********************************************************************************
. 
. 
. ********************************************************************************
. * (A) EJEMPLO DE APE PARA VARIABLE CONTINUA: age
. ********************************************************************************
. * age es continua, así que el APE reportado por Stata es un DERIVADO:
. *     dPr(pctstck==j) / dage
. *
. * Tus APEs para age:
. *   outcome=0:    +0.016928
. *   outcome=50:   -0.0007046
. *   outcome=100:  -0.0162234
. *
. * Interpretación (en puntos porcentuales):
. * - Para pctstck==0:
. *   "Un aumento de 1 año en age incrementa en promedio la probabilidad
. *    predicha de estar en pctstck=0 en 0.0169 (≈ 1.69 p.p.),
. *    manteniendo constantes el resto de variables."
. *
. * - Para pctstck==50:
. *   "Un aumento de 1 año en age cambia en promedio la probabilidad de estar
. *    en pctstck=50 en -0.0007 (≈ -0.07 p.p.), un efecto casi nulo."
. *
. * - Para pctstck==100:
. *   "Un aumento de 1 año en age reduce en promedio la probabilidad predicha
. *    de pctstck=100 en 0.0162 (≈ 1.62 p.p.)."
. *
. * Nota clave (propiedad mecánica del ordered probit):
. * Como las 3 probabilidades deben sumar 1, los APEs entre outcomes tienden
. * a compensarse: si age aumenta la probabilidad de un outcome, típicamente
. * reduce la de otro(s). De hecho:
. *     0.016928 + (-0.000705) + (-0.016223) ≈ 0
. *
. * Esto no es una coincidencia: es una restricción de las probabilidades.
. ********************************************************************************
. 
. 
. ********************************************************************************
. * (B) EJEMPLO DE APE PARA VARIABLE DISCRETA (DUMMY): 1.choice
. ********************************************************************************
. * choice entra como factor i.choice, por lo cual 1.choice es un indicador
. * (dummy) respecto a la categoría base 0.choice (la que Stata omite).
. *
. * En este caso, margins NO calcula un "derivado" (porque la variable no es
. * continua). Calcula un CAMBIO DISCRETO:
. *
. *     ΔPr_j = Pr(pctstck==j | choice=1, X_otros) - Pr(pctstck==j | choice=0, X_otros)
. *
. * y luego promedia esa diferencia sobre la muestra.
. *
. * Tus APEs para 1.choice:
. *   outcome=0:    -0.1281393
. *   outcome=50:   +0.0103508
. *   outcome=100:  +0.1177885
. *
. * Interpretación clara:
. * - Para pctstck==0:
. *   "En promedio, cambiar de choice=0 (categoría base) a choice=1 reduce
. *    la probabilidad predicha de estar en pctstck=0 en 0.128 (≈ 12.8 p.p.),
. *    manteniendo constantes las demás covariables."
. *
. * - Para pctstck==50:
. *   "Ese mismo cambio incrementa la probabilidad predicha de pctstck=50
. *    en 0.010 (≈ 1.0 p.p.)."
. *
. * - Para pctstck==100:
. *   "Y aumenta la probabilidad predicha de pctstck=100 en 0.118 (≈ 11.8 p.p.)."
. *
. * Lectura económica directa:
. * "Estar en choice=1, versus la categoría base, reubica masa de probabilidad
. * desde el outcome más bajo (pctstck=0) hacia el outcome más alto (pctstck=100)."
. *
. * Recordatorio: Stata lo dice explícitamente al final:
. * "dy/dx for factor levels is the discrete change from the base level."
. ********************************************************************************
. 
. 
. 
. 
. 
. 
. 
. 
. 
. **# **#  PCP (forma 1)
. oprobit pctstck age educ wealth89 i.choice i.female i.married i.black i.finc25 i.finc35 i.finc50 i.finc75 i.finc100 i.finc101  i.prftshr, vce(robust)

Iteration 0:  Log pseudolikelihood = -212.37031  
Iteration 1:  Log pseudolikelihood =  -202.0094  
Iteration 2:  Log pseudolikelihood =  -201.9865  
Iteration 3:  Log pseudolikelihood =  -201.9865  

Ordered probit regression                               Number of obs =    194
                                                        Wald chi2(14) =  25.32
                                                        Prob > chi2   = 0.0315
Log pseudolikelihood = -201.9865                        Pseudo R2     = 0.0489

------------------------------------------------------------------------------
             |               Robust
     pctstck | Coefficient  std. err.      z    P>|z|     [95% conf. interval]
-------------+----------------------------------------------------------------
         age |  -.0500516    .024625    -2.03   0.042    -.0983156   -.0017876
        educ |   .0261382   .0349858     0.75   0.455    -.0424328    .0947091
    wealth89 |  -.0000956   .0003586    -0.27   0.790    -.0007983    .0006072
    1.choice |    .371171   .1777561     2.09   0.037     .0227754    .7195666
    1.female |   .0455642   .2046529     0.22   0.824    -.3555482    .4466765
   1.married |   .0935981   .2469335     0.38   0.705    -.3903826    .5775788
     1.black |   .0933923    .260261     0.36   0.720    -.4167099    .6034945
    1.finc25 |  -.5784299   .4954707    -1.17   0.243    -1.549535    .3926749
    1.finc35 |  -.1346721   .4861239    -0.28   0.782    -1.087457    .8181132
    1.finc50 |  -.2620401   .4754706    -0.55   0.582    -1.193945    .6698653
    1.finc75 |  -.5662312   .5155575    -1.10   0.272    -1.576705     .444243
   1.finc100 |  -.2278963   .5148156    -0.44   0.658    -1.236916    .7811237
   1.finc101 |  -.8641109   .5178841    -1.67   0.095    -1.879145    .1509233
   1.prftshr |   .4817182   .2437364     1.98   0.048     .0040037    .9594326
-------------+----------------------------------------------------------------
       /cut1 |  -3.087373   1.737134                     -6.492093    .3173472
       /cut2 |  -2.053553   1.728599                     -5.441544    1.334437
------------------------------------------------------------------------------

. predict phat1 phat2 phat3, pr

. gen psum = phat1+phat2+phat3

. summ psum

    Variable |        Obs        Mean    Std. dev.       Min        Max
-------------+---------------------------------------------------------
        psum |        194           1    7.37e-09   .9999999          1

. ** tener en cuenta que las categorias estan etiquetadas como: 0, 50 y 100
. egen pmax = rowmax(phat1 phat2 phat3)

. gen yhat = .
(194 missing values generated)

. replace yhat = 0 if phat1==pmax
(65 real changes made)

. replace yhat = 50 if phat2==pmax
(81 real changes made)

. replace yhat = 100 if phat3==pmax
(48 real changes made)

. gen correct = (yhat==pctstck)

. summ correct

    Variable |        Obs        Mean    Std. dev.       Min        Max
-------------+---------------------------------------------------------
     correct |        194     .443299    .4980599          0          1

. display "Porcentaje correctamente predicho = " 100*r(mean) "%"
Porcentaje correctamente predicho = 44.329897%

. 
. 
. **# **#  PCP (forma 2)
. drop phat1 phat2 phat3 psum pmax yhat correct

. * Predicción por máxima probabilidad:
. oprobit pctstck age educ wealth89 i.choice i.female i.married i.black i.finc25 i.finc35 i.finc50 i.finc75 i.finc100 i.finc101  i.prftshr, vce(robust)

Iteration 0:  Log pseudolikelihood = -212.37031  
Iteration 1:  Log pseudolikelihood =  -202.0094  
Iteration 2:  Log pseudolikelihood =  -201.9865  
Iteration 3:  Log pseudolikelihood =  -201.9865  

Ordered probit regression                               Number of obs =    194
                                                        Wald chi2(14) =  25.32
                                                        Prob > chi2   = 0.0315
Log pseudolikelihood = -201.9865                        Pseudo R2     = 0.0489

------------------------------------------------------------------------------
             |               Robust
     pctstck | Coefficient  std. err.      z    P>|z|     [95% conf. interval]
-------------+----------------------------------------------------------------
         age |  -.0500516    .024625    -2.03   0.042    -.0983156   -.0017876
        educ |   .0261382   .0349858     0.75   0.455    -.0424328    .0947091
    wealth89 |  -.0000956   .0003586    -0.27   0.790    -.0007983    .0006072
    1.choice |    .371171   .1777561     2.09   0.037     .0227754    .7195666
    1.female |   .0455642   .2046529     0.22   0.824    -.3555482    .4466765
   1.married |   .0935981   .2469335     0.38   0.705    -.3903826    .5775788
     1.black |   .0933923    .260261     0.36   0.720    -.4167099    .6034945
    1.finc25 |  -.5784299   .4954707    -1.17   0.243    -1.549535    .3926749
    1.finc35 |  -.1346721   .4861239    -0.28   0.782    -1.087457    .8181132
    1.finc50 |  -.2620401   .4754706    -0.55   0.582    -1.193945    .6698653
    1.finc75 |  -.5662312   .5155575    -1.10   0.272    -1.576705     .444243
   1.finc100 |  -.2278963   .5148156    -0.44   0.658    -1.236916    .7811237
   1.finc101 |  -.8641109   .5178841    -1.67   0.095    -1.879145    .1509233
   1.prftshr |   .4817182   .2437364     1.98   0.048     .0040037    .9594326
-------------+----------------------------------------------------------------
       /cut1 |  -3.087373   1.737134                     -6.492093    .3173472
       /cut2 |  -2.053553   1.728599                     -5.441544    1.334437
------------------------------------------------------------------------------

. predict phat1 phat2 phat3, pr

. gen psum = phat1+phat2+phat3

. summ psum

    Variable |        Obs        Mean    Std. dev.       Min        Max
-------------+---------------------------------------------------------
        psum |        194           1    7.37e-09   .9999999          1

. ** tener en cuenta que las categorias estan etiquetadas como: 0, 50 y 100
. * Categoría predicha = argmax
. gen yhat = 0

. replace yhat = 50 if phat2>phat1 & phat2>=phat3 
(81 real changes made)

. replace yhat = 100 if phat3>phat1 & phat3>phat2 
(48 real changes made)

. gen correct = (pctstck==yhat) if !missing(pctstck)

. summ correct

    Variable |        Obs        Mean    Std. dev.       Min        Max
-------------+---------------------------------------------------------
     correct |        194     .443299    .4980599          0          1

. display "Porcentaje correctamente predicho = " 100*r(mean) "%"
Porcentaje correctamente predicho = 44.329897%

. 
. 
. ** da 44.33%.
. ** Interpretación: el clasificador "argmax" acierta menos de la mitad de las veces. (Un rendimiento malo si tengo en cuenta que al azar seria 1/3=0.3333, un 33,33%
> . Mejora por poco margen el azar. )
. **  Ojo con algo importante: este 44.33% es in-sample (en la misma muestra con la que estimaste). No es out-of-sample. 
. ** Si tuvieramos en un enfoque de prediccion de Machine Learning, es posible que el resultado de acierto de PCP sea bastante peor fuera de la muestra. Por eso para
>  multiples categorias, en ML se usan otras tecnicas.
. 
. * Matriz de clasificación (real vs predicho)
. tab pctstck yhat, row

+----------------+
| Key            |
|----------------|
|   frequency    |
| row percentage |
+----------------+

0=mstbnds, |
50=mixed,1 |
00=mststck |               yhat
         s |         0         50        100 |     Total
-----------+---------------------------------+----------
         0 |        33         25          6 |        64 
           |     51.56      39.06       9.38 |    100.00 
-----------+---------------------------------+----------
        50 |        21         31         20 |        72 
           |     29.17      43.06      27.78 |    100.00 
-----------+---------------------------------+----------
       100 |        11         25         22 |        58 
           |     18.97      43.10      37.93 |    100.00 
-----------+---------------------------------+----------
     Total |        65         81         48 |       194 
           |     33.51      41.75      24.74 |    100.00 

. 
. 
. *******************************************************************************
. 
. ** si redefino pctstck, no cambiara nada:
. 
. gen invest = .
(194 missing values generated)

. replace invest = 1 if pctstck == 0
(64 real changes made)

. replace invest = 2 if pctstck == 50
(72 real changes made)

. replace invest = 3 if pctstck == 100
(58 real changes made)

. 
. oprobit invest age educ wealth89 i.choice i.female i.married i.black i.finc25 i.finc35 i.finc50 i.finc75 i.finc100 i.finc101  i.prftshr, vce(robust)

Iteration 0:  Log pseudolikelihood = -212.37031  
Iteration 1:  Log pseudolikelihood =  -202.0094  
Iteration 2:  Log pseudolikelihood =  -201.9865  
Iteration 3:  Log pseudolikelihood =  -201.9865  

Ordered probit regression                               Number of obs =    194
                                                        Wald chi2(14) =  25.32
                                                        Prob > chi2   = 0.0315
Log pseudolikelihood = -201.9865                        Pseudo R2     = 0.0489

------------------------------------------------------------------------------
             |               Robust
      invest | Coefficient  std. err.      z    P>|z|     [95% conf. interval]
-------------+----------------------------------------------------------------
         age |  -.0500516    .024625    -2.03   0.042    -.0983156   -.0017876
        educ |   .0261382   .0349858     0.75   0.455    -.0424328    .0947091
    wealth89 |  -.0000956   .0003586    -0.27   0.790    -.0007983    .0006072
    1.choice |    .371171   .1777561     2.09   0.037     .0227754    .7195666
    1.female |   .0455642   .2046529     0.22   0.824    -.3555482    .4466765
   1.married |   .0935981   .2469335     0.38   0.705    -.3903826    .5775788
     1.black |   .0933923    .260261     0.36   0.720    -.4167099    .6034945
    1.finc25 |  -.5784299   .4954707    -1.17   0.243    -1.549535    .3926749
    1.finc35 |  -.1346721   .4861239    -0.28   0.782    -1.087457    .8181132
    1.finc50 |  -.2620401   .4754706    -0.55   0.582    -1.193945    .6698653
    1.finc75 |  -.5662312   .5155575    -1.10   0.272    -1.576705     .444243
   1.finc100 |  -.2278963   .5148156    -0.44   0.658    -1.236916    .7811237
   1.finc101 |  -.8641109   .5178841    -1.67   0.095    -1.879145    .1509233
   1.prftshr |   .4817182   .2437364     1.98   0.048     .0040037    .9594326
-------------+----------------------------------------------------------------
       /cut1 |  -3.087373   1.737134                     -6.492093    .3173472
       /cut2 |  -2.053553   1.728599                     -5.441544    1.334437
------------------------------------------------------------------------------

. margins, dydx(*) post

Average marginal effects                                   Number of obs = 194
Model VCE: Robust

dy/dx wrt: age educ wealth89 1.choice 1.female 1.married 1.black 1.finc25 1.finc35 1.finc50 1.finc75 1.finc100 1.finc101 1.prftshr

1._predict: Pr(invest==1), predict(pr outcome(1))
2._predict: Pr(invest==2), predict(pr outcome(2))
3._predict: Pr(invest==3), predict(pr outcome(3))

------------------------------------------------------------------------------
             |            Delta-method
             |      dy/dx   std. err.      z    P>|z|     [95% conf. interval]
-------------+----------------------------------------------------------------
age          |
    _predict |
          1  |    .016928   .0081433     2.08   0.038     .0009674    .0328886
          2  |  -.0007046    .001284    -0.55   0.583    -.0032213    .0018121
          3  |  -.0162234   .0077721    -2.09   0.037    -.0314565   -.0009903
-------------+----------------------------------------------------------------
educ         |
    _predict |
          1  |  -.0088402   .0117758    -0.75   0.453    -.0319204      .01424
          2  |    .000368   .0008207     0.45   0.654    -.0012405    .0019765
          3  |   .0084723   .0112643     0.75   0.452    -.0136054      .03055
-------------+----------------------------------------------------------------
wealth89     |
    _predict |
          1  |   .0000323   .0001213     0.27   0.790    -.0002055    .0002701
          2  |  -1.35e-06   5.60e-06    -0.24   0.810    -.0000123    9.63e-06
          3  |   -.000031   .0001162    -0.27   0.790    -.0002588    .0001969
-------------+----------------------------------------------------------------
0.choice     |  (base outcome)
-------------+----------------------------------------------------------------
1.choice     |
    _predict |
          1  |  -.1281393   .0620954    -2.06   0.039     -.249844   -.0064346
          2  |   .0103508   .0118729     0.87   0.383    -.0129197    .0336213
          3  |   .1177885   .0547428     2.15   0.031     .0104945    .2250825
-------------+----------------------------------------------------------------
0.female     |  (base outcome)
-------------+----------------------------------------------------------------
1.female     |
    _predict |
          1  |  -.0154467   .0695556    -0.22   0.824    -.1517733    .1208798
          2  |   .0007047   .0036292     0.19   0.846    -.0064084    .0078178
          3  |    .014742   .0661039     0.22   0.824    -.1148192    .1443032
-------------+----------------------------------------------------------------
0.married    |  (base outcome)
-------------+----------------------------------------------------------------
1.married    |
    _predict |
          1  |  -.0319527   .0852139    -0.37   0.708    -.1989688    .1350634
          2  |   .0020053     .00762     0.26   0.792    -.0129296    .0169402
          3  |   .0299474   .0779506     0.38   0.701    -.1228329    .1827277
-------------+----------------------------------------------------------------
0.black      |  (base outcome)
-------------+----------------------------------------------------------------
1.black      |
    _predict |
          1  |  -.0311026   .0853859    -0.36   0.716    -.1984558    .1362506
          2  |   .0002931   .0029652     0.10   0.921    -.0055187    .0061049
          3  |   .0308095   .0872773     0.35   0.724    -.1402509    .2018699
-------------+----------------------------------------------------------------
0.finc25     |  (base outcome)
-------------+----------------------------------------------------------------
1.finc25     |
    _predict |
          1  |   .2062472   .1780773     1.16   0.247    -.1427779    .5552723
          2  |  -.0362296   .0533947    -0.68   0.497    -.1408812    .0684221
          3  |  -.1700176   .1268918    -1.34   0.180    -.4187211    .0786858
-------------+----------------------------------------------------------------
0.finc35     |  (base outcome)
-------------+----------------------------------------------------------------
1.finc35     |
    _predict |
          1  |   .0461286    .168262     0.27   0.784    -.2836589    .3759162
          2  |  -.0035638   .0191479    -0.19   0.852    -.0410929    .0339653
          3  |  -.0425648   .1493985    -0.28   0.776    -.3353804    .2502509
-------------+----------------------------------------------------------------
0.finc50     |  (base outcome)
-------------+----------------------------------------------------------------
1.finc50     |
    _predict |
          1  |   .0898742   .1636481     0.55   0.583    -.2308703    .4106186
          2  |   -.008753   .0249661    -0.35   0.726    -.0576857    .0401796
          3  |  -.0811211   .1394901    -0.58   0.561    -.3545167    .1922744
-------------+----------------------------------------------------------------
0.finc75     |  (base outcome)
-------------+----------------------------------------------------------------
1.finc75     |
    _predict |
          1  |   .1996238   .1807355     1.10   0.269    -.1546112    .5538589
          2  |  -.0388985   .0601074    -0.65   0.518    -.1567069    .0789098
          3  |  -.1607253   .1223109    -1.31   0.189    -.4004502    .0789996
-------------+----------------------------------------------------------------
0.finc100    |  (base outcome)
-------------+----------------------------------------------------------------
1.finc100    |
    _predict |
          1  |   .0788563   .1807014     0.44   0.663    -.2753118    .4330245
          2  |  -.0085556   .0313076    -0.27   0.785    -.0699174    .0528063
          3  |  -.0703008   .1498956    -0.47   0.639    -.3640908    .2234893
-------------+----------------------------------------------------------------
0.finc101    |  (base outcome)
-------------+----------------------------------------------------------------
1.finc101    |
    _predict |
          1  |   .3124104   .1783316     1.75   0.080    -.0371131     .661934
          2  |  -.0955781   .0901966    -1.06   0.289    -.2723602     .081204
          3  |  -.2168324   .0912836    -2.38   0.018     -.395745   -.0379198
-------------+----------------------------------------------------------------
0.prftshr    |  (base outcome)
-------------+----------------------------------------------------------------
1.prftshr    |
    _predict |
          1  |  -.1521203   .0692062    -2.20   0.028     -.287762   -.0164786
          2  |  -.0136852   .0219406    -0.62   0.533     -.056688    .0293177
          3  |   .1658055   .0876657     1.89   0.059    -.0060161     .337627
------------------------------------------------------------------------------
Note: dy/dx for factor levels is the discrete change from the base level.

. estimates store ape_ord_probit_invest

. 
. 
. estimates dir

-----------------------------------------------------------------------
             |           Dependent  Number of        
        Name | Command    variable     param.  Title 
-------------+---------------------------------------------------------
ape_ord_pr~k | margins   no depvar         75  Average marginal effects
ape_ord_pr~t | margins   no depvar         75  Average marginal effects
-----------------------------------------------------------------------

. 
. esttab ape_ord_probit_pctstck ape_ord_probit_invest, ///
>     b se nolabel ///
>     b(%9.4f) se(%9.4f) ///
>     star(* 0.10 ** 0.05 *** 0.01) ///
>     mtitles("Ord-probit" "Ord-probit" ///
>     stats(N, fmt(%9.0g) labels("N"))) ///
>     compress nogaps

------------------------------------
                 (1)          (2)   
           Ord-pro~t    Ord-pro~t   
------------------------------------
age                                 
1._predict    0.0169**     0.0169** 
            (0.0081)     (0.0081)   
2._predict   -0.0007      -0.0007   
            (0.0013)     (0.0013)   
3._predict   -0.0162**    -0.0162** 
            (0.0078)     (0.0078)   
------------------------------------
educ                                
1._predict   -0.0088      -0.0088   
            (0.0118)     (0.0118)   
2._predict    0.0004       0.0004   
            (0.0008)     (0.0008)   
3._predict    0.0085       0.0085   
            (0.0113)     (0.0113)   
------------------------------------
wealth89                            
1._predict    0.0000       0.0000   
            (0.0001)     (0.0001)   
2._predict   -0.0000      -0.0000   
            (0.0000)     (0.0000)   
3._predict   -0.0000      -0.0000   
            (0.0001)     (0.0001)   
------------------------------------
0b.choice                           
1._predict    0.0000       0.0000   
                 (.)          (.)   
2._predict    0.0000       0.0000   
                 (.)          (.)   
3._predict    0.0000       0.0000   
                 (.)          (.)   
------------------------------------
1.choice                            
1._predict   -0.1281**    -0.1281** 
            (0.0621)     (0.0621)   
2._predict    0.0104       0.0104   
            (0.0119)     (0.0119)   
3._predict    0.1178**     0.1178** 
            (0.0547)     (0.0547)   
------------------------------------
0b.female                           
1._predict    0.0000       0.0000   
                 (.)          (.)   
2._predict    0.0000       0.0000   
                 (.)          (.)   
3._predict    0.0000       0.0000   
                 (.)          (.)   
------------------------------------
1.female                            
1._predict   -0.0154      -0.0154   
            (0.0696)     (0.0696)   
2._predict    0.0007       0.0007   
            (0.0036)     (0.0036)   
3._predict    0.0147       0.0147   
            (0.0661)     (0.0661)   
------------------------------------
0b.married                          
1._predict    0.0000       0.0000   
                 (.)          (.)   
2._predict    0.0000       0.0000   
                 (.)          (.)   
3._predict    0.0000       0.0000   
                 (.)          (.)   
------------------------------------
1.married                           
1._predict   -0.0320      -0.0320   
            (0.0852)     (0.0852)   
2._predict    0.0020       0.0020   
            (0.0076)     (0.0076)   
3._predict    0.0299       0.0299   
            (0.0780)     (0.0780)   
------------------------------------
0b.black                            
1._predict    0.0000       0.0000   
                 (.)          (.)   
2._predict    0.0000       0.0000   
                 (.)          (.)   
3._predict    0.0000       0.0000   
                 (.)          (.)   
------------------------------------
1.black                             
1._predict   -0.0311      -0.0311   
            (0.0854)     (0.0854)   
2._predict    0.0003       0.0003   
            (0.0030)     (0.0030)   
3._predict    0.0308       0.0308   
            (0.0873)     (0.0873)   
------------------------------------
0b.finc25                           
1._predict    0.0000       0.0000   
                 (.)          (.)   
2._predict    0.0000       0.0000   
                 (.)          (.)   
3._predict    0.0000       0.0000   
                 (.)          (.)   
------------------------------------
1.finc25                            
1._predict    0.2062       0.2062   
            (0.1781)     (0.1781)   
2._predict   -0.0362      -0.0362   
            (0.0534)     (0.0534)   
3._predict   -0.1700      -0.1700   
            (0.1269)     (0.1269)   
------------------------------------
0b.finc35                           
1._predict    0.0000       0.0000   
                 (.)          (.)   
2._predict    0.0000       0.0000   
                 (.)          (.)   
3._predict    0.0000       0.0000   
                 (.)          (.)   
------------------------------------
1.finc35                            
1._predict    0.0461       0.0461   
            (0.1683)     (0.1683)   
2._predict   -0.0036      -0.0036   
            (0.0191)     (0.0191)   
3._predict   -0.0426      -0.0426   
            (0.1494)     (0.1494)   
------------------------------------
0b.finc50                           
1._predict    0.0000       0.0000   
                 (.)          (.)   
2._predict    0.0000       0.0000   
                 (.)          (.)   
3._predict    0.0000       0.0000   
                 (.)          (.)   
------------------------------------
1.finc50                            
1._predict    0.0899       0.0899   
            (0.1636)     (0.1636)   
2._predict   -0.0088      -0.0088   
            (0.0250)     (0.0250)   
3._predict   -0.0811      -0.0811   
            (0.1395)     (0.1395)   
------------------------------------
0b.finc75                           
1._predict    0.0000       0.0000   
                 (.)          (.)   
2._predict    0.0000       0.0000   
                 (.)          (.)   
3._predict    0.0000       0.0000   
                 (.)          (.)   
------------------------------------
1.finc75                            
1._predict    0.1996       0.1996   
            (0.1807)     (0.1807)   
2._predict   -0.0389      -0.0389   
            (0.0601)     (0.0601)   
3._predict   -0.1607      -0.1607   
            (0.1223)     (0.1223)   
------------------------------------
0b.finc100                          
1._predict    0.0000       0.0000   
                 (.)          (.)   
2._predict    0.0000       0.0000   
                 (.)          (.)   
3._predict    0.0000       0.0000   
                 (.)          (.)   
------------------------------------
1.finc100                           
1._predict    0.0789       0.0789   
            (0.1807)     (0.1807)   
2._predict   -0.0086      -0.0086   
            (0.0313)     (0.0313)   
3._predict   -0.0703      -0.0703   
            (0.1499)     (0.1499)   
------------------------------------
0b.finc101                          
1._predict    0.0000       0.0000   
                 (.)          (.)   
2._predict    0.0000       0.0000   
                 (.)          (.)   
3._predict    0.0000       0.0000   
                 (.)          (.)   
------------------------------------
1.finc101                           
1._predict    0.3124*      0.3124*  
            (0.1783)     (0.1783)   
2._predict   -0.0956      -0.0956   
            (0.0902)     (0.0902)   
3._predict   -0.2168**    -0.2168** 
            (0.0913)     (0.0913)   
------------------------------------
0b.prftshr                          
1._predict    0.0000       0.0000   
                 (.)          (.)   
2._predict    0.0000       0.0000   
                 (.)          (.)   
3._predict    0.0000       0.0000   
                 (.)          (.)   
------------------------------------
1.prftshr                           
1._predict   -0.1521**    -0.1521** 
            (0.0692)     (0.0692)   
2._predict   -0.0137      -0.0137   
            (0.0219)     (0.0219)   
3._predict    0.1658*      0.1658*  
            (0.0877)     (0.0877)   
------------------------------------
N                194          194   
------------------------------------
Standard errors in parentheses
* p<0.10, ** p<0.05, *** p<0.01

. 
. ** efectivamente, no hay ningun cambio. 
. 
. 
. *******************************************************************************
. 
. 
. 
. **# Probit Ordenado - CRE
. 
. ** No tengo una base de datos de panel, pero aca se deja el codigo como si fuera el caso para esta base:
. ** debemos incorporar medias historicas para variables que varien en i y en t.
. 
. /*
> 
> *==============================================================*
> *  Panel CRE (Mundlak): promedios temporales + pooled oprobit
> *==============================================================*
> 
> * Suponga panel: id individuo, t tiempo.
> * Crear promedios temporales (Mundlak) de regresores que varían en el tiempo:
> bysort id: egen age_bar = mean(age)
> bysort id: egen educ_bar = mean(educ)
> bysort id: egen wealth89_bar = mean(wealth89)
> 
> * Probit ordenado - CRE
> oprobit pctstck age educ wealth89 i.choice i.female i.married i.black i.finc25 i.finc35 i.finc50 i.finc75 i.finc100 i.finc101 i.prftshr age_bar educ_bar wealth89_b
> ar i.year, vce(cluster id)
> **# **#  APEs:
> margins, dydx(*) post
> estimates store ape_ord_probit_pctstck_cre
> 
> 
> * test heterogeneidad tipo mundlak
> oprobit pctstck age educ wealth89 i.choice i.female i.married i.black i.finc25 i.finc35 i.finc50 i.finc75 i.finc100 i.finc101 i.prftshr age_bar educ_bar wealth89_b
> ar i.year, vce(cluster id)
> test age_bar educ_bar wealth89_bar
> 
> 
> **# **#  PCP (forma 2)
> *drop phat1 phat2 phat3 psum pmax yhat correct
> * Predicción por máxima probabilidad:
> oprobit pctstck age educ wealth89 i.choice i.female i.married i.black i.finc25 i.finc35 i.finc50 i.finc75 i.finc100 i.finc101 i.prftshr age_bar educ_bar wealth89_b
> ar i.year, vce(cluster id)
> predict phat1 phat2 phat3, pr
> gen psum = phat1+phat2+phat3
> summ psum
> ** tener en cuenta que las categorias estan etiquetadas como: 0, 50 y 100
> * Categoría predicha = argmax
> gen yhat = 0
> replace yhat = 50 if phat2>phat1 & phat2>=phat3 
> replace yhat = 100 if phat3>phat1 & phat3>phat2 
> gen correct = (pctstck==yhat) if !missing(pctstck)
> summ correct
> display "Porcentaje correctamente predicho = " 100*r(mean) "%"
> 
> * Matriz de clasificación (real vs predicho)
> tab pctstck yhat, row
> 
> 
> */
. 
end of do-file

. log close
      name:  <unnamed>
       log:  C:\Users\Equipo\Downloads\19_taller.log
  log type:  text
 closed on:  26 Mar 2026, 05:29:16
---------------------------------------------------------------------------------------------------------------------------------------------------------------------
