---------------------------------------------------------------------------------------------------------------------------------------------------------------------
      name:  <unnamed>
       log:  C:\Users\Equipo\Downloads\16_taller.log
  log type:  text
 opened on:  26 Mar 2026, 05:09:16

. do "C:\Users\Equipo\OneDrive\Desktop\proyecto\4Medio ambiente- innovacion\3. Estrategia empirica\3. Modelos\talleres por tema - teoria econometrica\16taller_Multin
> omial.do"

. *** Capitulo 16 ***
. 
. clear all

. bcuse keane, clear 

Contains data from http://fmwww.bc.edu/ec-p/data/wooldridge/keane.dta
 Observations:        12,723                  
    Variables:            25                  6 Sep 1999 22:41
---------------------------------------------------------------------------------------------------------------------------------------------------------------------
Variable      Storage   Display    Value
    name         type    format    label      Variable label
---------------------------------------------------------------------------------------------------------------------------------------------------------------------
id              int     %9.0g                 identifier
numyrs          byte    %9.0g                 number of years in sample
year            byte    %9.0g                 81 to 87
choice          byte    %9.0g                 sch=1,home=2,wc=3,bc=4,serv=5
wage            float   %9.0g                 annual wage, 1987 $
educ            byte    %9.0g                 years of schooling
expwc           byte    %9.0g                 experience in white collar
expbc           byte    %9.0g                 experience in blue collar
expser          byte    %9.0g                 experience in services
manuf           byte    %9.0g                 =1 if in manufacturing
black           byte    %9.0g                 =1 if black
lwage           float   %9.0g                 log(wage)
y81             byte    %9.0g                 =1 if year == 81
y82             byte    %9.0g                 
y83             byte    %9.0g                 
y84             byte    %9.0g                 
y85             byte    %9.0g                 
y86             byte    %9.0g                 
y87             byte    %9.0g                 
enroll          byte    %9.0g                 =1 if choice == 1
employ          byte    %9.0g                 =1 if choice == 3, 4, or 5
attrit          byte    %9.0g                 =1 if attrit in next year
exper           byte    %9.0g                 expwc + expbc + expser
expersq         byte    %9.0g                 exper^2
status          byte    %9.0g                 sch=1,home=2,work=3
---------------------------------------------------------------------------------------------------------------------------------------------------------------------
Sorted by: id  year

. describe

Contains data from http://fmwww.bc.edu/ec-p/data/wooldridge/keane.dta
 Observations:        12,723                  
    Variables:            25                  6 Sep 1999 22:41
---------------------------------------------------------------------------------------------------------------------------------------------------------------------
Variable      Storage   Display    Value
    name         type    format    label      Variable label
---------------------------------------------------------------------------------------------------------------------------------------------------------------------
id              int     %9.0g                 identifier
numyrs          byte    %9.0g                 number of years in sample
year            byte    %9.0g                 81 to 87
choice          byte    %9.0g                 sch=1,home=2,wc=3,bc=4,serv=5
wage            float   %9.0g                 annual wage, 1987 $
educ            byte    %9.0g                 years of schooling
expwc           byte    %9.0g                 experience in white collar
expbc           byte    %9.0g                 experience in blue collar
expser          byte    %9.0g                 experience in services
manuf           byte    %9.0g                 =1 if in manufacturing
black           byte    %9.0g                 =1 if black
lwage           float   %9.0g                 log(wage)
y81             byte    %9.0g                 =1 if year == 81
y82             byte    %9.0g                 
y83             byte    %9.0g                 
y84             byte    %9.0g                 
y85             byte    %9.0g                 
y86             byte    %9.0g                 
y87             byte    %9.0g                 
enroll          byte    %9.0g                 =1 if choice == 1
employ          byte    %9.0g                 =1 if choice == 3, 4, or 5
attrit          byte    %9.0g                 =1 if attrit in next year
exper           byte    %9.0g                 expwc + expbc + expser
expersq         byte    %9.0g                 exper^2
status          byte    %9.0g                 sch=1,home=2,work=3
---------------------------------------------------------------------------------------------------------------------------------------------------------------------
Sorted by: id  year

. 
. * Declarar la estructura de panel y ordenar observaciones
. xtset id year

Panel variable: id (unbalanced)
 Time variable: year, 81 to 87
         Delta: 1 unit

. sort id year

. 
. **# MNL: choice
. 
. *=======================================================================*
. * 1) Logit multinomial (MNL) con variables específicas del individuo
. *=======================================================================*
. 
. /* MNL: es un modelo LOGIT multinomial. Por lo tanto, la distribucion de los errores provienen de la distribucion logistica estandar.
>                 ver detalles en el libro/manuscrito en espaniol elaborado por mi.
>                 en este modelo, las covariables son identicas para cada alternativa (eleccion), pero se permite que los coeficientes sean distintos en cada alterna
> tiva.
> */
. 
. 
. * Inspeccionar la variable dependiente y verificar que sea categorica NO ordenada
. tabulate choice

sch=1,home= |
2,wc=3,bc=4 |
    ,serv=5 |      Freq.     Percent        Cum.
------------+-----------------------------------
          1 |      2,473       19.53       19.53
          2 |      3,233       25.53       45.05
          3 |      2,091       16.51       61.56
          4 |      3,908       30.86       92.42
          5 |        960        7.58      100.00
------------+-----------------------------------
      Total |     12,665      100.00

. 
. ** sch=1, 
. ** home=2,
. ** wc=3, 
. ** bc=4,        
. ** serv=5
. 
. ** Como vemos, las 5 opciones son: escuela, casa, white collar , blue collar , services 
. 
. mdesc lwage wage educ exper expersq manuf black y81 y82 y83     y84     y85     y86     y87 choice status

    Variable    |     Missing          Total     Percent Missing
----------------+-----------------------------------------------
          lwage |       6,690         12,723          52.58
           wage |       6,690         12,723          52.58
           educ |           0         12,723           0.00
          exper |           0         12,723           0.00
        expersq |           0         12,723           0.00
          manuf |         107         12,723           0.84
          black |           0         12,723           0.00
            y81 |           0         12,723           0.00
            y82 |           0         12,723           0.00
            y83 |           0         12,723           0.00
            y84 |           0         12,723           0.00
            y85 |           0         12,723           0.00
            y86 |           0         12,723           0.00
            y87 |           0         12,723           0.00
         choice |          58         12,723           0.46
         status |          58         12,723           0.46
----------------+-----------------------------------------------

. 
. misstable summarize wage lwage educ exper expersq manuf black y81 y82 y83 y84 y85 y86 y87 choice status
                                                               Obs<.
                                                +------------------------------
               |                                | Unique
      Variable |     Obs=.     Obs>.     Obs<.  | values        Min         Max
  -------------+--------------------------------+------------------------------
          wage |     6,690               6,033  |   >500     416.44      362800
         lwage |     6,690               6,033  |   >500   6.031743    12.80161
         manuf |       107              12,616  |      2          0           1
        choice |        58              12,665  |      5          1           5
        status |        58              12,665  |      3          1           3
  -----------------------------------------------------------------------------

. 
. ** observar que no se puede usar wage (o lwage) como covariable puesto que el salario solo esta presente para la alternativa work
. ** dicho de otra manera, no hay salario en las alternativas "scholar" o "home". Por lo que si pones wage, se pierden todas las observaciones de las categorias scho
> lar, home, etc
. ** y directamente se cae la posibilidad de estimar por un modelo de multiples opciones.
. 
. 
. *======== 
. * choice
. *========
. 
. ** probamos para "choice" como dependiente, dejando la categoria escuela como referencia:
. mlogit choice educ exper expersq i.black y82-y87, baseoutcome(1) vce(cluster id)

Iteration 0:  Log pseudolikelihood = -19291.742  
Iteration 1:  Log pseudolikelihood = -15421.595  
Iteration 2:  Log pseudolikelihood = -15166.762  
Iteration 3:  Log pseudolikelihood = -15153.781  
Iteration 4:  Log pseudolikelihood =   -15153.7  
Iteration 5:  Log pseudolikelihood =   -15153.7  

Multinomial logistic regression                        Number of obs =  12,665
                                                       Wald chi2(40) = 3331.50
                                                       Prob > chi2   =  0.0000
Log pseudolikelihood = -15153.7                        Pseudo R2     =  0.2145

                                 (Std. err. adjusted for 1,881 clusters in id)
------------------------------------------------------------------------------
             |               Robust
      choice | Coefficient  std. err.      z    P>|z|     [95% conf. interval]
-------------+----------------------------------------------------------------
1            |  (base outcome)
-------------+----------------------------------------------------------------
2            |
        educ |  -.5840438   .0213478   -27.36   0.000    -.6258847   -.5422029
       exper |   .7546671   .0755868     9.98   0.000     .6065196    .9028145
     expersq |  -.1126415   .0104364   -10.79   0.000    -.1330965   -.0921865
     1.black |   .8667612   .0833521    10.40   0.000     .7033941    1.030128
         y82 |   1.028446   .0747382    13.76   0.000     .8819623    1.174931
         y83 |   1.384536   .0876451    15.80   0.000     1.212754    1.556317
         y84 |   1.630625    .103685    15.73   0.000     1.427406    1.833843
         y85 |   2.097572   .1261509    16.63   0.000      1.85032    2.344823
         y86 |   2.590951   .1490559    17.38   0.000     2.298807    2.883096
         y87 |   2.625103   .1645411    15.95   0.000     2.302609    2.947598
       _cons |   5.595641   .2633702    21.25   0.000     5.079445    6.111837
-------------+----------------------------------------------------------------
3            |
        educ |   .1118599   .0289866     3.86   0.000     .0550472    .1686727
       exper |   1.913414   .0808008    23.68   0.000     1.755048    2.071781
     expersq |  -.1995068   .0112699   -17.70   0.000    -.2215955   -.1774182
     1.black |   .1217023    .100681     1.21   0.227    -.0756288    .3190333
         y82 |   .3816575   .1156031     3.30   0.001     .1550796    .6082354
         y83 |   1.046858    .132213     7.92   0.000     .7877254    1.305991
         y84 |   1.150613   .1451566     7.93   0.000      .866111    1.435114
         y85 |   1.332095   .1672487     7.96   0.000     1.004294    1.659896
         y86 |   1.723638    .190335     9.06   0.000     1.350588    2.096688
         y87 |   1.601305   .2065065     7.75   0.000      1.19656    2.006051
       _cons |  -3.910415   .3767156   -10.38   0.000    -4.648764   -3.172066
-------------+----------------------------------------------------------------
4            |
        educ |  -.4512345   .0219659   -20.54   0.000    -.4942869   -.4081822
       exper |    1.86717   .0734587    25.42   0.000     1.723194    2.011147
     expersq |  -.1971101   .0101384   -19.44   0.000     -.216981   -.1772391
     1.black |   .2722086    .090387     3.01   0.003     .0950534    .4493638
         y82 |   .6085359   .0876188     6.95   0.000     .4368062    .7802656
         y83 |   1.191338    .099432    11.98   0.000     .9964553    1.386221
         y84 |   1.473347   .1132389    13.01   0.000     1.251403    1.695291
         y85 |    1.66776   .1347612    12.38   0.000     1.403633    1.931887
         y86 |   1.820472   .1628313    11.18   0.000     1.501328    2.139615
         y87 |   1.738085    .177456     9.79   0.000     1.390278    2.085892
       _cons |   3.567253   .2670746    13.36   0.000     3.043796    4.090709
-------------+----------------------------------------------------------------
5            |
        educ |  -.3769239   .0303335   -12.43   0.000    -.4363765   -.3174713
       exper |   1.631442   .0897596    18.18   0.000     1.455516    1.807368
     expersq |  -.1795784   .0128446   -13.98   0.000    -.2047534   -.1544033
     1.black |   .9716633   .1222185     7.95   0.000     .7321194    1.211207
         y82 |   .7876982   .1303415     6.04   0.000     .5322336    1.043163
         y83 |   1.246671   .1438392     8.67   0.000     .9647517    1.528591
         y84 |   1.398041   .1611126     8.68   0.000     1.082266    1.713816
         y85 |   1.714275   .1795221     9.55   0.000     1.362418    2.066132
         y86 |   1.852286   .2108212     8.79   0.000     1.439084    2.265488
         y87 |   1.817914   .2300181     7.90   0.000     1.367086    2.268741
       _cons |   1.361061   .3709938     3.67   0.000      .633926    2.088195
------------------------------------------------------------------------------

. 
. // mlogit estima por MLE el modelo logit multinomial
. // baseoutcome(1) fija la categoría "scholar" como 1 (normalización)
. // vce(cluster id) pide errores robustos (útil ante heterocedasticidad + correlacion serial)
. // deje un anio fuera (1981)
. // ponemos i.black para que la interprete como binaria/categorica
. // ojo: si incluimos muchas dummies, puede que tengamos problemas numericos en la estimacion.
. // en este caso, si bien tenemos un panel, omitimos completamente la posible heterogeneidad inobservable
. 
. 
. **# **# APEs
. 
. * APE: Efectos marginales promedios:
. margins, dydx(educ exper expersq black)

Average marginal effects                                Number of obs = 12,665
Model VCE: Robust

dy/dx wrt: educ exper expersq 1.black

1._predict: Pr(choice==1), predict(pr outcome(1))
2._predict: Pr(choice==2), predict(pr outcome(2))
3._predict: Pr(choice==3), predict(pr outcome(3))
4._predict: Pr(choice==4), predict(pr outcome(4))
5._predict: Pr(choice==5), predict(pr outcome(5))

------------------------------------------------------------------------------
             |            Delta-method
             |      dy/dx   std. err.      z    P>|z|     [95% conf. interval]
-------------+----------------------------------------------------------------
educ         |
    _predict |
          1  |   .0408371   .0016804    24.30   0.000     .0375436    .0441307
          2  |  -.0561673   .0020045   -28.02   0.000    -.0600961   -.0522385
          3  |   .0550764   .0027849    19.78   0.000     .0496182    .0605347
          4  |  -.0363581    .002793   -13.02   0.000    -.0418323   -.0308839
          5  |  -.0033882   .0016076    -2.11   0.035    -.0065391   -.0002373
-------------+----------------------------------------------------------------
exper        |
    _predict |
          1  |  -.1503082   .0061178   -24.57   0.000     -.162299   -.1383175
          2  |   -.079818   .0059943   -13.32   0.000    -.0915667   -.0680693
          3  |   .0801891   .0053952    14.86   0.000     .0696148    .0907634
          4  |     .12771   .0059489    21.47   0.000     .1160503    .1393697
          5  |   .0222271   .0039411     5.64   0.000     .0145026    .0299516
-------------+----------------------------------------------------------------
expersq      |
    _predict |
          1  |   .0174206   .0009079    19.19   0.000     .0156411    .0192001
          2  |   .0034474   .0009906     3.48   0.001     .0015059    .0053889
          3  |  -.0073211   .0007634    -9.59   0.000    -.0088174   -.0058249
          4  |  -.0113023   .0009184   -12.31   0.000    -.0131023   -.0095024
          5  |  -.0022445   .0006369    -3.52   0.000    -.0034928   -.0009962
-------------+----------------------------------------------------------------
0.black      |  (base outcome)
-------------+----------------------------------------------------------------
1.black      |
    _predict |
          1  |  -.0627975   .0078256    -8.02   0.000    -.0781354   -.0474597
          2  |   .0993949   .0097214    10.22   0.000     .0803412    .1184486
          3  |  -.0348772   .0098976    -3.52   0.000    -.0542762   -.0154781
          4  |  -.0459236   .0124394    -3.69   0.000    -.0703045   -.0215428
          5  |   .0442034   .0084844     5.21   0.000     .0275743    .0608325
------------------------------------------------------------------------------
Note: dy/dx for factor levels is the discrete change from the base level.

. 
. ** los APE suele ser lo que  mas interesa cuando el objetivo es aprender sobre las relaciones entre variables, estructurales, o efectos causales en ultima instanci
> a.
. 
. * PEM: efecto marginal evaluado en el promedio (variables continuas) y en determinado perfil de variables discretas (afrodesciente en el anio 82)
. margins, dydx(educ exper expersq black) at(black==1 y82==1 y83==0 y84==0 y85==0 y86==0 y87==0) atmeans

Conditional marginal effects                            Number of obs = 12,665
Model VCE: Robust

dy/dx wrt: educ exper expersq 1.black

1._predict: Pr(choice==1), predict(pr outcome(1))
2._predict: Pr(choice==2), predict(pr outcome(2))
3._predict: Pr(choice==3), predict(pr outcome(3))
4._predict: Pr(choice==4), predict(pr outcome(4))
5._predict: Pr(choice==5), predict(pr outcome(5))

At: educ    = 12.06522 (mean)
    exper   = 1.650296 (mean)
    expersq = 6.451559 (mean)
    black   =        1
    y82     =        1
    y83     =        0
    y84     =        0
    y85     =        0
    y86     =        0
    y87     =        0

------------------------------------------------------------------------------
             |            Delta-method
             |      dy/dx   std. err.      z    P>|z|     [95% conf. interval]
-------------+----------------------------------------------------------------
educ         |
    _predict |
          1  |   .0470356   .0040724    11.55   0.000     .0390538    .0550174
          2  |  -.0724994   .0041303   -17.55   0.000    -.0805948   -.0644041
          3  |    .050889   .0055388     9.19   0.000     .0400331    .0617449
          4  |    -.02411    .004228    -5.70   0.000    -.0323968   -.0158232
          5  |  -.0013151   .0034869    -0.38   0.706    -.0081493     .005519
-------------+----------------------------------------------------------------
exper        |
    _predict |
          1  |  -.1569496   .0097787   -16.05   0.000    -.1761154   -.1377837
          2  |  -.1582353   .0103347   -15.31   0.000    -.1784911   -.1379796
          3  |   .0728537   .0094927     7.67   0.000     .0542483    .0914591
          4  |   .1847604   .0126534    14.60   0.000     .1599602    .2095606
          5  |   .0575708   .0104674     5.50   0.000     .0370552    .0780865
-------------+----------------------------------------------------------------
expersq      |
    _predict |
          1  |   .0180822   .0013857    13.05   0.000     .0153663     .020798
          2  |   .0096198   .0015721     6.12   0.000     .0065387     .012701
          3  |  -.0061716   .0009456    -6.53   0.000    -.0080249   -.0043182
          4  |  -.0160902   .0013908   -11.57   0.000    -.0188161   -.0133643
          5  |  -.0054402    .001256    -4.33   0.000    -.0079019   -.0029785
-------------+----------------------------------------------------------------
0.black      |  (base outcome)
-------------+----------------------------------------------------------------
1.black      |
    _predict |
          1  |  -.0730953   .0098194    -7.44   0.000     -.092341   -.0538495
          2  |   .1137702   .0125051     9.10   0.000     .0892607    .1382797
          3  |   -.041528   .0098024    -4.24   0.000    -.0607404   -.0223156
          4  |  -.0568246     .01508    -3.77   0.000     -.086381   -.0272683
          5  |   .0576777   .0122227     4.72   0.000     .0337217    .0816337
------------------------------------------------------------------------------
Note: dy/dx for factor levels is the discrete change from the base level.

. 
. 
. **# **# PCP
. 
. * Predicción por máxima probabilidad:
. predict phat1 phat2 phat3 phat4 phat5, pr

. 
. /* 1) ¿Qué calcula predict phat1 ... phat5, pr?
> 
> Después de mlogit, Stata estima, para cada observación i y cada alternativa j (1,2,3,4,5), la probabilidad predicha
> 
> Pr(choice_{i}=j | x_{i})= exp(x_{i}′b_{j})/ (∑k=1,...,5 exp⁡(x_{i}′b_{k}).
> 
> Para la base (outcome 1), Stata normaliza b_{1}=0. Eso no significa que P_{i1}=0, sino que la utilidad sistemática de la base se fija a cero como referencia.
> Con "predict ..., pr" Stata te devuelve esas probabilidades.
> 
> Entonces:
> 
> phat1 = P_{i1} = probabilidad predicha de escuela (1)
> phat2 = P_{i2} = prob predicha de casa (2)
> phat3 = P_{i3} = prob predicha de white collar (3)
> phat4 = P_{i4} = prob predicha de blue collar (4)
> phat5 = P_{i5} = prob predicha de services (5)
> 
> Chequeo simple (debería dar ~1 salvo redondeo):*/
. 
. gen psum = phat1+phat2+phat3+phat4+phat5

. summ psum

    Variable |        Obs        Mean    Std. dev.       Min        Max
-------------+---------------------------------------------------------
        psum |     12,723           1    1.10e-08   .9999999          1

. 
. ** o sea: son probabilidades predichas por alternativa, tal como queríamos.
. 
. * Categoría predicha = argmax
. gen yhat = 1

. replace yhat = 2 if phat2>phat1 & phat2>=phat3 & phat2>=phat4 & phat2>=phat5
(3,201 real changes made)

. replace yhat = 3 if phat3>phat1 & phat3>phat2  & phat3>=phat4 & phat3>=phat5
(1,157 real changes made)

. replace yhat = 4 if phat4>phat1 & phat4>phat2  & phat4>phat3  & phat4>=phat5
(5,084 real changes made)

. replace yhat = 5 if phat5>phat1 & phat5>phat2  & phat5>phat3  & phat5>phat4
(0 real changes made)

. 
. gen correct = (choice==yhat) if !missing(choice)
(58 missing values generated)

. summ correct

    Variable |        Obs        Mean    Std. dev.       Min        Max
-------------+---------------------------------------------------------
     correct |     12,665     .538255    .4985541          0          1

. display "Porcentaje correctamente predicho = " 100*r(mean) "%"
Porcentaje correctamente predicho = 53.825503%

. 
. ** da 53.83%.
. ** Interpretación: el clasificador "argmax" acierta un poco más de la mitad de las veces. (Parece un rendimiento algo regular si tengo en cuenta que al azar seria 
> 1/5=0.20, un 20%. Mejora el azar pero bueno.)
. **  Ojo con algo importante: este 53.8% es in-sample (en la misma muestra con la que estimaste). No es out-of-sample. Si tuvieramos en un enfoque de prediccion de 
> Machine Learning, es posible que el resultado 
. ** de acierto de PCP sea bastante peor fuera de la muestra. Por eso para multiples categorias, en ML se usan otras tecnicas.
. 
. * Matriz de clasificación (real vs predicho)
. tab choice yhat, row

+----------------+
| Key            |
|----------------|
|   frequency    |
| row percentage |
+----------------+

sch=1,home |
=2,wc=3,bc |                    yhat
 =4,serv=5 |         1          2          3          4 |     Total
-----------+--------------------------------------------+----------
         1 |     1,753        425        159        136 |     2,473 
           |     70.89      17.19       6.43       5.50 |    100.00 
-----------+--------------------------------------------+----------
         2 |       639      1,706         94        794 |     3,233 
           |     19.76      52.77       2.91      24.56 |    100.00 
-----------+--------------------------------------------+----------
         3 |       391        156        637        907 |     2,091 
           |     18.70       7.46      30.46      43.38 |    100.00 
-----------+--------------------------------------------+----------
         4 |       371        639        177      2,721 |     3,908 
           |      9.49      16.35       4.53      69.63 |    100.00 
-----------+--------------------------------------------+----------
         5 |       122        250         83        505 |       960 
           |     12.71      26.04       8.65      52.60 |    100.00 
-----------+--------------------------------------------+----------
     Total |     3,276      3,176      1,150      5,063 |    12,665 
           |     25.87      25.08       9.08      39.98 |    100.00 

. 
. /* Tu matriz es la pieza clave. La diagonal (aciertos por categoría real) es:
> 
> choice=1 (school): 70.89% correcto (1753/2473)
> choice=2 (home): 52.77% correcto (1706/3233)
> choice=3 (wc): 30.46% correcto (637/2091)
> choice=4 (bc): 69.63% correcto (2721/3908)
> choice=5 (serv): 0% correcto
> 
> Lectura rápida:
> Predice bien "escuela" y "blue collar".
> Predice regular "home".
> Predice muy mal "white collar".
> Y acá viene lo más interesante:
> no esta prediciendo "services" correctamente nunca, porque de los 960 casos donde el individuo elige "services", en ningun caso el modelo predice que elegira "serv
> ices".
> 
> 4) ¿Por qué nunca predijo yhat=5 (services)?
> 
> Esto ya es una señal fuerte del modelo + covariables:
> En tu replace yhat = 5 ... te dio 0 real changes.
> O sea: para ninguna observación se cumple que phat5 sea la más alta.
> 
> Eso significa:
> 
> ∀𝑖:𝑝^𝑖5<max⁡{𝑝^𝑖1,𝑝^𝑖2,𝑝^𝑖3,𝑝^𝑖4}.
> 
> ¿Cómo puede ser si la categoría 5 existe y no es mínima (7.57%)?
> 
> Porque con tus regresores (educ exper expersq black y82-y87), el modelo está encontrando que "services" no se separa como "modo dominante" para nadie.
>  En cambio, cuando el individuo está cerca de "services", el modelo probablemente lo ve todavía más probable como:
> "blue collar" (4), o
> "home" (2), dependiendo del perfil.
> 
> Tu tabla lo confirma: los servicios reales (choice=5) se clasifican sobre todo como 4 (52.6%) o 2 (26.0%). Es decir, el modelo "absorbe" services dentro de esas do
> s.
> 
>  Traducción económica: con solo educ/exper/black/año, "services" no tiene un perfil distintivo suficiente para ganar el argmax frente a "bc" o "home". 
> Seguramente necesitarías variables más específicas (por ejemplo, algo de industria/ocupación, o historia laboral más detallada).
> 
> 
> */
. 
. 
. **# MNL: status
. 
. *======== 
. * status
. *========
. tabulate status

sch=1,home= |
   2,work=3 |      Freq.     Percent        Cum.
------------+-----------------------------------
          1 |      2,473       19.53       19.53
          2 |      3,233       25.53       45.05
          3 |      6,959       54.95      100.00
------------+-----------------------------------
      Total |     12,665      100.00

. 
. ** sch=1, 
. ** home=2,
. ** work=5
. 
. ** Como vemos, las 3 opciones son: escuela, casa, trabajo
. 
. mdesc lwage wage educ exper expersq manuf black y81 y82 y83     y84     y85     y86     y87 status

    Variable    |     Missing          Total     Percent Missing
----------------+-----------------------------------------------
          lwage |       6,690         12,723          52.58
           wage |       6,690         12,723          52.58
           educ |           0         12,723           0.00
          exper |           0         12,723           0.00
        expersq |           0         12,723           0.00
          manuf |         107         12,723           0.84
          black |           0         12,723           0.00
            y81 |           0         12,723           0.00
            y82 |           0         12,723           0.00
            y83 |           0         12,723           0.00
            y84 |           0         12,723           0.00
            y85 |           0         12,723           0.00
            y86 |           0         12,723           0.00
            y87 |           0         12,723           0.00
         status |          58         12,723           0.46
----------------+-----------------------------------------------

. misstable summarize wage lwage educ exper expersq manuf black y81 y82 y83 y84 y85 y86 y87 status
                                                               Obs<.
                                                +------------------------------
               |                                | Unique
      Variable |     Obs=.     Obs>.     Obs<.  | values        Min         Max
  -------------+--------------------------------+------------------------------
          wage |     6,690               6,033  |   >500     416.44      362800
         lwage |     6,690               6,033  |   >500   6.031743    12.80161
         manuf |       107              12,616  |      2          0           1
        status |        58              12,665  |      3          1           3
  -----------------------------------------------------------------------------

. 
. *mlogit status educ exper expersq i.black i.manuf y82-y87, baseoutcome(1) vce(cluster id)
. mlogit status educ exper expersq i.black y82-y87, baseoutcome(1) vce(cluster id)

Iteration 0:  Log pseudolikelihood = -12620.959  
Iteration 1:  Log pseudolikelihood = -9567.2926  
Iteration 2:  Log pseudolikelihood = -9311.0678  
Iteration 3:  Log pseudolikelihood = -9295.8677  
Iteration 4:  Log pseudolikelihood = -9295.7565  
Iteration 5:  Log pseudolikelihood = -9295.7564  

Multinomial logistic regression                        Number of obs =  12,665
                                                       Wald chi2(20) = 2830.23
                                                       Prob > chi2   =  0.0000
Log pseudolikelihood = -9295.7564                      Pseudo R2     =  0.2635

                                 (Std. err. adjusted for 1,881 clusters in id)
------------------------------------------------------------------------------
             |               Robust
      status | Coefficient  std. err.      z    P>|z|     [95% conf. interval]
-------------+----------------------------------------------------------------
1            |  (base outcome)
-------------+----------------------------------------------------------------
2            |
        educ |   -.548333   .0197059   -27.83   0.000    -.5869559   -.5097101
       exper |   .7669432    .075354    10.18   0.000     .6192521    .9146343
     expersq |   -.115481   .0103551   -11.15   0.000    -.1357766   -.0951853
     1.black |   .8709583   .0835949    10.42   0.000     .7071154    1.034801
         y82 |   .9976134   .0738386    13.51   0.000     .8528925    1.142334
         y83 |   1.348789   .0868544    15.53   0.000     1.178557     1.51902
         y84 |   1.588466   .1031368    15.40   0.000     1.386321     1.79061
         y85 |   2.070129   .1257401    16.46   0.000     1.823683    2.316575
         y86 |   2.653988   .1504149    17.64   0.000      2.35918    2.948796
         y87 |    2.72804   .1656325    16.47   0.000     2.403406    3.052674
       _cons |   5.170643   .2463362    20.99   0.000     4.687833    5.653453
-------------+----------------------------------------------------------------
3            |
        educ |  -.2559274   .0174155   -14.70   0.000    -.2900612   -.2217936
       exper |   1.817056   .0711427    25.54   0.000     1.677619    1.956493
     expersq |  -.1954317   .0098997   -19.74   0.000    -.2148347   -.1760287
     1.black |    .339938   .0767018     4.43   0.000     .1896052    .4902708
         y82 |   .5691177   .0765836     7.43   0.000     .4190166    .7192187
         y83 |   1.160879   .0881137    13.17   0.000     .9881794    1.333579
         y84 |   1.400606   .1000748    14.00   0.000     1.204463    1.596749
         y85 |   1.662853   .1214984    13.69   0.000     1.424721    1.900985
         y86 |   2.006811   .1497433    13.40   0.000      1.71332    2.300303
         y87 |   1.984341    .162321    12.22   0.000     1.666198    2.302485
       _cons |   1.885207   .2205445     8.55   0.000     1.452948    2.317467
------------------------------------------------------------------------------

. 
. // mlogit estima por MLE el modelo logit multinomial
. // baseoutcome(1) fija la categoría "scholar" como 1 (normalización)
. // vce(cluster id) pide errores robustos (útil ante heterocedasticidad + correlacion serial)
. // deje un anio fuera (1981)
. // ponemos i.black para que la interprete como binaria/categorica
. // ojo: si incluimos muchas dummies, puede que tengamos problemas numericos en la estimacion.
. // en este caso, si bien tenemos un panel, omitimos completamente la posible heterogeneidad inobservable
. 
. 
. **# **#  APEs
. 
. * APE: Efectos marginales promedios:
. margins, dydx(educ exper expersq black)

Average marginal effects                                Number of obs = 12,665
Model VCE: Robust

dy/dx wrt: educ exper expersq 1.black

1._predict: Pr(status==1), predict(pr outcome(1))
2._predict: Pr(status==2), predict(pr outcome(2))
3._predict: Pr(status==3), predict(pr outcome(3))

------------------------------------------------------------------------------
             |            Delta-method
             |      dy/dx   std. err.      z    P>|z|     [95% conf. interval]
-------------+----------------------------------------------------------------
educ         |
    _predict |
          1  |   .0418011   .0016653    25.10   0.000     .0385371     .045065
          2  |  -.0570051   .0019753   -28.86   0.000    -.0608767   -.0531335
          3  |    .015204   .0020333     7.48   0.000     .0112188    .0191892
-------------+----------------------------------------------------------------
exper        |
    _predict |
          1  |  -.1492667   .0061565   -24.25   0.000    -.1613332   -.1372002
          2  |  -.0756084   .0060138   -12.57   0.000    -.0873952   -.0638216
          3  |   .2248751   .0049533    45.40   0.000     .2151668    .2345834
-------------+----------------------------------------------------------------
expersq      |
    _predict |
          1  |   .0176111   .0009072    19.41   0.000      .015833    .0193892
          2  |   .0030626   .0009858     3.11   0.002     .0011305    .0049946
          3  |  -.0206737   .0009559   -21.63   0.000    -.0225471   -.0188002
-------------+----------------------------------------------------------------
0.black      |  (base outcome)
-------------+----------------------------------------------------------------
1.black      |
    _predict |
          1  |  -.0635178   .0079057    -8.03   0.000    -.0790128   -.0480228
          2  |    .102724   .0098016    10.48   0.000     .0835133    .1219347
          3  |  -.0392062   .0092387    -4.24   0.000    -.0573137   -.0210987
------------------------------------------------------------------------------
Note: dy/dx for factor levels is the discrete change from the base level.

. ** los APEs suele ser lo que  mas interesa cuando el objetivo es aprender sobre las relaciones entre variables, estructurales, o efectos causales en ultima instanc
> ia.
. 
. * PEM: efecto marginal evaluado en el promedio (variables continuas) y en determinado perfil de variables discretas (afrodesciente en el anio 82)
. margins, dydx(educ exper expersq black) at(black==1 y82==1 y83==0 y84==0 y85==0 y86==0 y87==0) atmeans

Conditional marginal effects                            Number of obs = 12,665
Model VCE: Robust

dy/dx wrt: educ exper expersq 1.black

1._predict: Pr(status==1), predict(pr outcome(1))
2._predict: Pr(status==2), predict(pr outcome(2))
3._predict: Pr(status==3), predict(pr outcome(3))

At: educ    = 12.06522 (mean)
    exper   = 1.650296 (mean)
    expersq = 6.451559 (mean)
    black   =        1
    y82     =        1
    y83     =        0
    y84     =        0
    y85     =        0
    y86     =        0
    y87     =        0

------------------------------------------------------------------------------
             |            Delta-method
             |      dy/dx   std. err.      z    P>|z|     [95% conf. interval]
-------------+----------------------------------------------------------------
educ         |
    _predict |
          1  |   .0409002   .0036568    11.18   0.000     .0337331    .0480674
          2  |  -.0753543   .0033544   -22.46   0.000    -.0819289   -.0687798
          3  |   .0344541   .0040991     8.41   0.000       .02642    .0424882
-------------+----------------------------------------------------------------
exper        |
    _predict |
          1  |  -.1586209   .0096436   -16.45   0.000    -.1775219   -.1397198
          2  |  -.1552912   .0101456   -15.31   0.000    -.1751763   -.1354061
          3  |    .313912   .0101089    31.05   0.000      .294099    .3337251
-------------+----------------------------------------------------------------
expersq      |
    _predict |
          1  |    .018451   .0013792    13.38   0.000     .0157479    .0211541
          2  |   .0094169   .0015424     6.11   0.000     .0063938    .0124399
          3  |  -.0278678   .0016282   -17.12   0.000    -.0310591   -.0246766
-------------+----------------------------------------------------------------
0.black      |  (base outcome)
-------------+----------------------------------------------------------------
1.black      |
    _predict |
          1  |  -.0682906   .0096526    -7.07   0.000    -.0872093   -.0493718
          2  |   .1179166    .012317     9.57   0.000     .0937757    .1420575
          3  |   -.049626   .0135973    -3.65   0.000    -.0762763   -.0229758
------------------------------------------------------------------------------
Note: dy/dx for factor levels is the discrete change from the base level.

. 
. 
. **# **#  PCP
. 
. * Predicción por máxima probabilidad:
. drop phat* yhat psum correct

. predict phat1 phat2 phat3, pr

. 
. /* 1) ¿Qué calcula predict phat1 ... phat3, pr?
> 
> Después de mlogit, Stata estima, para cada observación i y cada alternativa j (1,2,3), la probabilidad predicha
> 
> Pr(choice_{i}=j | x_{i})= exp(x_{i}′b_{j})/ (∑k=1,...,3 exp⁡(x_{i}′b_{k}).
> 
> Para la base (outcome 1), Stata normaliza b_{1}=0. Eso no significa que P_{i1}=0, sino que la utilidad sistemática de la base se fija a cero como referencia.
> Con "predict ..., pr" Stata te devuelve esas probabilidades.
> 
> Entonces:
> 
> phat1 = P_{i1} = probabilidad predicha de escuela (1)
> phat2 = P_{i2} = prob predicha de casa (2)
> phat3 = P_{i3} = prob predicha de trabajo (3)
> 
> Chequeo simple (debería dar ~1 salvo redondeo):*/
. 
. gen psum = phat1+phat2+phat3

. summ psum

    Variable |        Obs        Mean    Std. dev.       Min        Max
-------------+---------------------------------------------------------
        psum |     12,723           1    6.24e-09   .9999999          1

. 
. ** o sea: son probabilidades predichas por alternativa, tal como queríamos.
. 
. * Categoría predicha = argmax
. gen yhat = 1

. replace yhat = 2 if phat2>phat1 & phat2>=phat3 
(2,542 real changes made)

. replace yhat = 3 if phat3>phat1 & phat3>phat2 
(7,205 real changes made)

. 
. gen correct = (status==yhat) if !missing(status)
(58 missing values generated)

. summ correct

    Variable |        Obs        Mean    Std. dev.       Min        Max
-------------+---------------------------------------------------------
     correct |     12,665    .6902487    .4624092          0          1

. display "Porcentaje correctamente predicho = " 100*r(mean) "%"
Porcentaje correctamente predicho = 69.024872%

. 
. ** da 69.02%.
. ** Interpretación: el clasificador "argmax" acierta mas de la mitad de las veces. (Parece un rendimiento algo aceptable si tengo en cuenta que al azar seria 1/3=0.
> 3333, un 33,33%. Mejora por mayor margen al azar. )
. **  Ojo con algo importante: este 69.02% es in-sample (en la misma muestra con la que estimaste). No es out-of-sample. 
. ** Si tuvieramos en un enfoque de prediccion de Machine Learning, es posible que el resultado de acierto de PCP sea bastante peor fuera de la muestra. Por eso para
>  multiples categorias, en ML se usan otras tecnicas.
. 
. * Matriz de clasificación (real vs predicho)
. tab status yhat, row

+----------------+
| Key            |
|----------------|
|   frequency    |
| row percentage |
+----------------+

sch=1,home |               yhat
 =2,work=3 |         1          2          3 |     Total
-----------+---------------------------------+----------
         1 |     1,676        388        409 |     2,473 
           |     67.77      15.69      16.54 |    100.00 
-----------+---------------------------------+----------
         2 |       576      1,483      1,174 |     3,233 
           |     17.82      45.87      36.31 |    100.00 
-----------+---------------------------------+----------
         3 |       724        652      5,583 |     6,959 
           |     10.40       9.37      80.23 |    100.00 
-----------+---------------------------------+----------
     Total |     2,976      2,523      7,166 |    12,665 
           |     23.50      19.92      56.58 |    100.00 

. 
. /* Tu matriz es la pieza clave. La diagonal (aciertos por categoría real) es:
> 
> status=1 (school): 67.77% correcto 
> status=2 (home): 45.87% correcto 
> status=3 (work): 80.23% correcto 
> 
> Lectura rápida:
> Predice muy bien/bien "work".
> Predice bien "sholar".
> Predice mal "home".
> 
> pd: si agregamos al modelo mlogit la variable "i.manuf" aumentamos un poco el PCP sobre todo de la categoria "home".
> 
> nuevamente recordemos: en un contexto de econometria, causalidad, lo que nos importa son los APEs, no el PCP.
> 
> */
. 
. 
. 
. 
. **# CL
. 
. 
. *======================================================================*
. * 2) Logit condicional (CL) con variables específicas de alternativa
. *======================================================================*
. 
. * Para asclogit, la data debe estar en "formato largo":
. * una fila por (id, alternativa), con una variable choice=1 si elegida.
. * "alt" identifica a la alternativa, "id" identifica al individuo.
. 
. webuse choice, clear

. describe

Contains data from https://www.stata-press.com/data/r19/choice.dta
 Observations:           885                  
    Variables:             7                  2 Dec 2024 13:25
---------------------------------------------------------------------------------------------------------------------------------------------------------------------
Variable      Storage   Display    Value
    name         type    format    label      Variable label
---------------------------------------------------------------------------------------------------------------------------------------------------------------------
id              int     %9.0g                 
sex             byte    %9.0g      sex        
income          float   %9.0g                 income in thousands
car             byte    %9.0g      nation     nationality of car
size            byte    %9.0g                 
choice          byte    %9.0g                 ID's chosen car
dealer          byte    %9.0g                 number of dealers of each nationality in ID's city
---------------------------------------------------------------------------------------------------------------------------------------------------------------------
Sorted by: id

. tab choice

ID's chosen |
        car |      Freq.     Percent        Cum.
------------+-----------------------------------
          0 |        590       66.67       66.67
          1 |        295       33.33      100.00
------------+-----------------------------------
      Total |        885      100.00

. tab car

nationality |
     of car |      Freq.     Percent        Cum.
------------+-----------------------------------
   American |        295       33.33       33.33
      Japan |        295       33.33       66.67
     Europe |        295       33.33      100.00
------------+-----------------------------------
      Total |        885      100.00

. 
. ** no esta en panel, es seccion cruzada este ejemplo.
. 
. 
. * Ver una persona y sus 3 alternativas:
. *----------------------------------------
. * Esto te muestra explícitamente el formato largo:
. 
. list id car choice dealer sex income in 1/18, sepby(id)

     +---------------------------------------------------+
     | id        car   choice   dealer      sex   income |
     |---------------------------------------------------|
  1. |  1   American        0       18     male     46.7 |
  2. |  1      Japan        0        8     male     46.7 |
  3. |  1     Europe        1        5     male     46.7 |
     |---------------------------------------------------|
  4. |  2   American        1       17     male     26.1 |
  5. |  2      Japan        0        6     male     26.1 |
  6. |  2     Europe        0        2     male     26.1 |
     |---------------------------------------------------|
  7. |  3   American        1       12     male     32.7 |
  8. |  3      Japan        0        6     male     32.7 |
  9. |  3     Europe        0        2     male     32.7 |
     |---------------------------------------------------|
 10. |  4   American        0       18   female     49.2 |
 11. |  4      Japan        1        7   female     49.2 |
 12. |  4     Europe        0        4   female     49.2 |
     |---------------------------------------------------|
 13. |  5   American        1       10     male     24.3 |
 14. |  5      Japan        0        7     male     24.3 |
 15. |  5     Europe        0        3     male     24.3 |
     |---------------------------------------------------|
 16. |  6   American        1       13   female       39 |
 17. |  6      Japan        0        4   female       39 |
 18. |  6     Europe        0        1   female       39 |
     +---------------------------------------------------+

. 
. *Vas a ver:
. * - sex e income repetidos dentro del id
. * - dealer variando por car
. * - choice==1 en una sola fila dentro de id
. 
. asclogit choice dealer, case(id) alternatives(car) casevars(i.sex       income) vce(robust)

Iteration 0:  Log pseudolikelihood = -273.55685  
Iteration 1:  Log pseudolikelihood = -252.75109  
Iteration 2:  Log pseudolikelihood = -250.78555  
Iteration 3:  Log pseudolikelihood =  -250.7794  
Iteration 4:  Log pseudolikelihood =  -250.7794  

Alternative-specific conditional logit         Number of obs      =        885
Case ID variable: id                           Number of cases    =        295

Alternatives variable: car                     Alts per case: min =          3
                                                              avg =        3.0
                                                              max =          3

                                                  Wald chi2(5)    =      22.87
Log pseudolikelihood =  -250.7794                 Prob > chi2     =     0.0004

                                     (Std. err. adjusted for clustering on id)
------------------------------------------------------------------------------
             |               Robust
      choice | Coefficient  std. err.      z    P>|z|     [95% conf. interval]
-------------+----------------------------------------------------------------
car          |
      dealer |   .0680938   .0305475     2.23   0.026     .0082218    .1279658
-------------+----------------------------------------------------------------
American     |  (base alternative)
-------------+----------------------------------------------------------------
Japan        |
         sex |
       male  |  -.5346039   .3119874    -1.71   0.087    -1.146088    .0768802
      income |   .0325318   .0118969     2.73   0.006     .0092143    .0558493
       _cons |  -1.352189   .6635849    -2.04   0.042    -2.652791   -.0515862
-------------+----------------------------------------------------------------
Europe       |
         sex |
       male  |   .5704109   .4697855     1.21   0.225    -.3503518    1.491174
      income |    .032042   .0081978     3.91   0.000     .0159746    .0481094
       _cons |  -2.355249   .7416627    -3.18   0.001    -3.808881   -.9016167
------------------------------------------------------------------------------

. 
. 
. /*
> ================================================================================
> EXPLICACIÓN COMPLETA DEL EJEMPLO CON asclogit (Capítulo 16 - Wooldridge / Stata)
> ================================================================================
> 
> asclogit. Es el modelo clásico de elección discreta tipo McFadden (conditional logit),
> donde cada individuo elige 1 alternativa entre varias, y los datos están en
> formato LARGO (una fila por combinación persona–alternativa).
> 
> ------------------------------------------------------------------------------
> 1) Cómo están armados los datos (choice.dta)
> ------------------------------------------------------------------------------
> 
> En choice.dta tenemos:
> - 295 personas/casos identificados por "id"
> - 3 alternativas por persona identificadas por "car": American, Japan, Europe
> 
> Esto cuadra con el output:
> 
>     Number of cases = 295
>     Alts per case:   min=3 avg=3 max=3
>     Number of obs = 885 = 295*3
> 
> La variable dependiente "choice" NO es "la categoría elegida" como 1..3, sino un
> indicador 0/1 POR FILA:
> 
> - choice = 1 si esa fila (esa alternativa j dentro del individuo i) fue elegida
> - choice = 0 si esa alternativa j NO fue elegida
> 
> Por eso, cuando tabulamos choice:
> 
>     295 unos  (uno por cada persona)
>     590 ceros (dos por cada persona, las dos alternativas no elegidas)
> 
> En otras palabras: cada id tiene exactamente una fila con choice==1, y dos filas
> con choice==0.
> 
> ------------------------------------------------------------------------------
> 2) Qué modelo está estimando asclogit (estructura teórica)
> ------------------------------------------------------------------------------
> 
> El modelo de elección discreta se escribe como:
> 
>     U_ij = V_ij + e_ij
> 
> donde:
> - i = persona/caso (id)
> - j = alternativa (car)
> - V_ij = parte observable (función de covariables)
> - e_ij = shock no observado
> 
> Supuesto clave del logit condicional:
> - e_ij i.i.d. Extreme Value Tipo I
> 
> Entonces la probabilidad de elegir alternativa j dentro del conjunto de elección
> del individuo i es:
> 
>                 exp(V_ij)
>     P_ij = -------------------------
>           sum_k exp(V_ik)
> 
> Esto es la forma multinomial logit, pero aplicada a sets de elección donde
> las covariables pueden variar por alternativa.
> 
> ------------------------------------------------------------------------------
> 3) Qué significa cada parte del comando que corriste
> ------------------------------------------------------------------------------
> 
> Tu comando fue:
> 
>     asclogit choice dealer, case(id) alternatives(car) casevars(sex income)
> 
> Interpretación detallada:
> 
> (a) case(id)
> ------------
> Define el "grupo de elección": dentro de cada id, las alternativas compiten y se
> elige una sola. Es decir: dentro del mismo id, una sola fila tendrá choice=1.
> 
> (b) alternatives(car)
> ---------------------
> Define cuál variable identifica la alternativa j. En este ejemplo car toma los
> valores: American / Japan / Europe.
> 
> (c) Variables que entran en el modelo: DOS TIPOS
> ------------------------------------------------
> 
> TIPO 1: variables que varían por alternativa (alternative-specific covariates)
> ~~~~~~~~~~~~~~~~~~~~~~~~~~~~~~~~~~~~~~~~~~~~~~~~~~~~~~~~~~~~~~~~~~~~~~~~~~~~~~
> Acá pusiste: "dealer"
> 
> Esto significa que para cada individuo i, dealer puede tomar valores distintos
> según la alternativa j. Por ejemplo:
> 
> - dealer_ij = número de concesionarios (dealers) de autos de esa nacionalidad
>   en la ciudad del individuo i.
> 
> Entonces dealer entra como:
> 
>     V_ij = beta*dealer_ij + (otros términos)
> 
> y el coeficiente beta es COMÚN a todas las alternativas (una sola pendiente).
> 
> 
> TIPO 2: variables que solo varían por individuo/caso (case-specific covariates)
> ~~~~~~~~~~~~~~~~~~~~~~~~~~~~~~~~~~~~~~~~~~~~~~~~~~~~~~~~~~~~~~~~~~~~~~~~~~~~~~~
> Acá pusiste: "sex income" dentro de casevars()
> 
> Estas variables NO cambian con la alternativa dentro de un mismo individuo:
> para un mismo id, sex e income son iguales en las 3 filas (American/Japan/Europe).
> 
> Si las metieras "directo" como en un modelo estándar, se cancelarían al comparar
> utilidades dentro del mismo set de elección, porque son constantes dentro del id.
> 
> Por eso asclogit las usa de forma correcta: las mete INTERACTUADAS con dummies de
> alternativa (excepto la alternativa base).
> 
> En el output eso aparece como:
> 
> - Para alternativa Japan:
>       sex, income, _cons
> - Para alternativa Europe:
>       sex, income, _cons
> - American es la base: por normalización, esos términos no se reportan ahí
> 
> Formalmente, lo que se estima es algo tipo:
> 
>     V_ij = beta*dealer_ij
>          + 1{j=Japan}  *(gamma_J_sex*sex_i + gamma_J_inc*income_i + alpha_J)
>          + 1{j=Europe} *(gamma_E_sex*sex_i + gamma_E_inc*income_i + alpha_E)
> 
> y para American (la base) esa parte se normaliza a cero.
> 
> 
> ------------------------------------------------------------------------------
> 4) Intuición final para cerrar la idea
> ------------------------------------------------------------------------------
> 
> - mlogit típico: una fila por persona, y la choice es la categoría elegida.
> - asclogit: 3 filas por persona (una por alternativa), y la dependiente es 0/1
>   por fila.
> 
> - Variables que cambian por alternativa (dealer) entran directamente en V_ij.
> - Variables del individuo (sex, income) entran diferenciando alternativas
>   (Japan vs American, Europe vs American) mediante interacciones implícitas
>   con dummies de alternativa.
> 
>   */
. 
. 
. 
. 
. 
. 
. 
. **# **# APEs
. 
. *======
. * APEs
. *======
. 
. asclogit choice dealer, case(id) alternatives(car) casevars(i.sex       income) vce(robust)

Iteration 0:  Log pseudolikelihood = -273.55685  
Iteration 1:  Log pseudolikelihood = -252.75109  
Iteration 2:  Log pseudolikelihood = -250.78555  
Iteration 3:  Log pseudolikelihood =  -250.7794  
Iteration 4:  Log pseudolikelihood =  -250.7794  

Alternative-specific conditional logit         Number of obs      =        885
Case ID variable: id                           Number of cases    =        295

Alternatives variable: car                     Alts per case: min =          3
                                                              avg =        3.0
                                                              max =          3

                                                  Wald chi2(5)    =      22.87
Log pseudolikelihood =  -250.7794                 Prob > chi2     =     0.0004

                                     (Std. err. adjusted for clustering on id)
------------------------------------------------------------------------------
             |               Robust
      choice | Coefficient  std. err.      z    P>|z|     [95% conf. interval]
-------------+----------------------------------------------------------------
car          |
      dealer |   .0680938   .0305475     2.23   0.026     .0082218    .1279658
-------------+----------------------------------------------------------------
American     |  (base alternative)
-------------+----------------------------------------------------------------
Japan        |
         sex |
       male  |  -.5346039   .3119874    -1.71   0.087    -1.146088    .0768802
      income |   .0325318   .0118969     2.73   0.006     .0092143    .0558493
       _cons |  -1.352189   .6635849    -2.04   0.042    -2.652791   -.0515862
-------------+----------------------------------------------------------------
Europe       |
         sex |
       male  |   .5704109   .4697855     1.21   0.225    -.3503518    1.491174
      income |    .032042   .0081978     3.91   0.000     .0159746    .0481094
       _cons |  -2.355249   .7416627    -3.18   0.001    -3.808881   -.9016167
------------------------------------------------------------------------------

. * APE: Efectos marginales promedios:
. margins, dydx(*)

Average marginal effects                                   Number of obs = 885
Model VCE: Robust

Expression: Pr(car|1 selected), predict()
dy/dx wrt:  dealer 1.sex income

------------------------------------------------------------------------------------
                   |            Delta-method
                   |      dy/dx   std. err.      z    P>|z|     [95% conf. interval]
-------------------+----------------------------------------------------------------
dealer             |
      _outcome#car |
American#American  |   .0148741   .0065587     2.27   0.023     .0020194    .0277289
   American#Japan  |  -.0092123   .0042748    -2.16   0.031    -.0175908   -.0008339
  American#Europe  |  -.0056618    .002438    -2.32   0.020    -.0104403   -.0008833
   Japan#American  |  -.0092123   .0042748    -2.16   0.031    -.0175908   -.0008339
      Japan#Japan  |   .0111952   .0051668     2.17   0.030     .0010684    .0213219
     Japan#Europe  |  -.0019829     .00095    -2.09   0.037    -.0038448    -.000121
  Europe#American  |  -.0056618    .002438    -2.32   0.020    -.0104403   -.0008833
     Europe#Japan  |  -.0019829     .00095    -2.09   0.037    -.0038448    -.000121
    Europe#Europe  |   .0076447   .0033515     2.28   0.023     .0010758    .0142135
-------------------+----------------------------------------------------------------
0.sex              |  (base outcome)
-------------------+----------------------------------------------------------------
1.sex              |
          _outcome |
         American  |   .0388353   .0631609     0.61   0.539    -.0849578    .1626283
            Japan  |  -.1108205   .0566464    -1.96   0.050    -.2218454    .0002043
           Europe  |   .0719853   .0395744     1.82   0.069    -.0055792    .1495498
-------------------+----------------------------------------------------------------
income             |
          _outcome |
         American  |  -.0070654   .0019765    -3.57   0.000    -.0109393   -.0031915
            Japan  |   .0044155   .0018108     2.44   0.015     .0008664    .0079646
           Europe  |   .0026499   .0008538     3.10   0.002     .0009764    .0043234
------------------------------------------------------------------------------------
Note: dy/dx for factor levels is the discrete change from the base level.

. ** los APEs suele ser lo que  mas interesa cuando el objetivo es aprender sobre las relaciones entre variables, estructurales, o efectos causales en ultima instanc
> ia.
. 
. 
. /*
> ================================================================================
> INTERPRETACIÓN DE LOS APE (Average Partial Effects) DESPUÉS DE asclogit
> Y POR QUÉ APARECEN "INTERACTUANDO" EN EL OUTPUT DE margins
> ================================================================================
> 
> Contexto del modelo estimado:
> -----------------------------
> Se estimó:
> 
>     asclogit choice dealer, case(id) alternatives(car) casevars(sex income) vce(robust)
> 
> - i = caso/persona (id)
> - j = alternativa (car ∈ {American, Japan, Europe})
> - choice_ij = 1 si el individuo i elige alternativa j; 0 si no.
> 
> La probabilidad predicha es:
> 
>                 exp(V_ij)
>     P_ij = ----------------------
>           sum_k exp(V_ik)
> 
> Con:
> - dealer_ij (varía por alternativa) entra "directo" en V_ij con UNA pendiente común.
> - sex_i e income_i (no varían por alternativa dentro de i) entran como "casevars":
>   asclogit los incorpora efectivamente mediante efectos diferenciales por alternativa
>   (interacciones implícitas con dummies de alternativa, tomando una base).
> 
> --------------------------------------------------------------------------------
> 1) Qué es un APE acá (qué calcula margins, dydx(*))
> --------------------------------------------------------------------------------
> 
> margins, dydx(*) calcula EFECTOS MARGINALES PROMEDIO sobre probabilidades:
> 
> - Para cada observación (i,j) calcula la derivada parcial de la probabilidad
>   con respecto a cada covariable (dealer, sex, income).
> - Luego promedia esas derivadas sobre la muestra (por defecto, sobre las filas
>   usadas en el modelo).
> 
> En símbolos, para una variable continua x:
> 
>     APE_x(alt = m) = (1/N) * sum_i [ ∂ P_im / ∂ x ]
> 
> Para una variable discreta binaria (sex):
> - Stata calcula un "discrete change": P(sex=1) - P(sex=0), manteniendo todo lo
>   demás constante, y luego promedia.
> 
> --------------------------------------------------------------------------------
> 2) Por qué el APE de dealer aparece como "_outcome#car" (parece interacción)
> --------------------------------------------------------------------------------
> 
> Esto es lo más importante:
> 
> - dealer es una variable QUE CAMBIA POR ALTERNATIVA: dealer_ij.
> - En un modelo logit condicional, cambiar dealer de una alternativa afecta
>   TODAS las probabilidades del set porque deben sumar 1.
> 
> Por eso, la derivada relevante NO es única: depende de
> (1) cuál alternativa "tocás" con dealer (car = American/Japan/Europe)
> y (2) para cuál probabilidad estás mirando el efecto (outcome = American/Japan/Europe).
> 
> En otras palabras, margins está reportando:
> 
>     ∂ P_i(outcome = m) / ∂ dealer_i(car = k)
> 
> para todo par (m,k).
> 
> Eso es exactamente lo que Stata te muestra como:
> 
>     _outcome#car
>     American#Japan, Europe#American, etc.
> 
> Interpretación práctica:
> - "American#Japan" bajo dealer significa:
>   "cómo cambia la probabilidad de elegir American cuando aumenta en 1 unidad el
>    dealer asociado a la alternativa Japan, manteniendo todo lo demás constante".
> 
> Regla general (propiedad mecánica del logit):
> - Aumentar dealer_k sube la probabilidad de elegir k,
>   y baja las probabilidades de las otras alternativas (porque suman 1).
> 
> Tu output lo refleja:
> - dealer: American#American = +0.0149 (sube P(American) si sube dealer_American)
> - dealer: American#Japan     = -0.0092 (baja P(American) si sube dealer_Japan)
> - dealer: American#Europe    = -0.0057 (baja P(American) si sube dealer_Europe)
> y análogamente para los otros outcomes.
> 
> Observación útil:
> - Para cada "car = k", si sumás los tres efectos sobre outcomes (American, Japan, Europe),
>   debe dar aproximadamente 0 (por la restricción de suma a 1):
>       ∑_m ∂P_im/∂dealer_ik ≈ 0
> 
> --------------------------------------------------------------------------------
> 3) Cómo interpretar los APE de sex e income (por qué NO aparecen con #car)
> --------------------------------------------------------------------------------
> 
> sex e income son casevars: NO varían por alternativa dentro del individuo.
> Cuando cambian, cambian el set completo de utilidades relativas, y por ende
> las probabilidades de cada outcome.
> 
> Por eso margins reporta, para cada outcome m:
> 
>     ∂ P_im / ∂ sex_i
>     ∂ P_im / ∂ income_i
> 
> y lo muestra como:
> 
>     _outcome
>     American
>     Japan
>     Europe
> 
> Interpretación:
> - "sex: Japan = -0.1045" significa:
>   En promedio, pasar de sex=0 a sex=1 reduce la probabilidad de elegir Japan en 0.1045
>   (≈ 10.45 puntos porcentuales), manteniendo dealer e income constantes.
>   (Y las otras probabilidades se ajustan para que la suma siga siendo 1.)
> 
> - "income: Japan = +0.0044" significa:
>   En promedio, aumentar income en 1 unidad (1 "thousand", porque income está en miles)
>   aumenta la probabilidad de elegir Japan en 0.0044 (≈ 0.44 puntos porcentuales),
>   manteniendo lo demás constante.
>   (American cae -0.0071 y Europe sube +0.0026, consistente con la suma a 1.)
> 
> Nota importante:
> - Estos APE son sobre PROBABILIDADES, no sobre odds ni sobre utilidades.
> - Para income, la unidad es "1" en la escala de la variable (miles de dólares).
> 
> --------------------------------------------------------------------------------
> 4) Lectura económica rápida de tus APE (lo que "dice" el modelo)
> --------------------------------------------------------------------------------
> 
> (1) dealer:
> - Más dealers de una nacionalidad aumentan (en promedio) la probabilidad de elegir
>   esa nacionalidad y reducen las otras dos.
> 
> (2) sex:
> - sex=1 (según codificación del dataset) reduce fuertemente la probabilidad de elegir Japan
>   (~ -10.45 pp) y aumenta la de Europe (~ +7.96 pp); el efecto en American no es significativo.
> 
> (3) income:
> - A mayor ingreso, cae la probabilidad de American (-0.706 pp por cada +1 en income)
>   y suben Japan (+0.442 pp) y Europe (+0.265 pp) por cada +1 en income.
> 
> --------------------------------------------------------------------------------
> 5) Por qué "aparecen interactuando" aunque vos no hayas puesto interacciones
> --------------------------------------------------------------------------------
> 
> No es una interacción "modelada a mano", es que:
> 
> - dealer es alternativa-específica (dealer_ij), por lo que el efecto marginal depende
>   de "qué alternativa estoy moviendo" (car=k) y "qué probabilidad estoy mirando"
>   (outcome=m). Eso obliga a reportar pares (m,k), y Stata lo imprime como outcome#car.
> 
> - sex e income son case-specific: no hay "dealer_i(American) vs dealer_i(Japan)".
>   Por eso se reportan solo por outcome.
> 
> */
. 
. 
. 
. 
. 
. 
. **# **# PCP
. 
. * (ii) Predicciones: probabilidades por alternativa
. * ------------------------------------------------
. * Después de asclogit:
. 
. predict phat, pr

. *verificacion: psum debería ser ~1 para cada id (salvo redondeo).
. by id: egen psum = total(phat)

. summ psum

    Variable |        Obs        Mean    Std. dev.       Min        Max
-------------+---------------------------------------------------------
        psum |        885           1           0          1          1

. 
. *(iii) "Cuál predice como elegida" usando argmax
. *------------------------------------------------
. *Esto construye un clasificador por máxima probabilidad predicha:
. by id: egen pmax = max(phat)

. gen yhat = (phat==pmax)

. tab choice yhat

      ID's |         yhat
chosen car |         0          1 |     Total
-----------+----------------------+----------
         0 |       487        103 |       590 
         1 |       103        192 |       295 
-----------+----------------------+----------
     Total |       590        295 |       885 

. 
. gen correct = (choice==yhat) if !missing(choice)

. summ correct

    Variable |        Obs        Mean    Std. dev.       Min        Max
-------------+---------------------------------------------------------
     correct |        885    .7672316    .4228348          0          1

. display "Porcentaje correctamente predicho = " 100*r(mean) "%"
Porcentaje correctamente predicho = 76.723164%

. 
. **Esto indica si la alternativa con mayor probabilidad predicha coincide con la alternativa realmente elegida (choice==1). Ojo que empates exactos son raros, pero 
> teóricamente pueden existir por redondeo.
. 
. 
. 
. 
. 
. 
. 
. 
. 
end of do-file

. log close
      name:  <unnamed>
       log:  C:\Users\Equipo\Downloads\16_taller.log
  log type:  text
 closed on:  26 Mar 2026, 05:10:35
---------------------------------------------------------------------------------------------------------------------------------------------------------------------
