---------------------------------------------------------------------------------------------------------------------------------------------------------------------
      name:  <unnamed>
       log:  C:\Users\Equipo\Downloads\vi.log
  log type:  text
 opened on:  26 Mar 2026, 03:55:55

. do "C:\Users\Equipo\OneDrive\Desktop\proyecto\4Medio ambiente- innovacion\3. Estrategia empirica\3. Modelos\talleres por tema - teoria econometrica\1taller_VI.do"

. **# CAPITULO 5: VI en SECCION CRUZADA
. 
. clear all 

. 
. *ssc install bcuse // una sola vez
. *ssc instal overid
. 
. bcuse wage2, clear 

Contains data from http://fmwww.bc.edu/ec-p/data/wooldridge/wage2.dta
 Observations:           935                  
    Variables:            17                  26 Jan 2000 12:16
---------------------------------------------------------------------------------------------------------------------------------------------------------------------
Variable      Storage   Display    Value
    name         type    format    label      Variable label
---------------------------------------------------------------------------------------------------------------------------------------------------------------------
wage            float   %9.0g                 
hours           float   %9.0g                 
IQ              float   %9.0g                 
KWW             float   %9.0g                 
educ            float   %9.0g                 
exper           float   %9.0g                 
tenure          float   %9.0g                 
age             float   %9.0g                 
married         float   %9.0g                 
black           float   %9.0g                 
south           float   %9.0g                 
urban           float   %9.0g                 
sibs            float   %9.0g                 
brthord         float   %9.0g                 
meduc           float   %9.0g                 
feduc           float   %9.0g                 
lwage           float   %9.0g                 
---------------------------------------------------------------------------------------------------------------------------------------------------------------------
Sorted by: 

. describe

Contains data from http://fmwww.bc.edu/ec-p/data/wooldridge/wage2.dta
 Observations:           935                  
    Variables:            17                  26 Jan 2000 12:16
---------------------------------------------------------------------------------------------------------------------------------------------------------------------
Variable      Storage   Display    Value
    name         type    format    label      Variable label
---------------------------------------------------------------------------------------------------------------------------------------------------------------------
wage            float   %9.0g                 
hours           float   %9.0g                 
IQ              float   %9.0g                 
KWW             float   %9.0g                 
educ            float   %9.0g                 
exper           float   %9.0g                 
tenure          float   %9.0g                 
age             float   %9.0g                 
married         float   %9.0g                 
black           float   %9.0g                 
south           float   %9.0g                 
urban           float   %9.0g                 
sibs            float   %9.0g                 
brthord         float   %9.0g                 
meduc           float   %9.0g                 
feduc           float   %9.0g                 
lwage           float   %9.0g                 
---------------------------------------------------------------------------------------------------------------------------------------------------------------------
Sorted by: 

. 
. gen expersq = exper*exper

. 
. **# MCO
. 
. * MCO estándar
. regress lwage exper expersq educ

      Source |       SS           df       MS      Number of obs   =       935
-------------+----------------------------------   F(3, 931)       =     46.75
       Model |  21.6887824         3  7.22959414   Prob > F        =    0.0000
    Residual |  143.967512       931  .154637499   R-squared       =    0.1309
-------------+----------------------------------   Adj R-squared   =    0.1281
       Total |  165.656294       934  .177362199   Root MSE        =    .39324

------------------------------------------------------------------------------
       lwage | Coefficient  Std. err.      t    P>|t|     [95% conf. interval]
-------------+----------------------------------------------------------------
       exper |    .016256     .01354     1.20   0.230    -.0103164    .0428285
     expersq |    .000152    .000567     0.27   0.789    -.0009607    .0012647
        educ |   .0779866   .0066242    11.77   0.000     .0649864    .0909867
       _cons |   5.517432   .1248186    44.20   0.000     5.272474    5.762391
------------------------------------------------------------------------------

. * MCO con errores estándar robustos a heterocedasticidad
. regress lwage exper expersq educ, vce(robust)

Linear regression                               Number of obs     =        935
                                                F(3, 931)         =      45.22
                                                Prob > F          =     0.0000
                                                R-squared         =     0.1309
                                                Root MSE          =     .39324

------------------------------------------------------------------------------
             |               Robust
       lwage | Coefficient  std. err.      t    P>|t|     [95% conf. interval]
-------------+----------------------------------------------------------------
       exper |    .016256   .0139686     1.16   0.245    -.0111575    .0436696
     expersq |    .000152   .0005881     0.26   0.796    -.0010021    .0013062
        educ |   .0779866   .0067972    11.47   0.000      .064647    .0913261
       _cons |   5.517432    .124591    44.28   0.000      5.27292    5.761944
------------------------------------------------------------------------------

. 
. **# 2SLS (VI)
. 
. *  2SLS homocedástico (matriz clásica): educ endógena, instrumentada con motheduc fatheduc 
. ivregress 2sls lwage exper expersq (educ = meduc feduc)

Instrumental-variables 2SLS regression            Number of obs   =        722
                                                  Wald chi2(3)    =      56.75
                                                  Prob > chi2     =     0.0000
                                                  R-squared       =     0.0381
                                                  Root MSE        =     .41103

------------------------------------------------------------------------------
       lwage | Coefficient  Std. err.      z    P>|z|     [95% conf. interval]
-------------+----------------------------------------------------------------
        educ |   .1457095   .0196409     7.42   0.000     .1072141    .1842049
       exper |   .0082983   .0161584     0.51   0.608    -.0233716    .0399683
     expersq |   .0013114   .0007159     1.83   0.067    -.0000918    .0027146
       _cons |   4.522871   .3099917    14.59   0.000     3.915298    5.130443
------------------------------------------------------------------------------
Endogenous: educ
Exogenous:  exper expersq meduc feduc

. * 2SLS con matriz robusta a heterocedasticidad (White-IV): educ endógena, instrumentada con motheduc fatheduc 
. ivregress 2sls lwage exper expersq (educ = meduc feduc),  vce(robust)

Instrumental-variables 2SLS regression            Number of obs   =        722
                                                  Wald chi2(3)    =      67.34
                                                  Prob > chi2     =     0.0000
                                                  R-squared       =     0.0381
                                                  Root MSE        =     .41103

------------------------------------------------------------------------------
             |               Robust
       lwage | Coefficient  std. err.      z    P>|z|     [95% conf. interval]
-------------+----------------------------------------------------------------
        educ |   .1457095   .0182699     7.98   0.000     .1099012    .1815178
       exper |   .0082983   .0168018     0.49   0.621    -.0246325    .0412292
     expersq |   .0013114   .0007036     1.86   0.062    -.0000677    .0026906
       _cons |   4.522871   .2932827    15.42   0.000     3.948047    5.097694
------------------------------------------------------------------------------
Endogenous: educ
Exogenous:  exper expersq meduc feduc

.  
.  * 2SLS con matriz robusta agrupada (solo caso de panel/clusters naturales)
.  * (por ejemplo, cluster por firma o región)
.  * ivregress 2sls lwage exper expersq (educ = meduc feduc), vce(cluster id)
.  
. 
.  **# HAUSMAN
.   
.  * Hausman directo: MCO vs 2SLS
.  
.  * 1) Estimar MCO
. regress lwage exper expersq educ, robust

Linear regression                               Number of obs     =        935
                                                F(3, 931)         =      45.22
                                                Prob > F          =     0.0000
                                                R-squared         =     0.1309
                                                Root MSE          =     .39324

------------------------------------------------------------------------------
             |               Robust
       lwage | Coefficient  std. err.      t    P>|t|     [95% conf. interval]
-------------+----------------------------------------------------------------
       exper |    .016256   .0139686     1.16   0.245    -.0111575    .0436696
     expersq |    .000152   .0005881     0.26   0.796    -.0010021    .0013062
        educ |   .0779866   .0067972    11.47   0.000      .064647    .0913261
       _cons |   5.517432    .124591    44.28   0.000      5.27292    5.761944
------------------------------------------------------------------------------

.  * 2) Estimar IV/2SLS
. ivregress 2sls lwage exper expersq (educ = meduc feduc),  vce(robust)

Instrumental-variables 2SLS regression            Number of obs   =        722
                                                  Wald chi2(3)    =      67.34
                                                  Prob > chi2     =     0.0000
                                                  R-squared       =     0.0381
                                                  Root MSE        =     .41103

------------------------------------------------------------------------------
             |               Robust
       lwage | Coefficient  std. err.      z    P>|z|     [95% conf. interval]
-------------+----------------------------------------------------------------
        educ |   .1457095   .0182699     7.98   0.000     .1099012    .1815178
       exper |   .0082983   .0168018     0.49   0.621    -.0246325    .0412292
     expersq |   .0013114   .0007036     1.86   0.062    -.0000677    .0026906
       _cons |   4.522871   .2932827    15.42   0.000     3.948047    5.097694
------------------------------------------------------------------------------
Endogenous: educ
Exogenous:  exper expersq meduc feduc

.  * 3) Test de endogeneidad (Hausman)
.  estat endogenous

  Tests of endogeneity
  H0: Variables are exogenous

  Robust score chi2(1)            =  17.2702  (p = 0.0000)
  Robust regression F(1,717)      =  17.6589  (p = 0.0000)

.  
.  /*  estat endogenous contrasta MCO vs. IV/2SLS para las variables instrumentadas. El resultado clave es el p-valor:
>  p-valor grande ⇒ no se rechaza exogeneidad de educ: MCO podría ser suficiente.
>  p-valor pequeño ⇒ evidencia de endogeneidad: preferir IV/2SLS.
>  */
.  
. ** HAUSMAN "MANUAL"
. 
. * OLS
. regress lwage exper expersq educ

      Source |       SS           df       MS      Number of obs   =       935
-------------+----------------------------------   F(3, 931)       =     46.75
       Model |  21.6887824         3  7.22959414   Prob > F        =    0.0000
    Residual |  143.967512       931  .154637499   R-squared       =    0.1309
-------------+----------------------------------   Adj R-squared   =    0.1281
       Total |  165.656294       934  .177362199   Root MSE        =    .39324

------------------------------------------------------------------------------
       lwage | Coefficient  Std. err.      t    P>|t|     [95% conf. interval]
-------------+----------------------------------------------------------------
       exper |    .016256     .01354     1.20   0.230    -.0103164    .0428285
     expersq |    .000152    .000567     0.27   0.789    -.0009607    .0012647
        educ |   .0779866   .0066242    11.77   0.000     .0649864    .0909867
       _cons |   5.517432   .1248186    44.20   0.000     5.272474    5.762391
------------------------------------------------------------------------------

. estimates store ols

. * 2SLS
. ivregress 2sls lwage exper expersq (educ = meduc feduc)

Instrumental-variables 2SLS regression            Number of obs   =        722
                                                  Wald chi2(3)    =      56.75
                                                  Prob > chi2     =     0.0000
                                                  R-squared       =     0.0381
                                                  Root MSE        =     .41103

------------------------------------------------------------------------------
       lwage | Coefficient  Std. err.      z    P>|z|     [95% conf. interval]
-------------+----------------------------------------------------------------
        educ |   .1457095   .0196409     7.42   0.000     .1072141    .1842049
       exper |   .0082983   .0161584     0.51   0.608    -.0233716    .0399683
     expersq |   .0013114   .0007159     1.83   0.067    -.0000918    .0027146
       _cons |   4.522871   .3099917    14.59   0.000     3.915298    5.130443
------------------------------------------------------------------------------
Endogenous: educ
Exogenous:  exper expersq meduc feduc

. estimates store iv

. * Hausman
. hausman iv ols, sigmamore

                 ---- Coefficients ----
             |      (b)          (B)            (b-B)     sqrt(diag(V_b-V_B))
             |       iv          ols         Difference       Std. err.
-------------+----------------------------------------------------------------
        educ |    .1457095     .0779866         .067723        .0175846
       exper |    .0082983      .016256       -.0079577        .0074603
     expersq |    .0013114      .000152        .0011594        .0003843
------------------------------------------------------------------------------
                      b = Consistent under H0 and Ha; obtained from ivregress.
         B = Inconsistent under Ha, efficient under H0; obtained from regress.

Test of H0: Difference in coefficients not systematic

    chi2(3) = (b-B)'[(V_b-V_B)^(-1)](b-B)
            =  18.31
Prob > chi2 = 0.0004

. * hausman iv ols, sigmamore constant
.   
. 
. ** CONCLUIMOS QUE NECESITAMOS IV/2SLS
.  
. **# Relevancia IV
.  
. * Diagnósticos de primera etapa (relevancia de instrumentos)
. ivregress 2sls lwage exper expersq (educ = meduc feduc),  vce(robust) first

First-stage regressions
-----------------------

                                                        Number of obs =    722
                                                        F(4, 717)     = 122.57
                                                        Prob > F      = 0.0000
                                                        R-squared     = 0.3263
                                                        Adj R-squared = 0.3226
                                                        Root MSE      = 1.8410

------------------------------------------------------------------------------
             |               Robust
        educ | Coefficient  std. err.      t    P>|t|     [95% conf. interval]
-------------+----------------------------------------------------------------
       exper |   -.021864   .0734961    -0.30   0.766    -.1661571    .1224292
     expersq |  -.0071344    .002948    -2.42   0.016    -.0129221   -.0013467
       meduc |   .1349799   .0299698     4.50   0.000     .0761408     .193819
       feduc |    .158598   .0267559     5.93   0.000     .1060687    .2111272
       _cons |   11.87133   .5185791    22.89   0.000     10.85321    12.88944
------------------------------------------------------------------------------


Instrumental-variables 2SLS regression            Number of obs   =        722
                                                  Wald chi2(3)    =      67.34
                                                  Prob > chi2     =     0.0000
                                                  R-squared       =     0.0381
                                                  Root MSE        =     .41103

------------------------------------------------------------------------------
             |               Robust
       lwage | Coefficient  std. err.      z    P>|z|     [95% conf. interval]
-------------+----------------------------------------------------------------
        educ |   .1457095   .0182699     7.98   0.000     .1099012    .1815178
       exper |   .0082983   .0168018     0.49   0.621    -.0246325    .0412292
     expersq |   .0013114   .0007036     1.86   0.062    -.0000677    .0026906
       _cons |   4.522871   .2932827    15.42   0.000     3.948047    5.097694
------------------------------------------------------------------------------
Endogenous: educ
Exogenous:  exper expersq meduc feduc

. estat firststage

  First-stage regression summary statistics
  --------------------------------------------------------------------------
               |            Adjusted      Partial       Robust
      Variable |   R-sq.       R-sq.        R-sq.      F(2,717)   Prob > F
  -------------+------------------------------------------------------------
          educ |  0.3263      0.3226       0.1527       70.1355    0.0000
  --------------------------------------------------------------------------


. 
.  *-------------------------------------------------------
. * F de primera etapa "a mano" (sólo instrumentos excluidos)
.  *--------------------------------------------------------
. reg educ exper expersq meduc feduc

      Source |       SS           df       MS      Number of obs   =       722
-------------+----------------------------------   F(4, 717)       =     86.82
       Model |  1177.09268         4  294.273169   Prob > F        =    0.0000
    Residual |    2430.122       717   3.3892915   R-squared       =    0.3263
-------------+----------------------------------   Adj R-squared   =    0.3226
       Total |  3607.21468       721  5.00307168   Root MSE        =     1.841

------------------------------------------------------------------------------
        educ | Coefficient  Std. err.      t    P>|t|     [95% conf. interval]
-------------+----------------------------------------------------------------
       exper |   -.021864   .0724194    -0.30   0.763    -.1640433    .1203154
     expersq |  -.0071344   .0030883    -2.31   0.021    -.0131976   -.0010712
       meduc |   .1349799   .0296893     4.55   0.000     .0766916    .1932682
       feduc |    .158598    .025893     6.13   0.000     .1077627    .2094332
       _cons |   11.87133   .4960715    23.93   0.000      10.8974    12.84525
------------------------------------------------------------------------------

. test meduc feduc

 ( 1)  meduc = 0
 ( 2)  feduc = 0

       F(  2,   717) =   64.61
            Prob > F =    0.0000

. * Versión robusta tipo White:
. reg educ exper expersq meduc feduc, robust

Linear regression                               Number of obs     =        722
                                                F(4, 717)         =     122.57
                                                Prob > F          =     0.0000
                                                R-squared         =     0.3263
                                                Root MSE          =      1.841

------------------------------------------------------------------------------
             |               Robust
        educ | Coefficient  std. err.      t    P>|t|     [95% conf. interval]
-------------+----------------------------------------------------------------
       exper |   -.021864   .0734961    -0.30   0.766    -.1661571    .1224292
     expersq |  -.0071344    .002948    -2.42   0.016    -.0129221   -.0013467
       meduc |   .1349799   .0299698     4.50   0.000     .0761408     .193819
       feduc |    .158598   .0267559     5.93   0.000     .1060687    .2111272
       _cons |   11.87133   .5185791    22.89   0.000     10.85321    12.88944
------------------------------------------------------------------------------

. test meduc feduc

 ( 1)  meduc = 0
 ( 2)  feduc = 0

       F(  2,   717) =   70.14
            Prob > F =    0.0000

.  
. * Mucho mas completo:
. ivreg2  lwage exper expersq (educ = meduc feduc),  robust first

First-stage regressions
-----------------------


First-stage regression of educ:

Statistics robust to heteroskedasticity
Number of obs =                    722
------------------------------------------------------------------------------
             |               Robust
        educ | Coefficient  std. err.      t    P>|t|     [95% conf. interval]
-------------+----------------------------------------------------------------
       meduc |   .1349799   .0299698     4.50   0.000     .0761408     .193819
       feduc |    .158598   .0267559     5.93   0.000     .1060687    .2111272
       exper |   -.021864   .0734961    -0.30   0.766    -.1661571    .1224292
     expersq |  -.0071344    .002948    -2.42   0.016    -.0129221   -.0013467
       _cons |   11.87133   .5185791    22.89   0.000     10.85321    12.88944
------------------------------------------------------------------------------
F test of excluded instruments:
  F(  2,   717) =    70.14
  Prob > F      =   0.0000
Sanderson-Windmeijer multivariate F test of excluded instruments:
  F(  2,   717) =    70.14
  Prob > F      =   0.0000



Summary results for first-stage regressions
-------------------------------------------

                                           (Underid)            (Weak id)
Variable     | F(  2,   717)  P-val | SW Chi-sq(  2) P-val | SW F(  2,   717)
educ         |      70.14    0.0000 |      141.25   0.0000 |       70.14

NB: first-stage test statistics heteroskedasticity-robust

Stock-Yogo weak ID F test critical values for single endogenous regressor:
                                   10% maximal IV size             19.93
                                   15% maximal IV size             11.59
                                   20% maximal IV size              8.75
                                   25% maximal IV size              7.25
Source: Stock-Yogo (2005).  Reproduced by permission.
NB: Critical values are for i.i.d. errors only.

Underidentification test
Ho: matrix of reduced form coefficients has rank=K1-1 (underidentified)
Ha: matrix has rank=K1 (identified)
Kleibergen-Paap rk LM statistic          Chi-sq(2)=93.81    P-val=0.0000

Weak identification test
Ho: equation is weakly identified
Cragg-Donald Wald F statistic                                      64.61
Kleibergen-Paap Wald rk F statistic                                70.14

Stock-Yogo weak ID test critical values for K1=1 and L1=2:
                                   10% maximal IV size             19.93
                                   15% maximal IV size             11.59
                                   20% maximal IV size              8.75
                                   25% maximal IV size              7.25
Source: Stock-Yogo (2005).  Reproduced by permission.
NB: Critical values are for Cragg-Donald F statistic and i.i.d. errors.

Weak-instrument-robust inference
Tests of joint significance of endogenous regressors B1 in main equation
Ho: B1=0 and orthogonality conditions are valid
Anderson-Rubin Wald test           F(2,717)=      29.85     P-val=0.0000
Anderson-Rubin Wald test           Chi-sq(2)=     60.11     P-val=0.0000
Stock-Wright LM S statistic        Chi-sq(2)=     51.35     P-val=0.0000

NB: Underidentification, weak identification and weak-identification-robust
    test statistics heteroskedasticity-robust

Number of observations               N  =        722
Number of regressors                 K  =          4
Number of endogenous regressors      K1 =          1
Number of instruments                L  =          5
Number of excluded instruments       L1 =          2

IV (2SLS) estimation
--------------------

Estimates efficient for homoskedasticity only
Statistics robust to heteroskedasticity

                                                      Number of obs =      722
                                                      F(  3,   718) =    22.32
                                                      Prob > F      =   0.0000
Total (centered) SS     =  126.8119312                Centered R2   =   0.0381
Total (uncentered) SS   =  33511.33726                Uncentered R2 =   0.9964
Residual SS             =  121.9767062                Root MSE      =     .411

------------------------------------------------------------------------------
             |               Robust
       lwage | Coefficient  std. err.      z    P>|z|     [95% conf. interval]
-------------+----------------------------------------------------------------
        educ |   .1457095   .0182699     7.98   0.000     .1099012    .1815178
       exper |   .0082983   .0168018     0.49   0.621    -.0246325    .0412292
     expersq |   .0013114   .0007036     1.86   0.062    -.0000677    .0026906
       _cons |   4.522871   .2932827    15.42   0.000     3.948047    5.097694
------------------------------------------------------------------------------
Underidentification test (Kleibergen-Paap rk LM statistic):             93.807
                                                   Chi-sq(2) P-val =    0.0000
------------------------------------------------------------------------------
Weak identification test (Cragg-Donald Wald F statistic):               64.607
                         (Kleibergen-Paap rk Wald F statistic):         70.135
Stock-Yogo weak ID test critical values: 10% maximal IV size             19.93
                                         15% maximal IV size             11.59
                                         20% maximal IV size              8.75
                                         25% maximal IV size              7.25
Source: Stock-Yogo (2005).  Reproduced by permission.
NB: Critical values are for Cragg-Donald F statistic and i.i.d. errors.
------------------------------------------------------------------------------
Hansen J statistic (overidentification test of all instruments):         0.024
                                                   Chi-sq(1) P-val =    0.8767
------------------------------------------------------------------------------
Instrumented:         educ
Included instruments: exper expersq
Excluded instruments: meduc feduc
------------------------------------------------------------------------------

. *ivreg2  lwage exper expersq (educ = meduc feduc),  cluster(id) first
. 
. /*
> Weak    identification  test    (Cragg-Donald Wald F statistic):        64.607
>                                          (Kleibergen-Paap rk Wald F statistic): 70.135
> */
. 
. /*
> Los instrumentos son claramente relevantes: F de primera etapa ≈ 70, muy por
>  encima de los valores críticos de Staiger–Stock y Stock–Yogo.
>  
>  El modelo está identificado (test de under-ID) y no presenta problemas de
>  identificación débil según Cragg–Donald, KP y las tablas de Stock–Yogo.
>  
>  La inferencia sobre β2 es robusta incluso si uno se preocupa por weak IV, dado que
>  los tests AR y Stock–Wright rechazan con fuerza H0 : β2 = 0.
>  
>  */
.  
.  **# Validez IV
.  
. **  Tests de sobreidentificación: Sargan y Hansen.
. 
. * 3.1 Sargan (asumiendo homocedasticidad)
. ivregress 2sls lwage exper expersq (educ = meduc feduc)

Instrumental-variables 2SLS regression            Number of obs   =        722
                                                  Wald chi2(3)    =      56.75
                                                  Prob > chi2     =     0.0000
                                                  R-squared       =     0.0381
                                                  Root MSE        =     .41103

------------------------------------------------------------------------------
       lwage | Coefficient  Std. err.      z    P>|z|     [95% conf. interval]
-------------+----------------------------------------------------------------
        educ |   .1457095   .0196409     7.42   0.000     .1072141    .1842049
       exper |   .0082983   .0161584     0.51   0.608    -.0233716    .0399683
     expersq |   .0013114   .0007159     1.83   0.067    -.0000918    .0027146
       _cons |   4.522871   .3099917    14.59   0.000     3.915298    5.130443
------------------------------------------------------------------------------
Endogenous: educ
Exogenous:  exper expersq meduc feduc

. estat overid // Sargan chi2(L-K)

  Tests of overidentifying restrictions:

  Sargan (score) chi2(1) =  .023752  (p = 0.8775)
  Basmann chi2(1)        =  .023589  (p = 0.8779)

.  
. * 3.2 Hansen-J robusto a heterocedasticidad
. ivregress 2sls lwage exper expersq (educ = meduc feduc), vce(robust)

Instrumental-variables 2SLS regression            Number of obs   =        722
                                                  Wald chi2(3)    =      67.34
                                                  Prob > chi2     =     0.0000
                                                  R-squared       =     0.0381
                                                  Root MSE        =     .41103

------------------------------------------------------------------------------
             |               Robust
       lwage | Coefficient  std. err.      z    P>|z|     [95% conf. interval]
-------------+----------------------------------------------------------------
        educ |   .1457095   .0182699     7.98   0.000     .1099012    .1815178
       exper |   .0082983   .0168018     0.49   0.621    -.0246325    .0412292
     expersq |   .0013114   .0007036     1.86   0.062    -.0000677    .0026906
       _cons |   4.522871   .2932827    15.42   0.000     3.948047    5.097694
------------------------------------------------------------------------------
Endogenous: educ
Exogenous:  exper expersq meduc feduc

. estat overid // Hansen-J chi2(L-K)

  Test of overidentifying restrictions:

  Score chi2(1)          =  .024074  (p = 0.8767)

.  
. /* El test de Hansen no detecta problemas de sobreidentificación, lo que respalda la
>  validez conjunta de los instrumentos usados. */
.  
. * 3.3 Hansen-J robusto a heterocedasticidad y cluster id
. *ivregress 2sls lwage exper expersq (educ = meduc feduc), vce(cluster id)
. *estat overid // Hansen-J robusto con clustering
.  
.  * Repetimos lo mismo pero usando ivreg2
.  
. ** SARGAN (asumiendo homocedasticidad)
. ivreg2 lwage exper expersq (educ = meduc feduc)

IV (2SLS) estimation
--------------------

Estimates efficient for homoskedasticity only
Statistics consistent for homoskedasticity only

                                                      Number of obs =      722
                                                      F(  3,   718) =    18.81
                                                      Prob > F      =   0.0000
Total (centered) SS     =  126.8119312                Centered R2   =   0.0381
Total (uncentered) SS   =  33511.33726                Uncentered R2 =   0.9964
Residual SS             =  121.9767062                Root MSE      =     .411

------------------------------------------------------------------------------
       lwage | Coefficient  Std. err.      z    P>|z|     [95% conf. interval]
-------------+----------------------------------------------------------------
        educ |   .1457095   .0196409     7.42   0.000     .1072141    .1842049
       exper |   .0082983   .0161584     0.51   0.608    -.0233716    .0399683
     expersq |   .0013114   .0007159     1.83   0.067    -.0000918    .0027146
       _cons |   4.522871   .3099917    14.59   0.000     3.915298    5.130443
------------------------------------------------------------------------------
Underidentification test (Anderson canon. corr. LM statistic):         110.247
                                                   Chi-sq(2) P-val =    0.0000
------------------------------------------------------------------------------
Weak identification test (Cragg-Donald Wald F statistic):               64.607
Stock-Yogo weak ID test critical values: 10% maximal IV size             19.93
                                         15% maximal IV size             11.59
                                         20% maximal IV size              8.75
                                         25% maximal IV size              7.25
Source: Stock-Yogo (2005).  Reproduced by permission.
------------------------------------------------------------------------------
Sargan statistic (overidentification test of all instruments):           0.024
                                                   Chi-sq(1) P-val =    0.8775
------------------------------------------------------------------------------
Instrumented:         educ
Included instruments: exper expersq
Excluded instruments: meduc feduc
------------------------------------------------------------------------------

. overid

Overidentification test: 2SLS-based (LM version)
  Test consistent for homoskedasticity only
j=    0.02  Chi-sq(  1) p-value=0.8775

.  
. ** HANSEN robusto a heterocedasticidad
. ivreg2 lwage exper expersq (educ = meduc feduc), robust

IV (2SLS) estimation
--------------------

Estimates efficient for homoskedasticity only
Statistics robust to heteroskedasticity

                                                      Number of obs =      722
                                                      F(  3,   718) =    22.32
                                                      Prob > F      =   0.0000
Total (centered) SS     =  126.8119312                Centered R2   =   0.0381
Total (uncentered) SS   =  33511.33726                Uncentered R2 =   0.9964
Residual SS             =  121.9767062                Root MSE      =     .411

------------------------------------------------------------------------------
             |               Robust
       lwage | Coefficient  std. err.      z    P>|z|     [95% conf. interval]
-------------+----------------------------------------------------------------
        educ |   .1457095   .0182699     7.98   0.000     .1099012    .1815178
       exper |   .0082983   .0168018     0.49   0.621    -.0246325    .0412292
     expersq |   .0013114   .0007036     1.86   0.062    -.0000677    .0026906
       _cons |   4.522871   .2932827    15.42   0.000     3.948047    5.097694
------------------------------------------------------------------------------
Underidentification test (Kleibergen-Paap rk LM statistic):             93.807
                                                   Chi-sq(2) P-val =    0.0000
------------------------------------------------------------------------------
Weak identification test (Cragg-Donald Wald F statistic):               64.607
                         (Kleibergen-Paap rk Wald F statistic):         70.135
Stock-Yogo weak ID test critical values: 10% maximal IV size             19.93
                                         15% maximal IV size             11.59
                                         20% maximal IV size              8.75
                                         25% maximal IV size              7.25
Source: Stock-Yogo (2005).  Reproduced by permission.
NB: Critical values are for Cragg-Donald F statistic and i.i.d. errors.
------------------------------------------------------------------------------
Hansen J statistic (overidentification test of all instruments):         0.024
                                                   Chi-sq(1) P-val =    0.8767
------------------------------------------------------------------------------
Instrumented:         educ
Included instruments: exper expersq
Excluded instruments: meduc feduc
------------------------------------------------------------------------------

. overid

Overidentification test: 2-step-GMM-based (LM version)
  Test statistic robust to heteroskedasticity
j=    0.02  Chi-sq(  1) p-value=0.8767

. 
. ** HANSEN robusto a heterocedasticidad y cluster id
. *ivreg2 lwage exper expersq (educ = meduc feduc), cluster(id)
. *overid
. 
. 
. **# GMM2S 
.  
. ******************* EXTRA: GMM ******************************
. ivreg2 lwage exper expersq (educ = meduc feduc)

IV (2SLS) estimation
--------------------

Estimates efficient for homoskedasticity only
Statistics consistent for homoskedasticity only

                                                      Number of obs =      722
                                                      F(  3,   718) =    18.81
                                                      Prob > F      =   0.0000
Total (centered) SS     =  126.8119312                Centered R2   =   0.0381
Total (uncentered) SS   =  33511.33726                Uncentered R2 =   0.9964
Residual SS             =  121.9767062                Root MSE      =     .411

------------------------------------------------------------------------------
       lwage | Coefficient  Std. err.      z    P>|z|     [95% conf. interval]
-------------+----------------------------------------------------------------
        educ |   .1457095   .0196409     7.42   0.000     .1072141    .1842049
       exper |   .0082983   .0161584     0.51   0.608    -.0233716    .0399683
     expersq |   .0013114   .0007159     1.83   0.067    -.0000918    .0027146
       _cons |   4.522871   .3099917    14.59   0.000     3.915298    5.130443
------------------------------------------------------------------------------
Underidentification test (Anderson canon. corr. LM statistic):         110.247
                                                   Chi-sq(2) P-val =    0.0000
------------------------------------------------------------------------------
Weak identification test (Cragg-Donald Wald F statistic):               64.607
Stock-Yogo weak ID test critical values: 10% maximal IV size             19.93
                                         15% maximal IV size             11.59
                                         20% maximal IV size              8.75
                                         25% maximal IV size              7.25
Source: Stock-Yogo (2005).  Reproduced by permission.
------------------------------------------------------------------------------
Sargan statistic (overidentification test of all instruments):           0.024
                                                   Chi-sq(1) P-val =    0.8775
------------------------------------------------------------------------------
Instrumented:         educ
Included instruments: exper expersq
Excluded instruments: meduc feduc
------------------------------------------------------------------------------

. ivreg2 lwage exper expersq (educ = meduc feduc), gmm2s 

2-Step GMM estimation
---------------------

Estimates efficient for homoskedasticity only
Statistics consistent for homoskedasticity only

                                                      Number of obs =      722
                                                      F(  3,   718) =    18.81
                                                      Prob > F      =   0.0000
Total (centered) SS     =  126.8119312                Centered R2   =   0.0381
Total (uncentered) SS   =  33511.33726                Uncentered R2 =   0.9964
Residual SS             =  121.9767062                Root MSE      =     .411

------------------------------------------------------------------------------
       lwage | Coefficient  Std. err.      z    P>|z|     [95% conf. interval]
-------------+----------------------------------------------------------------
        educ |   .1457095   .0196409     7.42   0.000     .1072141    .1842049
       exper |   .0082983   .0161584     0.51   0.608    -.0233716    .0399683
     expersq |   .0013114   .0007159     1.83   0.067    -.0000918    .0027146
       _cons |   4.522871   .3099917    14.59   0.000     3.915298    5.130443
------------------------------------------------------------------------------
Underidentification test (Anderson canon. corr. LM statistic):         110.247
                                                   Chi-sq(2) P-val =    0.0000
------------------------------------------------------------------------------
Weak identification test (Cragg-Donald Wald F statistic):               64.607
Stock-Yogo weak ID test critical values: 10% maximal IV size             19.93
                                         15% maximal IV size             11.59
                                         20% maximal IV size              8.75
                                         25% maximal IV size              7.25
Source: Stock-Yogo (2005).  Reproduced by permission.
------------------------------------------------------------------------------
Sargan statistic (overidentification test of all instruments):           0.024
                                                   Chi-sq(1) P-val =    0.8775
------------------------------------------------------------------------------
Instrumented:         educ
Included instruments: exper expersq
Excluded instruments: meduc feduc
------------------------------------------------------------------------------

.    
. /* logicamente, que si asumimos homocedasticidad, no hay ganancia de eficiencia en la estimacion por 2SLS que por GMM en dos etapas*/
.  
. ivreg2 lwage exper expersq (educ = meduc feduc), robust

IV (2SLS) estimation
--------------------

Estimates efficient for homoskedasticity only
Statistics robust to heteroskedasticity

                                                      Number of obs =      722
                                                      F(  3,   718) =    22.32
                                                      Prob > F      =   0.0000
Total (centered) SS     =  126.8119312                Centered R2   =   0.0381
Total (uncentered) SS   =  33511.33726                Uncentered R2 =   0.9964
Residual SS             =  121.9767062                Root MSE      =     .411

------------------------------------------------------------------------------
             |               Robust
       lwage | Coefficient  std. err.      z    P>|z|     [95% conf. interval]
-------------+----------------------------------------------------------------
        educ |   .1457095   .0182699     7.98   0.000     .1099012    .1815178
       exper |   .0082983   .0168018     0.49   0.621    -.0246325    .0412292
     expersq |   .0013114   .0007036     1.86   0.062    -.0000677    .0026906
       _cons |   4.522871   .2932827    15.42   0.000     3.948047    5.097694
------------------------------------------------------------------------------
Underidentification test (Kleibergen-Paap rk LM statistic):             93.807
                                                   Chi-sq(2) P-val =    0.0000
------------------------------------------------------------------------------
Weak identification test (Cragg-Donald Wald F statistic):               64.607
                         (Kleibergen-Paap rk Wald F statistic):         70.135
Stock-Yogo weak ID test critical values: 10% maximal IV size             19.93
                                         15% maximal IV size             11.59
                                         20% maximal IV size              8.75
                                         25% maximal IV size              7.25
Source: Stock-Yogo (2005).  Reproduced by permission.
NB: Critical values are for Cragg-Donald F statistic and i.i.d. errors.
------------------------------------------------------------------------------
Hansen J statistic (overidentification test of all instruments):         0.024
                                                   Chi-sq(1) P-val =    0.8767
------------------------------------------------------------------------------
Instrumented:         educ
Included instruments: exper expersq
Excluded instruments: meduc feduc
------------------------------------------------------------------------------

. ivreg2 lwage exper expersq (educ = meduc feduc), robust gmm2s 

2-Step GMM estimation
---------------------

Estimates efficient for arbitrary heteroskedasticity
Statistics robust to heteroskedasticity

                                                      Number of obs =      722
                                                      F(  3,   718) =    22.51
                                                      Prob > F      =   0.0000
Total (centered) SS     =  126.8119312                Centered R2   =   0.0374
Total (uncentered) SS   =  33511.33726                Uncentered R2 =   0.9964
Residual SS             =  122.0648789                Root MSE      =    .4112

------------------------------------------------------------------------------
             |               Robust
       lwage | Coefficient  std. err.      z    P>|z|     [95% conf. interval]
-------------+----------------------------------------------------------------
        educ |    .145937    .018211     8.01   0.000     .1102442    .1816298
       exper |   .0081375   .0167698     0.49   0.627    -.0247306    .0410057
     expersq |   .0013198   .0007016     1.88   0.060    -.0000552    .0026949
       _cons |   4.520118   .2927458    15.44   0.000     3.946347     5.09389
------------------------------------------------------------------------------
Underidentification test (Kleibergen-Paap rk LM statistic):             93.807
                                                   Chi-sq(2) P-val =    0.0000
------------------------------------------------------------------------------
Weak identification test (Cragg-Donald Wald F statistic):               64.607
                         (Kleibergen-Paap rk Wald F statistic):         70.135
Stock-Yogo weak ID test critical values: 10% maximal IV size             19.93
                                         15% maximal IV size             11.59
                                         20% maximal IV size              8.75
                                         25% maximal IV size              7.25
Source: Stock-Yogo (2005).  Reproduced by permission.
NB: Critical values are for Cragg-Donald F statistic and i.i.d. errors.
------------------------------------------------------------------------------
Hansen J statistic (overidentification test of all instruments):         0.024
                                                   Chi-sq(1) P-val =    0.8767
------------------------------------------------------------------------------
Instrumented:         educ
Included instruments: exper expersq
Excluded instruments: meduc feduc
------------------------------------------------------------------------------

. 
. /* pero permitiendo heterocedasticidad, vemos que el gmm en dos etapas nos da desvios estandar levemente distintos de usar la opcion 2SLS. 
>     Estos sd son un poquito mas pequeños. 
> */
. 
. *ivreg2 lwage exper expersq (educ = meduc feduc), cluster(id) gmm2s 
. 
. ** si queremos usar esta version de estimacion y evaluar los instrumentos (no cambiara nada, solamente los desvios estandar recien vistos): 
.  
. ivreg2 lwage exper expersq (educ = meduc feduc), robust gmm2s first

First-stage regressions
-----------------------


First-stage regression of educ:

Statistics robust to heteroskedasticity
Number of obs =                    722
------------------------------------------------------------------------------
             |               Robust
        educ | Coefficient  std. err.      t    P>|t|     [95% conf. interval]
-------------+----------------------------------------------------------------
       meduc |   .1349799   .0299698     4.50   0.000     .0761408     .193819
       feduc |    .158598   .0267559     5.93   0.000     .1060687    .2111272
       exper |   -.021864   .0734961    -0.30   0.766    -.1661571    .1224292
     expersq |  -.0071344    .002948    -2.42   0.016    -.0129221   -.0013467
       _cons |   11.87133   .5185791    22.89   0.000     10.85321    12.88944
------------------------------------------------------------------------------
F test of excluded instruments:
  F(  2,   717) =    70.14
  Prob > F      =   0.0000
Sanderson-Windmeijer multivariate F test of excluded instruments:
  F(  2,   717) =    70.14
  Prob > F      =   0.0000



Summary results for first-stage regressions
-------------------------------------------

                                           (Underid)            (Weak id)
Variable     | F(  2,   717)  P-val | SW Chi-sq(  2) P-val | SW F(  2,   717)
educ         |      70.14    0.0000 |      141.25   0.0000 |       70.14

NB: first-stage test statistics heteroskedasticity-robust

Stock-Yogo weak ID F test critical values for single endogenous regressor:
                                   10% maximal IV size             19.93
                                   15% maximal IV size             11.59
                                   20% maximal IV size              8.75
                                   25% maximal IV size              7.25
Source: Stock-Yogo (2005).  Reproduced by permission.
NB: Critical values are for i.i.d. errors only.

Underidentification test
Ho: matrix of reduced form coefficients has rank=K1-1 (underidentified)
Ha: matrix has rank=K1 (identified)
Kleibergen-Paap rk LM statistic          Chi-sq(2)=93.81    P-val=0.0000

Weak identification test
Ho: equation is weakly identified
Cragg-Donald Wald F statistic                                      64.61
Kleibergen-Paap Wald rk F statistic                                70.14

Stock-Yogo weak ID test critical values for K1=1 and L1=2:
                                   10% maximal IV size             19.93
                                   15% maximal IV size             11.59
                                   20% maximal IV size              8.75
                                   25% maximal IV size              7.25
Source: Stock-Yogo (2005).  Reproduced by permission.
NB: Critical values are for Cragg-Donald F statistic and i.i.d. errors.

Weak-instrument-robust inference
Tests of joint significance of endogenous regressors B1 in main equation
Ho: B1=0 and orthogonality conditions are valid
Anderson-Rubin Wald test           F(2,717)=      29.85     P-val=0.0000
Anderson-Rubin Wald test           Chi-sq(2)=     60.11     P-val=0.0000
Stock-Wright LM S statistic        Chi-sq(2)=     51.35     P-val=0.0000

NB: Underidentification, weak identification and weak-identification-robust
    test statistics heteroskedasticity-robust

Number of observations               N  =        722
Number of regressors                 K  =          4
Number of endogenous regressors      K1 =          1
Number of instruments                L  =          5
Number of excluded instruments       L1 =          2

2-Step GMM estimation
---------------------

Estimates efficient for arbitrary heteroskedasticity
Statistics robust to heteroskedasticity

                                                      Number of obs =      722
                                                      F(  3,   718) =    22.51
                                                      Prob > F      =   0.0000
Total (centered) SS     =  126.8119312                Centered R2   =   0.0374
Total (uncentered) SS   =  33511.33726                Uncentered R2 =   0.9964
Residual SS             =  122.0648789                Root MSE      =    .4112

------------------------------------------------------------------------------
             |               Robust
       lwage | Coefficient  std. err.      z    P>|z|     [95% conf. interval]
-------------+----------------------------------------------------------------
        educ |    .145937    .018211     8.01   0.000     .1102442    .1816298
       exper |   .0081375   .0167698     0.49   0.627    -.0247306    .0410057
     expersq |   .0013198   .0007016     1.88   0.060    -.0000552    .0026949
       _cons |   4.520118   .2927458    15.44   0.000     3.946347     5.09389
------------------------------------------------------------------------------
Underidentification test (Kleibergen-Paap rk LM statistic):             93.807
                                                   Chi-sq(2) P-val =    0.0000
------------------------------------------------------------------------------
Weak identification test (Cragg-Donald Wald F statistic):               64.607
                         (Kleibergen-Paap rk Wald F statistic):         70.135
Stock-Yogo weak ID test critical values: 10% maximal IV size             19.93
                                         15% maximal IV size             11.59
                                         20% maximal IV size              8.75
                                         25% maximal IV size              7.25
Source: Stock-Yogo (2005).  Reproduced by permission.
NB: Critical values are for Cragg-Donald F statistic and i.i.d. errors.
------------------------------------------------------------------------------
Hansen J statistic (overidentification test of all instruments):         0.024
                                                   Chi-sq(1) P-val =    0.8767
------------------------------------------------------------------------------
Instrumented:         educ
Included instruments: exper expersq
Excluded instruments: meduc feduc
------------------------------------------------------------------------------

. 
.  
.  *********************************************************
.  
.  **# Pruebas de hipotesis
.  
.  ***************************************************************
.  *********************** PRUEBAS DE HIPOTESIS ******************
.  ***************************************************************
.  
.   
.  * ============================================================
.  * 1. Pruebas sobre un solo parámetro
.  * ============================================================
.  
.  ivreg2 lwage exper expersq (educ = meduc feduc), robust

IV (2SLS) estimation
--------------------

Estimates efficient for homoskedasticity only
Statistics robust to heteroskedasticity

                                                      Number of obs =      722
                                                      F(  3,   718) =    22.32
                                                      Prob > F      =   0.0000
Total (centered) SS     =  126.8119312                Centered R2   =   0.0381
Total (uncentered) SS   =  33511.33726                Uncentered R2 =   0.9964
Residual SS             =  121.9767062                Root MSE      =     .411

------------------------------------------------------------------------------
             |               Robust
       lwage | Coefficient  std. err.      z    P>|z|     [95% conf. interval]
-------------+----------------------------------------------------------------
        educ |   .1457095   .0182699     7.98   0.000     .1099012    .1815178
       exper |   .0082983   .0168018     0.49   0.621    -.0246325    .0412292
     expersq |   .0013114   .0007036     1.86   0.062    -.0000677    .0026906
       _cons |   4.522871   .2932827    15.42   0.000     3.948047    5.097694
------------------------------------------------------------------------------
Underidentification test (Kleibergen-Paap rk LM statistic):             93.807
                                                   Chi-sq(2) P-val =    0.0000
------------------------------------------------------------------------------
Weak identification test (Cragg-Donald Wald F statistic):               64.607
                         (Kleibergen-Paap rk Wald F statistic):         70.135
Stock-Yogo weak ID test critical values: 10% maximal IV size             19.93
                                         15% maximal IV size             11.59
                                         20% maximal IV size              8.75
                                         25% maximal IV size              7.25
Source: Stock-Yogo (2005).  Reproduced by permission.
NB: Critical values are for Cragg-Donald F statistic and i.i.d. errors.
------------------------------------------------------------------------------
Hansen J statistic (overidentification test of all instruments):         0.024
                                                   Chi-sq(1) P-val =    0.8767
------------------------------------------------------------------------------
Instrumented:         educ
Included instruments: exper expersq
Excluded instruments: meduc feduc
------------------------------------------------------------------------------

.  *  H0: beta_educ = 0.145 (retorno del 14.5% por año)
.  *  El comando test usa la matriz de varianzas 2SLS (robusta si vce(robust))
.  
.  test educ = 0.08

 ( 1)  educ = .08

           chi2(  1) =   12.94
         Prob > chi2 =    0.0003

.  *  El output reporta el estadístico chi2 y el F equivalente.
.  *  Para N grande, el test t asociado es asintóticamente N(0,1).
.  
.  
.  * ============================================================
.  * 2. Prueba sobre una combinación lineal:
.  *    retorno marginal de la experiencia en 10 años
.  *    theta = beta_exper + 20*beta_expersq
.  * ============================================================
.  
.  ivreg2 lwage exper expersq (educ = meduc feduc), robust

IV (2SLS) estimation
--------------------

Estimates efficient for homoskedasticity only
Statistics robust to heteroskedasticity

                                                      Number of obs =      722
                                                      F(  3,   718) =    22.32
                                                      Prob > F      =   0.0000
Total (centered) SS     =  126.8119312                Centered R2   =   0.0381
Total (uncentered) SS   =  33511.33726                Uncentered R2 =   0.9964
Residual SS             =  121.9767062                Root MSE      =     .411

------------------------------------------------------------------------------
             |               Robust
       lwage | Coefficient  std. err.      z    P>|z|     [95% conf. interval]
-------------+----------------------------------------------------------------
        educ |   .1457095   .0182699     7.98   0.000     .1099012    .1815178
       exper |   .0082983   .0168018     0.49   0.621    -.0246325    .0412292
     expersq |   .0013114   .0007036     1.86   0.062    -.0000677    .0026906
       _cons |   4.522871   .2932827    15.42   0.000     3.948047    5.097694
------------------------------------------------------------------------------
Underidentification test (Kleibergen-Paap rk LM statistic):             93.807
                                                   Chi-sq(2) P-val =    0.0000
------------------------------------------------------------------------------
Weak identification test (Cragg-Donald Wald F statistic):               64.607
                         (Kleibergen-Paap rk Wald F statistic):         70.135
Stock-Yogo weak ID test critical values: 10% maximal IV size             19.93
                                         15% maximal IV size             11.59
                                         20% maximal IV size              8.75
                                         25% maximal IV size              7.25
Source: Stock-Yogo (2005).  Reproduced by permission.
NB: Critical values are for Cragg-Donald F statistic and i.i.d. errors.
------------------------------------------------------------------------------
Hansen J statistic (overidentification test of all instruments):         0.024
                                                   Chi-sq(1) P-val =    0.8767
------------------------------------------------------------------------------
Instrumented:         educ
Included instruments: exper expersq
Excluded instruments: meduc feduc
------------------------------------------------------------------------------

.  * 2.1 Estimación e intervalo de confianza para theta
.  lincom exper + 20*expersq

 ( 1)  exper + 20*expersq = 0

------------------------------------------------------------------------------
       lwage | Coefficient  Std. err.      z    P>|z|     [95% conf. interval]
-------------+----------------------------------------------------------------
         (1) |   .0345272   .0056312     6.13   0.000     .0234902    .0455642
------------------------------------------------------------------------------

.  
.  * 2.2 Test de H0: theta = 0 <=> beta_exper + 20*beta_expersq = 0
.  test exper + 20*expersq = 0

 ( 1)  exper + 20*expersq = 0

           chi2(  1) =   37.59
         Prob > chi2 =    0.0000

. 
.  * ============================================================
.  * 3. Test Wald conjunto de exclusión:
.  *    H0: beta_exper = 0 y beta_expersq = 0
.  * ============================================================
.  
.  ivreg2 lwage exper expersq (educ = meduc feduc), robust

IV (2SLS) estimation
--------------------

Estimates efficient for homoskedasticity only
Statistics robust to heteroskedasticity

                                                      Number of obs =      722
                                                      F(  3,   718) =    22.32
                                                      Prob > F      =   0.0000
Total (centered) SS     =  126.8119312                Centered R2   =   0.0381
Total (uncentered) SS   =  33511.33726                Uncentered R2 =   0.9964
Residual SS             =  121.9767062                Root MSE      =     .411

------------------------------------------------------------------------------
             |               Robust
       lwage | Coefficient  std. err.      z    P>|z|     [95% conf. interval]
-------------+----------------------------------------------------------------
        educ |   .1457095   .0182699     7.98   0.000     .1099012    .1815178
       exper |   .0082983   .0168018     0.49   0.621    -.0246325    .0412292
     expersq |   .0013114   .0007036     1.86   0.062    -.0000677    .0026906
       _cons |   4.522871   .2932827    15.42   0.000     3.948047    5.097694
------------------------------------------------------------------------------
Underidentification test (Kleibergen-Paap rk LM statistic):             93.807
                                                   Chi-sq(2) P-val =    0.0000
------------------------------------------------------------------------------
Weak identification test (Cragg-Donald Wald F statistic):               64.607
                         (Kleibergen-Paap rk Wald F statistic):         70.135
Stock-Yogo weak ID test critical values: 10% maximal IV size             19.93
                                         15% maximal IV size             11.59
                                         20% maximal IV size              8.75
                                         25% maximal IV size              7.25
Source: Stock-Yogo (2005).  Reproduced by permission.
NB: Critical values are for Cragg-Donald F statistic and i.i.d. errors.
------------------------------------------------------------------------------
Hansen J statistic (overidentification test of all instruments):         0.024
                                                   Chi-sq(1) P-val =    0.8767
------------------------------------------------------------------------------
Instrumented:         educ
Included instruments: exper expersq
Excluded instruments: meduc feduc
------------------------------------------------------------------------------

.  test exper expersq

 ( 1)  exper = 0
 ( 2)  expersq = 0

           chi2(  2) =   54.65
         Prob > chi2 =    0.0000

.  
.  * Esto implementa:
.  * H0: beta_2 = 0, beta_3 = 0
.  * usando la matriz de varianzas de 2SLS.
.  * Stata muestra el chi2 (Wald) con Q=2 g.l. y el F aproximado F(2, N-K).
.  * ============================================================
.  
.  
.  * 4. Esquema de test LM (score) para exclusión de experiencia 
.  *  (implementación manual siguiendo la construcción teórica)
.  * ============================================================
.  
.  * 4.1 Modelo restringido (sin exper ni expersq), estimado por 2SLS
.  ivregress 2sls lwage (educ = meduc feduc), vce(robust)

Instrumental-variables 2SLS regression            Number of obs   =        722
                                                  Wald chi2(1)    =      48.97
                                                  Prob > chi2     =     0.0000
                                                  R-squared       =     0.0409
                                                  Root MSE        =     .41043

------------------------------------------------------------------------------
             |               Robust
       lwage | Coefficient  std. err.      z    P>|z|     [95% conf. interval]
-------------+----------------------------------------------------------------
        educ |   .1032927   .0147601     7.00   0.000     .0743634    .1322219
       _cons |    5.38859   .2013875    26.76   0.000     4.993878    5.783303
------------------------------------------------------------------------------
Endogenous: educ
Exogenous:  meduc feduc

.  predict u_tilde, resid // residuos restringidos \tilde{u_i}

.  
.  * 4.2 Primeras etapas para educ, exper y expersq sobre el conjunto de instrumentos z
. *  z_i = (1, exper_i, expersq_i, motheduc_i, fatheduc_i, huseduc_i)
. 
.  regress educ exper expersq meduc feduc

      Source |       SS           df       MS      Number of obs   =       722
-------------+----------------------------------   F(4, 717)       =     86.82
       Model |  1177.09268         4  294.273169   Prob > F        =    0.0000
    Residual |    2430.122       717   3.3892915   R-squared       =    0.3263
-------------+----------------------------------   Adj R-squared   =    0.3226
       Total |  3607.21468       721  5.00307168   Root MSE        =     1.841

------------------------------------------------------------------------------
        educ | Coefficient  Std. err.      t    P>|t|     [95% conf. interval]
-------------+----------------------------------------------------------------
       exper |   -.021864   .0724194    -0.30   0.763    -.1640433    .1203154
     expersq |  -.0071344   .0030883    -2.31   0.021    -.0131976   -.0010712
       meduc |   .1349799   .0296893     4.55   0.000     .0766916    .1932682
       feduc |    .158598    .025893     6.13   0.000     .1077627    .2094332
       _cons |   11.87133   .4960715    23.93   0.000      10.8974    12.84525
------------------------------------------------------------------------------

.  predict educ_hat, xb
(213 missing values generated)

. 
.  regress exper exper expersq meduc feduc

      Source |       SS           df       MS      Number of obs   =       722
-------------+----------------------------------   F(4, 717)       =         .
       Model |  13018.5554         4  3254.63885   Prob > F        =         .
    Residual |           0       717           0   R-squared       =    1.0000
-------------+----------------------------------   Adj R-squared   =    1.0000
       Total |  13018.5554       721  18.0562488   Root MSE        =         0

------------------------------------------------------------------------------
       exper | Coefficient  Std. err.      t    P>|t|     [95% conf. interval]
-------------+----------------------------------------------------------------
       exper |          1          .        .       .            .           .
     expersq |  -2.14e-16          .        .       .            .           .
       meduc |   5.10e-18          .        .       .            .           .
       feduc |  -1.02e-16          .        .       .            .           .
       _cons |  -2.31e-14          .        .       .            .           .
------------------------------------------------------------------------------

.  predict exper_hat, xb
(213 missing values generated)

.  
.  regress expersq exper expersq meduc feduc

      Source |       SS           df       MS      Number of obs   =       722
-------------+----------------------------------   F(4, 717)       =         .
       Model |  7216184.36         4  1804046.09   Prob > F        =         .
    Residual |           0       717           0   R-squared       =    1.0000
-------------+----------------------------------   Adj R-squared   =    1.0000
       Total |  7216184.36       721  10008.5775   Root MSE        =         0

------------------------------------------------------------------------------
     expersq | Coefficient  Std. err.      t    P>|t|     [95% conf. interval]
-------------+----------------------------------------------------------------
       exper |   1.37e-16          .        .       .            .           .
     expersq |          1          .        .       .            .           .
       meduc |  -1.36e-15          .        .       .            .           .
       feduc |   1.52e-15          .        .       .            .           .
       _cons |          0  (omitted)
------------------------------------------------------------------------------

.  predict expersq_hat, xb
(213 missing values generated)

.  
.  * 4.3 Regresión auxiliar del LM:
.  * \tilde{u_i} = alpha_0 + alpha_1*educ_hat + alpha_2*exper_hat + alpha_3*expersq_hat + eta_i
.  
.  regress u_tilde educ_hat exper_hat expersq_hat

      Source |       SS           df       MS      Number of obs   =       722
-------------+----------------------------------   F(3, 718)       =     25.42
       Model |  11.6775411         3  3.89251369   Prob > F        =    0.0000
    Residual |  109.946019       718  .153128161   R-squared       =    0.0960
-------------+----------------------------------   Adj R-squared   =    0.0922
       Total |  121.623561       721  .168687324   Root MSE        =    .39132

------------------------------------------------------------------------------
     u_tilde | Coefficient  Std. err.      t    P>|t|     [95% conf. interval]
-------------+----------------------------------------------------------------
    educ_hat |   .0424168    .018699     2.27   0.024     .0057056    .0791281
   exper_hat |   .0082983   .0153836     0.54   0.590    -.0219038    .0385005
 expersq_hat |   .0013114   .0006816     1.92   0.055    -.0000267    .0026496
       _cons |  -.8657196   .2951262    -2.93   0.003    -1.445133   -.2863061
------------------------------------------------------------------------------

.  
.  * Si se desea seguir la teoría al pie de la letra,
.  * se puede usar una regresión sin constante:
.  * regress u_tilde educ_hat exper_hat expersq_hat, noconstant
.  
.  * 4.4 Cálculo del estadístico LM:
.  * LM = N * R_u^2 (R^2 de la regresión auxiliar; típicamente no centrado)
.  
.  display "LM = " _N * e(r2)
LM = 89.77291

.  
.  * Bajo H0: beta_2 = beta_3 = 0, LM ~ chi2(2) de manera asintótica.
.  * Se rechaza H0 si LM > chi2(2, 1-alpha).
.  
.  * ============================================================
.  * Comentario final:
.  * En la práctica, para estas restricciones de exclusión,
.  * el test de Wald/F vía 'test exper expersq' después de ivregress 2sls
.  * es mucho más sencillo y asintóticamente equivalente al F_2SLS y al LM.
.  * ============================================================
.  
. 
.  regress u_tilde educ_hat exper_hat expersq_hat, noconstant

      Source |       SS           df       MS      Number of obs   =       722
-------------+----------------------------------   F(3, 719)       =     22.32
       Model |  10.3599096         3   3.4533032   Prob > F        =    0.0000
    Residual |  111.263651       719  .154747776   R-squared       =    0.0852
-------------+----------------------------------   Adj R-squared   =    0.0814
       Total |  121.623561       722  .168453685   Root MSE        =    .39338

------------------------------------------------------------------------------
     u_tilde | Coefficient  Std. err.      t    P>|t|     [95% conf. interval]
-------------+----------------------------------------------------------------
    educ_hat |  -.0101068    .005418    -1.87   0.063    -.0207438    .0005303
   exper_hat |  -.0037669   .0149017    -0.25   0.801     -.033023    .0254892
 expersq_hat |   .0012485   .0006849     1.82   0.069     -.000096    .0025931
------------------------------------------------------------------------------

.  display "LM = " _N * e(r2)
LM = 79.643413

. 
.  
.  
.  
.  
.  
.  
.  
.  
.  
.  
.  
.  
.  
.  
.  
.  
.  
.  
.  
.  
.  
.  
.  
.  
.  
.  
.  
.  
.  
.  
.  
.  
.  
. 
end of do-file

. log close
      name:  <unnamed>
       log:  C:\Users\Equipo\Downloads\vi.log
  log type:  text
 closed on:  26 Mar 2026, 03:56:07
---------------------------------------------------------------------------------------------------------------------------------------------------------------------
