---------------------------------------------------------------------------------------------------------------------------------------------------------------------
      name:  <unnamed>
       log:  C:\Users\Equipo\Downloads\2_taller.log
  log type:  text
 opened on:  26 Mar 2026, 04:08:11

. do "C:\Users\Equipo\OneDrive\Desktop\proyecto\4Medio ambiente- innovacion\3. Estrategia empirica\3. Modelos\talleres por tema - teoria econometrica\2taller_PANEL_P
> OOLED_Wagepan.do"

. **# Capitulo 7
. 
. clear all  

.   
. bcuse wagepan, clear

Contains data from http://fmwww.bc.edu/ec-p/data/wooldridge/wagepan.dta
 Observations:         4,360                  
    Variables:            27                  15 Mar 2021 18:24
---------------------------------------------------------------------------------------------------------------------------------------------------------------------
Variable      Storage   Display    Value
    name         type    format    label      Variable label
---------------------------------------------------------------------------------------------------------------------------------------------------------------------
nr              float   %9.0g                 person identifier
year            float   %9.0g                 1980 to 1987
black           float   %9.0g                 =1 if black
exper           float   %9.0g                 labor mkt experience
hisp            float   %9.0g                 =1 if Hispanic
hours           float   %9.0g                 annual hours worked
married         float   %9.0g                 =1 if married
occ1            float   %9.0g                 =1 if Professional, Technical and kindred
occ2            float   %9.0g                 =1 if Managers, Offcials and Proprietors
occ3            float   %9.0g                 =1 if Sales Workers
occ4            float   %9.0g                 =1 if Clerical and kindred
occ5            float   %9.0g                 =1 if Craftsmen, Foremen and kindred
occ6            float   %9.0g                 =1 if Operatives and kindred
occ7            float   %9.0g                 =1 if Laborers and farmers
occ8            float   %9.0g                 =1 if Farm Laborers and Foreman
occ9            float   %9.0g                 =1 if Service Workers
educ            float   %9.0g                 years of schooling
union           float   %9.0g                 =1 if in union
lwage           float   %9.0g                 log(wage)
d81             float   %9.0g                 =1 if year == 1981
d82             float   %9.0g                 =1 if year == 1982
d83             float   %9.0g                 =1 if year == 1983
d84             float   %9.0g                 =1 if year == 1984
d85             float   %9.0g                 =1 if year == 1985
d86             float   %9.0g                 =1 if year == 1986
d87             float   %9.0g                 =1 if year == 1987
expersq         float   %9.0g                 exper^2
---------------------------------------------------------------------------------------------------------------------------------------------------------------------
Sorted by: 

. describe

Contains data from http://fmwww.bc.edu/ec-p/data/wooldridge/wagepan.dta
 Observations:         4,360                  
    Variables:            27                  15 Mar 2021 18:24
---------------------------------------------------------------------------------------------------------------------------------------------------------------------
Variable      Storage   Display    Value
    name         type    format    label      Variable label
---------------------------------------------------------------------------------------------------------------------------------------------------------------------
nr              float   %9.0g                 person identifier
year            float   %9.0g                 1980 to 1987
black           float   %9.0g                 =1 if black
exper           float   %9.0g                 labor mkt experience
hisp            float   %9.0g                 =1 if Hispanic
hours           float   %9.0g                 annual hours worked
married         float   %9.0g                 =1 if married
occ1            float   %9.0g                 =1 if Professional, Technical and kindred
occ2            float   %9.0g                 =1 if Managers, Offcials and Proprietors
occ3            float   %9.0g                 =1 if Sales Workers
occ4            float   %9.0g                 =1 if Clerical and kindred
occ5            float   %9.0g                 =1 if Craftsmen, Foremen and kindred
occ6            float   %9.0g                 =1 if Operatives and kindred
occ7            float   %9.0g                 =1 if Laborers and farmers
occ8            float   %9.0g                 =1 if Farm Laborers and Foreman
occ9            float   %9.0g                 =1 if Service Workers
educ            float   %9.0g                 years of schooling
union           float   %9.0g                 =1 if in union
lwage           float   %9.0g                 log(wage)
d81             float   %9.0g                 =1 if year == 1981
d82             float   %9.0g                 =1 if year == 1982
d83             float   %9.0g                 =1 if year == 1983
d84             float   %9.0g                 =1 if year == 1984
d85             float   %9.0g                 =1 if year == 1985
d86             float   %9.0g                 =1 if year == 1986
d87             float   %9.0g                 =1 if year == 1987
expersq         float   %9.0g                 exper^2
---------------------------------------------------------------------------------------------------------------------------------------------------------------------
Sorted by: 

. 
. * Declarar la estructura de panel y ordenar observaciones
. xtset nr year

Panel variable: nr (strongly balanced)
 Time variable: year, 1980 to 1987
         Delta: 1 unit

. sort nr year

. 
. 
. **# POOL-MCO
. 
.   *MCO agrupado (pooled OLS) con varianza clásica
. regress  lwage educ exper expersq union married black 

      Source |       SS           df       MS      Number of obs   =     4,360
-------------+----------------------------------   F(6, 4353)      =    166.30
       Model |   230.58825         6   38.431375   Prob > F        =    0.0000
    Residual |  1005.94137     4,353  .231091517   R-squared       =    0.1865
-------------+----------------------------------   Adj R-squared   =    0.1854
       Total |  1236.52962     4,359  .283672774   Root MSE        =    .48072

------------------------------------------------------------------------------
       lwage | Coefficient  Std. err.      t    P>|t|     [95% conf. interval]
-------------+----------------------------------------------------------------
        educ |   .0987582   .0046023    21.46   0.000     .0897353     .107781
       exper |   .0889479   .0101059     8.80   0.000     .0691352    .1087606
     expersq |  -.0028299   .0007069    -4.00   0.000    -.0042158   -.0014441
       union |   .1807191   .0170982    10.57   0.000     .1471979    .2142403
     married |   .1075152   .0156944     6.85   0.000     .0767461    .1382843
       black |   -.146868   .0232142    -6.33   0.000    -.1923797   -.1013563
       _cons |  -.0240286   .0629953    -0.38   0.703    -.1475315    .0994742
------------------------------------------------------------------------------

.  
.   *MCO agrupado con matriz de varianza robusta "simple" (Huber-White)
. regress  lwage educ exper expersq union married black, vce(robust)

Linear regression                               Number of obs     =      4,360
                                                F(6, 4353)        =     171.07
                                                Prob > F          =     0.0000
                                                R-squared         =     0.1865
                                                Root MSE          =     .48072

------------------------------------------------------------------------------
             |               Robust
       lwage | Coefficient  std. err.      t    P>|t|     [95% conf. interval]
-------------+----------------------------------------------------------------
        educ |   .0987582   .0045001    21.95   0.000     .0899356    .1075807
       exper |   .0889479   .0101519     8.76   0.000      .069045    .1088508
     expersq |  -.0028299   .0006797    -4.16   0.000    -.0041625   -.0014974
       union |   .1807191   .0162578    11.12   0.000     .1488455    .2125927
     married |   .1075152    .015249     7.05   0.000     .0776194     .137411
       black |   -.146868   .0239709    -6.13   0.000    -.1938633   -.0998728
       _cons |  -.0240286   .0627758    -0.38   0.702    -.1471012     .099044
------------------------------------------------------------------------------

.   
.   *MCO agrupado con matrizde varianza robusta tambien a correlacion serial (cluster en id)
. regress  lwage educ exper expersq union married black, vce(cluster nr)

Linear regression                               Number of obs     =      4,360
                                                F(6, 544)         =      68.07
                                                Prob > F          =     0.0000
                                                R-squared         =     0.1865
                                                Root MSE          =     .48072

                                   (Std. err. adjusted for 545 clusters in nr)
------------------------------------------------------------------------------
             |               Robust
       lwage | Coefficient  std. err.      t    P>|t|     [95% conf. interval]
-------------+----------------------------------------------------------------
        educ |   .0987582   .0089413    11.05   0.000     .0811944    .1163219
       exper |   .0889479   .0124591     7.14   0.000     .0644741    .1134217
     expersq |  -.0028299   .0008731    -3.24   0.001    -.0045449    -.001115
       union |   .1807191    .027687     6.53   0.000     .1263326    .2351056
     married |   .1075152   .0260666     4.12   0.000     .0563118    .1587186
       black |   -.146868   .0492885    -2.98   0.003    -.2436872   -.0500489
       _cons |  -.0240286   .1143511    -0.21   0.834    -.2486524    .2005952
------------------------------------------------------------------------------

.  
. ***** nota ****
. ** observar que con el supuesto POLS.1 es suficiente (Exogeneidad contemporanea, version debil)
.  
.  
.  * Podemos agregar dummies temporales como controles adicionales:
. regress  lwage educ exper expersq union married black i.year, vce(cluster nr)

Linear regression                               Number of obs     =      4,360
                                                F(13, 544)        =      49.98
                                                Prob > F          =     0.0000
                                                R-squared         =     0.1892
                                                Root MSE          =     .48031

                                   (Std. err. adjusted for 545 clusters in nr)
------------------------------------------------------------------------------
             |               Robust
       lwage | Coefficient  std. err.      t    P>|t|     [95% conf. interval]
-------------+----------------------------------------------------------------
        educ |   .0907146   .0108457     8.36   0.000     .0694101    .1120191
       exper |   .0669274   .0195469     3.42   0.001     .0285307     .105324
     expersq |  -.0023875   .0010244    -2.33   0.020    -.0043998   -.0003752
       union |   .1831315   .0275341     6.65   0.000     .1290453    .2372177
     married |    .108094   .0260188     4.15   0.000     .0569845    .1592036
       black |  -.1423222   .0497384    -2.86   0.004     -.240025   -.0446194
             |
        year |
       1981  |   .0584744   .0281803     2.08   0.038     .0031189    .1138299
       1982  |   .0630235   .0369094     1.71   0.088    -.0094789    .1355259
       1983  |   .0623225   .0461705     1.35   0.178    -.0283717    .1530167
       1984  |   .0907742   .0578867     1.57   0.117    -.0229345     .204483
       1985  |   .1095213   .0667783     1.64   0.102    -.0216535    .2406962
       1986  |   .1421435    .076196     1.87   0.063    -.0075309    .2918178
       1987  |   .1738353   .0851938     2.04   0.042     .0064861    .3411844
             |
       _cons |   .1028863   .1562062     0.66   0.510     -.203955    .4097276
------------------------------------------------------------------------------

. 
.  
. **# Pruebas de correlacion serial
. 
.  
.  ************************************ Prueba de correlacion serial AR(1) basada en ˆui,t−1 **************************************
.   
.  * Podemos usar los residuos de MCO agrupado con varianza homocedastica:
. regress  lwage educ exper expersq union married black i.year

      Source |       SS           df       MS      Number of obs   =     4,360
-------------+----------------------------------   F(13, 4346)     =     77.99
       Model |  233.911366        13   17.993182   Prob > F        =    0.0000
    Residual |  1002.61826     4,346  .230699093   R-squared       =    0.1892
-------------+----------------------------------   Adj R-squared   =    0.1867
       Total |  1236.52962     4,359  .283672774   Root MSE        =    .48031

------------------------------------------------------------------------------
       lwage | Coefficient  Std. err.      t    P>|t|     [95% conf. interval]
-------------+----------------------------------------------------------------
        educ |   .0907146   .0051718    17.54   0.000     .0805752    .1008539
       exper |   .0669274   .0136884     4.89   0.000     .0400911    .0937636
     expersq |  -.0023875   .0008193    -2.91   0.004    -.0039938   -.0007812
       union |   .1831315   .0171339    10.69   0.000     .1495403    .2167226
     married |    .108094   .0156873     6.89   0.000     .0773389    .1388492
       black |  -.1423222   .0232352    -6.13   0.000     -.187875   -.0967694
             |
        year |
       1981  |   .0584744   .0303516     1.93   0.054    -.0010301    .1179789
       1982  |   .0630235   .0332109     1.90   0.058    -.0020869    .1281339
       1983  |   .0623225   .0366562     1.70   0.089    -.0095424    .1341873
       1984  |   .0907742   .0400868     2.26   0.024     .0121836    .1693649
       1985  |   .1095213    .043349     2.53   0.012     .0245352    .1945074
       1986  |   .1421435   .0464202     3.06   0.002     .0511362    .2331507
       1987  |   .1738353   .0494307     3.52   0.000     .0769258    .2707447
             |
       _cons |   .1028863   .0769932     1.34   0.182    -.0480596    .2538323
------------------------------------------------------------------------------

.  * Guardar residuos de MCO agrupado: \hat{u_it}
. predict uhat, resid

.   
.  * Generar el rezago de los residuos: \hat{u_i,t-1}
. sort nr year

. by nr: gen uhat_L1 = uhat[_n-1]
(545 missing values generated)

.  
.  * Estimar la ecuación de prueba (7.82) con varianza robusta por clúster en id, 
.  * utilizando los residuos previos ya guardados:
.   
. regress lwage educ exper expersq union married black i.year uhat_L1 if !missing(uhat_L1), vce(cluster nr)

Linear regression                               Number of obs     =      3,815
                                                F(13, 544)        =     137.06
                                                Prob > F          =     0.0000
                                                R-squared         =     0.4387
                                                Root MSE          =     .38938

                                   (Std. err. adjusted for 545 clusters in nr)
------------------------------------------------------------------------------
             |               Robust
       lwage | Coefficient  std. err.      t    P>|t|     [95% conf. interval]
-------------+----------------------------------------------------------------
        educ |   .0900576    .005429    16.59   0.000     .0793933    .1007219
       exper |    .043265   .0134548     3.22   0.001     .0168354    .0696947
     expersq |  -.0012378   .0006573    -1.88   0.060    -.0025291    .0000534
       union |   .1426744   .0157612     9.05   0.000     .1117141    .1736347
     married |   .0942864    .014296     6.60   0.000     .0662043    .1223685
       black |  -.1521138   .0265408    -5.73   0.000    -.2042489   -.0999788
             |
        year |
       1982  |   .0190906   .0298118     0.64   0.522    -.0394697    .0776509
       1983  |   .0301681    .027304     1.10   0.270    -.0234661    .0838024
       1984  |   .0682606   .0328419     2.08   0.038     .0037482    .1327731
       1985  |   .0928356   .0371536     2.50   0.013     .0198534    .1658178
       1986  |   .1295042   .0412818     3.14   0.002      .048413    .2105954
       1987  |    .165592   .0428673     3.86   0.000     .0813864    .2497977
             |
     uhat_L1 |   .5549772   .0290229    19.12   0.000     .4979665     .611988
       _cons |   .2576213   .0903138     2.85   0.005     .0802148    .4350277
------------------------------------------------------------------------------

. 
.  /* Esta regresión no es un modelo estructural que nos interese para interpretar β; es solo una regresión auxiliar para testear si los residuos están autocorrelaci
> onados. 
>  El t de uhat_L1 ≠ 0 indica evidencia de AR(1) en los errores (bajo exogeneidad secuencial).*/
.  * El test t sobre uhat_L1 = 0 es la prueba de H0: rho_1 = 0 (sin AR(1) en u_it)
.  * Valido bajo POLS.1 asumiendo que u_it no esta correlacionado con u_it-1, que es una función de x_it-1 y de y_it-1; por ello le sienta mas natural la exogeneidad
>  secuencial.
.  
. /* El test te dice: "Hay autocorrelación remanente en los errores".
> Las causas posibles: dinámica mal especificada (falta de rezagos), heterogeneidad inobservable, mala forma funcional (falta de terminos cuadraticos), etc.
> Una "solución" podria ser agregar rezagos; pero también podría ser cambiar la forma funcional, o pasar a modelos FE/RE. */ 
.  
. ***********************************  Prueba de correlación serial AR(1) basada sólo en residuos (de MCO agrupado) *********************************
. 
.  * Regresión de residuos sobre su rezago: versión alternativa de la prueba AR(1)
.  regress uhat uhat_L1 i.year if !missing(uhat_L1), vce(cluster nr)

Linear regression                               Number of obs     =      3,815
                                                F(7, 544)         =      57.61
                                                Prob > F          =     0.0000
                                                R-squared         =     0.3221
                                                Root MSE          =      .3898

                                   (Std. err. adjusted for 545 clusters in nr)
------------------------------------------------------------------------------
             |               Robust
        uhat | Coefficient  std. err.      t    P>|t|     [95% conf. interval]
-------------+----------------------------------------------------------------
     uhat_L1 |   .5524969    .029049    19.02   0.000     .4954349    .6095588
             |
        year |
       1982  |  -6.48e-10   .0280668    -0.00   1.000    -.0551326    .0551326
       1983  |   7.71e-11   .0228075     0.00   1.000    -.0448016    .0448016
       1984  |  -1.36e-09   .0237315    -0.00   1.000    -.0466166    .0466166
       1985  |  -7.45e-10   .0247091    -0.00   1.000    -.0485369    .0485369
       1986  |   1.75e-10     .02537     0.00   1.000    -.0498352    .0498352
       1987  |  -9.62e-10   .0222235    -0.00   1.000    -.0436543    .0436543
             |
       _cons |   3.82e-10   .0202515     0.00   1.000    -.0397807    .0397807
------------------------------------------------------------------------------

. 
.  /* Si uhat_L1 sale significativo, hay evidencia de autocorrelación en los errores. 
>   * El test t sobre uhat_L1 = 0 contrasta H0: rho_1 = 0
>  * Valido bajo exogeneidad estricta. (No creible) 
>  Como ya estamos usando vce(cluster nr) en nuestro modelo estimado, eso no "rompe" nuestros errores estándar, pero sí nos dice que la dinámica del modelo está inco
> mpleta.*/
. 
.   
. **# Prueba de heterocedasticidad
.  
. *************************************  Prueba de heterocedasticidad tipo LM   ********************************
.  
. * utilizando los residuos previos ya guardados:
. 
.  * 1) Construir el cuadrado de los residuos: \hat{u_it^2}
.  gen uhat2 = uhat^2

.  * 2) Regresión auxiliar: uhat^2 sobre h_it (aqui representadas por los regresores, sus cuadrados..)
.  gen educsq = educ^2

.  gen educ_exper = exper*educ

.  
.  
. regress uhat2 educ exper expersq union married black i.year educsq educ_exper

      Source |       SS           df       MS      Number of obs   =     4,360
-------------+----------------------------------   F(15, 4344)     =      1.87
       Model |  13.7551609        15   .91701073   Prob > F        =    0.0213
    Residual |  2126.74924     4,344  .489583158   R-squared       =    0.0064
-------------+----------------------------------   Adj R-squared   =    0.0030
       Total |   2140.5044     4,359  .491054003   Root MSE        =     .6997

------------------------------------------------------------------------------
       uhat2 | Coefficient  Std. err.      t    P>|t|     [95% conf. interval]
-------------+----------------------------------------------------------------
        educ |  -.0265269   .0740325    -0.36   0.720    -.1716685    .1186146
       exper |  -.0267199   .0517766    -0.52   0.606    -.1282284    .0747886
     expersq |    .000363   .0016331     0.22   0.824    -.0028388    .0035648
       union |  -.0366466   .0251601    -1.46   0.145    -.0859733    .0126801
     married |  -.0613412   .0228534    -2.68   0.007    -.1061454    -.016537
       black |   .0241597    .033945     0.71   0.477    -.0423898    .0907092
             |
        year |
       1981  |   .0010343   .0445125     0.02   0.981    -.0862329    .0883014
       1982  |  -.0152028   .0490593    -0.31   0.757    -.1113841    .0809785
       1983  |  -.0038063   .0541645    -0.07   0.944    -.1099963    .1023837
       1984  |   .0667718   .0589749     1.13   0.258    -.0488491    .1823927
       1985  |   .0712406   .0635149     1.12   0.262    -.0532811    .1957623
       1986  |   .0881915   .0681365     1.29   0.196    -.0453908    .2217737
       1987  |   .0594883   .0734912     0.81   0.418    -.0845919    .2035686
             |
      educsq |   .0012361   .0025677     0.48   0.630    -.0037979    .0062702
  educ_exper |   .0004213   .0029952     0.14   0.888    -.0054509    .0062935
       _cons |   .4909663   .5513968     0.89   0.373    -.5900528    1.571985
------------------------------------------------------------------------------

.  
.  * 3) Estadístico LM = N_obs * R^2 de la regresión auxiliar (R^2 sin corregir)
.  scalar LM = e(N)*e(r2)

.  * 4) Grados de libertad = número de variables explicativas en h_it (df_m)
.  scalar df = e(df_m)

.  * 5) p-valor de la prueba chi-cuadrado
.  display "LM = " LM ", df = " df ", p-value = " chi2tail(df, LM)
LM = 28.01793, df = 15, p-value = .02145707

.  
.  /*Bajo la hipótesis nula de homocedasticidad respecto de las variables en "h_it" (δ = 0), el estadístico LM tiene aproximadamente una distribución χ2
>  Q, donde Q es la dimensión de "h_it" (número de regresores en la regresión auxiliar). 
>  
>  Se rechaza la hipotesis nula al 5% usual: encuentra heterocedasticidad. 
>  Esta heterocedasticidad es respecto a las variables incluidas como "h_it" en la auxiliar, meter educ^2 y educ*exper hace el test más flexible.*/
.  
.  
.  **# POOL-FGLS
.  
.  
.  *******************************   Implementación de FGLS bajo estructuras específicas de Ω   *******************************************
.  
.  /* Como alternativa a usar una varianza robusta (vce(cluster nr)), podemos imponer una estructura paramétrica concreta sobre la matriz de varianzas y covarianzas 
> de los errores:
>    AR(1) + heterocedasticidad por panel y luego usar FGLS (xtgls). Esto puede ser más eficiente si el modelo de Ω es correcto, pero es menos robusto. 
>    Por eso, como modelo "final" del taller, preferimos mantener MCO con vce(cluster nr).
> */
.    * FGLS con correlación AR(1) dentro de cada unidad (misma estructura en el tiempo)
. xtgls  lwage educ exper expersq union married black i.year, corr(ar1) panels(heteroskedastic)

Cross-sectional time-series FGLS regression

Coefficients:  generalized least squares
Panels:        heteroskedastic
Correlation:   common AR(1) coefficient for all panels  (0.5691)

Estimated covariances      =       545          Number of obs     =      4,360
Estimated autocorrelations =         1          Number of groups  =        545
Estimated coefficients     =        14          Time periods      =          8
                                                Wald chi2(13)     =    1317.12
                                                Prob > chi2       =     0.0000

------------------------------------------------------------------------------
       lwage | Coefficient  Std. err.      z    P>|z|     [95% conf. interval]
-------------+----------------------------------------------------------------
        educ |    .093865   .0047766    19.65   0.000      .084503     .103227
       exper |   .0911666   .0093407     9.76   0.000     .0728591     .109474
     expersq |  -.0037537   .0005191    -7.23   0.000    -.0047711   -.0027364
       union |    .063994   .0099529     6.43   0.000     .0444867    .0835014
     married |   .0519485    .010097     5.14   0.000     .0321589    .0717382
       black |  -.1440147   .0212615    -6.77   0.000    -.1856866   -.1023429
             |
        year |
       1981  |   .0107521   .0118443     0.91   0.364    -.0124624    .0339666
       1982  |  -.0111879   .0171761    -0.65   0.515    -.0448525    .0224767
       1983  |  -.0126455   .0215611    -0.59   0.558    -.0549046    .0296135
       1984  |   .0096828   .0254642     0.38   0.704    -.0402262    .0595918
       1985  |   .0175507   .0290729     0.60   0.546    -.0394312    .0745326
       1986  |   .0460032   .0325444     1.41   0.157    -.0177827    .1097891
       1987  |   .0781042   .0360268     2.17   0.030      .007493    .1487154
             |
       _cons |   .1307701   .0688743     1.90   0.058    -.0042209    .2657612
------------------------------------------------------------------------------

.     
.  
. **# Conclusion y reflexion final 
. 
.  ******************************************************************************************************************************************************************
> ******************************
.  ***************************** POOL-MCO SIN presencia de heterogeneidad inobservable (seccion 7.8) ****************************************************************
> ***************************** 
.  
. ** modelo "final" del taller:
.  regress lwage educ exper expersq union married black i.year, vce(cluster nr)

Linear regression                               Number of obs     =      4,360
                                                F(13, 544)        =      49.98
                                                Prob > F          =     0.0000
                                                R-squared         =     0.1892
                                                Root MSE          =     .48031

                                   (Std. err. adjusted for 545 clusters in nr)
------------------------------------------------------------------------------
             |               Robust
       lwage | Coefficient  std. err.      t    P>|t|     [95% conf. interval]
-------------+----------------------------------------------------------------
        educ |   .0907146   .0108457     8.36   0.000     .0694101    .1120191
       exper |   .0669274   .0195469     3.42   0.001     .0285307     .105324
     expersq |  -.0023875   .0010244    -2.33   0.020    -.0043998   -.0003752
       union |   .1831315   .0275341     6.65   0.000     .1290453    .2372177
     married |    .108094   .0260188     4.15   0.000     .0569845    .1592036
       black |  -.1423222   .0497384    -2.86   0.004     -.240025   -.0446194
             |
        year |
       1981  |   .0584744   .0281803     2.08   0.038     .0031189    .1138299
       1982  |   .0630235   .0369094     1.71   0.088    -.0094789    .1355259
       1983  |   .0623225   .0461705     1.35   0.178    -.0283717    .1530167
       1984  |   .0907742   .0578867     1.57   0.117    -.0229345     .204483
       1985  |   .1095213   .0667783     1.64   0.102    -.0216535    .2406962
       1986  |   .1421435    .076196     1.87   0.063    -.0075309    .2918178
       1987  |   .1738353   .0851938     2.04   0.042     .0064861    .3411844
             |
       _cons |   .1028863   .1562062     0.66   0.510     -.203955    .4097276
------------------------------------------------------------------------------

. 
.   * Claro que podria tener sesgo por heterogeneidad inobservable, eso no se trata en este apartado. Pero es muy interesante ver que un panel agrupado puede tener s
> u valor: 
.  * a) permite varianzas robustas a correlacion serial por id
.  * b) permite controlar por dummies temporales como controles adicionales
.  * c) las pruebas de correlacion serial permiten explorar la completitud dinamica de la relacion entre y y x: esto apunta a la especificación del modelo. 
.  * d) la prueba de heterocedasticidad permite evaluar si efectivamente hay heterocedasticidad. 
. 
.  
. /* Lo mas recomendable es que usemos la matriz robusta a todo (heterocedasticidad+correlacion serial) para nuestro modelo final de MCO por datos agrupados. 
> Es coherente bajo supuestos mucho más generales que los de homocedasticidad + no autocorrelación, y por eso la tomamos como nuestra especificación estándar.
> Tener datos de panel permite cosas que el corte transversal no puede: nos da mas datos, nos permite unos controles adicionales por año, 
> nos permite una estructura de varianza que permita correlacion serial dentro de cada individuo en el tiempo.
> Lo que no nos da el MCO agrupado es el tratamiendo especial a un componente inobservado c_i, que no considerarlo podria sesgar los resultados. 
> En ese caso, estimar por MCO agrupado se "come" un sesgo por variable omitida, que podria solucionarse si se contara con una buena proxy, o con instrumentos.
> otra forma: disponer de un panel nos lleva a los modelos RE/FE que podrian solucionar esto, bajo ciertos supuestos quiza más exigentes. */
. 
.    
.    
. /* Todo eso, junto, hace que el "MCO agrupado" sea un modelo perfectamente respetable y muy útil.
> ¿Qué le falta, honestamente?
> Básicamente una sola cosa:
> No trata por separado un componente inobservable fijo c_i posiblemente correlacionado con x_it.
> Si eso está correlacionado y es fuerte, el MCO agrupado se come el sesgo de variable omitida (la variable c_i).
> Ahí entran los modelos Fixed E/Random E. Pero eso es otro problema conceptual (heterogeneidad inobservable), no una descalificación automática del pooled.
> 
> Dicho de forma frontal:
> Pooled OLS con vce(cluster id) puede estar sesgado por omisión (como cualquier MCO mal especificado),
> pero no es un modelo "tonto": en términos de inferencia y uso de la estructura temporal es muy potente.
> */ 
. 
end of do-file

. log close
      name:  <unnamed>
       log:  C:\Users\Equipo\Downloads\2_taller.log
  log type:  text
 closed on:  26 Mar 2026, 04:08:23
---------------------------------------------------------------------------------------------------------------------------------------------------------------------
