---------------------------------------------------------------------------------------------------------------------------------------------------------------------
      name:  <unnamed>
       log:  C:\Users\Equipo\Downloads\3_taller.log
  log type:  text
 opened on:  26 Mar 2026, 04:13:19

. do "C:\Users\Equipo\OneDrive\Desktop\proyecto\4Medio ambiente- innovacion\3. Estrategia empirica\3. Modelos\talleres por tema - teoria econometrica\3taller_PANEL_P
> OOLED_Qtobin.do"

. **# Capitulo 7
. 
. clear all 

. 
. bcuse q, clear

Contains data from http://fmwww.bc.edu/ec-p/data/wooldridge/q.dta
 Observations:         2,068                  
    Variables:            28                  8 Jul 1997 14:53
---------------------------------------------------------------------------------------------------------------------------------------------------------------------
Variable      Storage   Display    Value
    name         type    format    label      Variable label
---------------------------------------------------------------------------------------------------------------------------------------------------------------------
cusip           float   %9.0g                 firm identifier
year            byte    %9.0g                 75 to 85
ikb             float   %9.0g                 I/K ratio, broad measure
ikn             float   %9.0g                 I/K ratio, narrow measure
qb              float   %9.0g                 Q, broad measure
qn              float   %9.0g                 Q, narrow measure
d75             byte    %9.0g                 =1 if year == 75
d76             byte    %9.0g                 
d77             byte    %9.0g                 
d78             byte    %9.0g                 
d79             byte    %9.0g                 
d80             byte    %9.0g                 
d81             byte    %9.0g                 
d82             byte    %9.0g                 
d83             byte    %9.0g                 
d84             byte    %9.0g                 
d85             byte    %9.0g                 
ikb_1           float   %9.0g                 ikb lagged one year
ikn_1           float   %9.0g                 ikn lagged one year
qb_1            float   %9.0g                 qb lagged one year
qn_1            float   %9.0g                 qn lagged one year
cikb            float   %9.0g                 
cikn            float   %9.0g                 
cqb             float   %9.0g                 
cqn             float   %9.0g                 
cikb_1          float   %9.0g                 
cqb_1           float   %9.0g                 
cikb_2          float   %9.0g                 
---------------------------------------------------------------------------------------------------------------------------------------------------------------------
Sorted by: cusip

. describe

Contains data from http://fmwww.bc.edu/ec-p/data/wooldridge/q.dta
 Observations:         2,068                  
    Variables:            28                  8 Jul 1997 14:53
---------------------------------------------------------------------------------------------------------------------------------------------------------------------
Variable      Storage   Display    Value
    name         type    format    label      Variable label
---------------------------------------------------------------------------------------------------------------------------------------------------------------------
cusip           float   %9.0g                 firm identifier
year            byte    %9.0g                 75 to 85
ikb             float   %9.0g                 I/K ratio, broad measure
ikn             float   %9.0g                 I/K ratio, narrow measure
qb              float   %9.0g                 Q, broad measure
qn              float   %9.0g                 Q, narrow measure
d75             byte    %9.0g                 =1 if year == 75
d76             byte    %9.0g                 
d77             byte    %9.0g                 
d78             byte    %9.0g                 
d79             byte    %9.0g                 
d80             byte    %9.0g                 
d81             byte    %9.0g                 
d82             byte    %9.0g                 
d83             byte    %9.0g                 
d84             byte    %9.0g                 
d85             byte    %9.0g                 
ikb_1           float   %9.0g                 ikb lagged one year
ikn_1           float   %9.0g                 ikn lagged one year
qb_1            float   %9.0g                 qb lagged one year
qn_1            float   %9.0g                 qn lagged one year
cikb            float   %9.0g                 
cikn            float   %9.0g                 
cqb             float   %9.0g                 
cqn             float   %9.0g                 
cikb_1          float   %9.0g                 
cqb_1           float   %9.0g                 
cikb_2          float   %9.0g                 
---------------------------------------------------------------------------------------------------------------------------------------------------------------------
Sorted by: cusip

. 
.  * Declarar la estructura de panel y ordenar observaciones
. xtset cusip year

Panel variable: cusip (strongly balanced)
 Time variable: year, 75 to 85
         Delta: 1 unit

. sort cusip year

. 
. **# POOL-MCO: rezago de x
. 
.   *MCO agrupado (pooled OLS) con varianza clásica
. regress ikb qb_1

      Source |       SS           df       MS      Number of obs   =     1,880
-------------+----------------------------------   F(1, 1878)      =    159.75
       Model |  .946238535         1  .946238535   Prob > F        =    0.0000
    Residual |  11.1241347     1,878  .005923394   R-squared       =    0.0784
-------------+----------------------------------   Adj R-squared   =    0.0779
       Total |  12.0703732     1,879  .006423828   Root MSE        =    .07696

------------------------------------------------------------------------------
         ikb | Coefficient  Std. err.      t    P>|t|     [95% conf. interval]
-------------+----------------------------------------------------------------
        qb_1 |   .0144424   .0011427    12.64   0.000     .0122013    .0166834
       _cons |   .1117302   .0017989    62.11   0.000     .1082023    .1152582
------------------------------------------------------------------------------

.  
.   *MCO agrupado con matriz de varianza robusta "simple" (Huber-White)
. regress  ikb qb_1, vce(robust)

Linear regression                               Number of obs     =      1,880
                                                F(1, 1878)        =     113.38
                                                Prob > F          =     0.0000
                                                R-squared         =     0.0784
                                                Root MSE          =     .07696

------------------------------------------------------------------------------
             |               Robust
         ikb | Coefficient  std. err.      t    P>|t|     [95% conf. interval]
-------------+----------------------------------------------------------------
        qb_1 |   .0144424   .0013563    10.65   0.000     .0117823    .0171025
       _cons |   .1117302   .0017858    62.57   0.000      .108228    .1152325
------------------------------------------------------------------------------

.   
.   *MCO agrupado con matrizde varianza robusta (cluster enid)
. regress  ikb qb_1, vce(cluster cusip)

Linear regression                               Number of obs     =      1,880
                                                F(1, 187)         =      28.87
                                                Prob > F          =     0.0000
                                                R-squared         =     0.0784
                                                Root MSE          =     .07696

                                (Std. err. adjusted for 188 clusters in cusip)
------------------------------------------------------------------------------
             |               Robust
         ikb | Coefficient  std. err.      t    P>|t|     [95% conf. interval]
-------------+----------------------------------------------------------------
        qb_1 |   .0144424   .0026879     5.37   0.000     .0091399    .0197449
       _cons |   .1117302   .0027094    41.24   0.000     .1063854    .1170751
------------------------------------------------------------------------------

.  
.  ***** nota 1: analisis de POLS1 con rezago de regresor exogeno ****
. /* observar que si usamos un regresor rezagado como sucede en este caso, el supuesto POLS.1 sigue siendo suficiente ya que las condiciones de momento teoricas 
>  que se usaran ahora seran de los errores del periodo corriente, u_it, con un rezago del regresor, luego, podriamos justificar esto teoricamente:
>  fundamentar con una historia que la información pasada no afecta al shock actual, ya que esta condicion de momento es la usadas bajo POLS1 en este modelo con un r
> ezago de un regresor exogeno.
>  Pero hay una forma mas natural dado este contexto: exigir la exogeneidad secuencial que el autor presenta en la seccion de completitud dinamica. 
>  En resumen, bajo POLS1 sigue siendo consistente, con una historia que fundamente que el shock actual no se correlaciona con el regresor del periodo anterior.
>  Si vamos un pelin mas lejos, exigimos mejor la exogeneidad secuencial que dice que el shock actual no se correlaciona con toda la historia pasada de los regresore
> s (ni de la dependiente). 
>  Esto ultimo equivale a decir que toda la informacion pasado no afecta al shock actual. */
. 
. **# POOL-MCO: con dinamica
. 
.   *¿que pasa si agregaramos un rezago de la variable dependiente? 
.   *MCO agrupado con matrizde varianza robusta (cluster enid)
.   
.  regress  ikb ikb_1 qb_1, vce(cluster cusip)

Linear regression                               Number of obs     =      1,880
                                                F(2, 187)         =      93.39
                                                Prob > F          =     0.0000
                                                R-squared         =     0.2041
                                                Root MSE          =     .07154

                                (Std. err. adjusted for 188 clusters in cusip)
------------------------------------------------------------------------------
             |               Robust
         ikb | Coefficient  std. err.      t    P>|t|     [95% conf. interval]
-------------+----------------------------------------------------------------
       ikb_1 |   .3672866   .0351816    10.44   0.000     .2978827    .4366905
        qb_1 |   .0087318   .0017911     4.88   0.000     .0051984    .0122651
       _cons |   .0713041   .0044003    16.20   0.000     .0626235    .0799847
------------------------------------------------------------------------------

.  
.  ***** nota 2: analisis de POLS1 en modelo dinamico ****
. /* El supuesto POLS.1 sigue siendo suficiente ya que las condiciones de momento teoricas 
>  que se usaran, ahora seran de los errores del periodo corriente, u_it, con rezago del regresor y ahora tambien con rezago de la variable dependiente, luego, podri
> amos justificar esto teoricamente:
>  fundamentar con una historia que la información pasada no afecta al shock actual, ya que estas dos condiciones de momentos son las usadas bajo POLS1 en este model
> o dinamico.
>  Pero hay una forma mas natural dado este contexto: exigir la exogeneidad secuencial que el autor presenta en la seccion de completitud dinamica. 
>  En resumen, bajo POLS1 sigue siendo consistente, con una historia que fundamente que el shock actual no se correlaciona con el regresor del periodo anterior ni co
> n la dependiente en el periodo anterior.
>  Si vamos un pelin mas lejos, exigimos mejor la exogeneidad secuencial que dice que el shock actual no se correlaciona con toda la historia pasada de los regresore
> s ni de la dependiente. 
>  Esto ultimo equivale a decir que toda la informacion pasado no afecta al shock actual. */
.  
.  
. *** nota 3: ¿que pasa con la heterogeneidad inobservable? ****
. /* Observar que todo esto es para el caso donde no se explicita presencia de c_i (heterogeneidad inobservable), tal como se presenta en el capitulo 7, seccion 8.
>    De manera implicita, en el contexto del capitulo 7 se asume a c_i incorrelacionado con los regresores. 
>    ¿que pasa en los dos anteriores modelos si asumimos la presencia de c_i? */
.  
.  regress  ikb qb_1, vce(cluster cusip)

Linear regression                               Number of obs     =      1,880
                                                F(1, 187)         =      28.87
                                                Prob > F          =     0.0000
                                                R-squared         =     0.0784
                                                Root MSE          =     .07696

                                (Std. err. adjusted for 188 clusters in cusip)
------------------------------------------------------------------------------
             |               Robust
         ikb | Coefficient  std. err.      t    P>|t|     [95% conf. interval]
-------------+----------------------------------------------------------------
        qb_1 |   .0144424   .0026879     5.37   0.000     .0091399    .0197449
       _cons |   .1117302   .0027094    41.24   0.000     .1063854    .1170751
------------------------------------------------------------------------------

. 
.  /* modelo con rezago de regresor exogeno:
>   ahora, ademas de cumplirse POLS1, que vimos que podriamos encontrar una historia para defensa, y que mecanimente siempre se puede estimar, la pregunta ahora 
>   es si la presencia de c_i, que va al error porque no es observable, nos exige algo mas? y la respuesta es que si, nos exige una condicion extra.
>   La condicion extra es que c_i no debe correlacionarse con los regresores del modelo. 
>   
>  En este caso, que el rezago de un regresor exogeno, qb_it-1, esté incorrelacionado con c_i. Si encontramos una historia creible para ello en el contexto de nuestr
> o proceso generador de datos,
>  entonces podemos interpretar a las estimaciones POOL-MCO como consistentes. Si no hay historia creible, o mejor dicho, si el contexto es tal que se impone mas bie
> n todo lo contrario: 
>  que c_i probablemente se correlacione con al menos un regresor, entonces estimar por POOL-MCO nos dara estimaciones sesgadas e inconsistentes. 
>  
>  Este analisis le cabe a modelos estaticos en panel, y a modelos con rezagos de regresores exogenos. ¿que pasa si se especifica un modelo dinamico? */
.  
.   regress  ikb ikb_1 qb_1, vce(cluster cusip)

Linear regression                               Number of obs     =      1,880
                                                F(2, 187)         =      93.39
                                                Prob > F          =     0.0000
                                                R-squared         =     0.2041
                                                Root MSE          =     .07154

                                (Std. err. adjusted for 188 clusters in cusip)
------------------------------------------------------------------------------
             |               Robust
         ikb | Coefficient  std. err.      t    P>|t|     [95% conf. interval]
-------------+----------------------------------------------------------------
       ikb_1 |   .3672866   .0351816    10.44   0.000     .2978827    .4366905
        qb_1 |   .0087318   .0017911     4.88   0.000     .0051984    .0122651
       _cons |   .0713041   .0044003    16.20   0.000     .0626235    .0799847
------------------------------------------------------------------------------

. 
. /* modelo dinamico:
>    como vismo, la condicion extra es que c_i no debe correlacionarse con los regresores del modelo.
>    En este caso, donde incluimos un rezago de la variable dependiente, ikb_it-1, lo cierto es que NO se cumple que c_i este incorrelacionado con los regresores, ya
>  que no estara incorrelacionado con ikb_it-1.
>    Por lo tanto, no es que haya que encontrar una historia creible, es que simplemente mecanicamente la estructura del modelo te muestra que se viola la condicion 
> extra de que c_i sea incorrelaciondo con los regresores.
>    Por lo tanto, en un modelo dinamico, no podes estimarlo por POOL-MCO: sus coeficientes estarán sesgados necesariamente!
>    Veremos que este tipo de modelo, tampoco se podrá estimar por otras tecnicas como efectos aleatorios: viola tanto que c_i este incorrelaciondo con los regresore
> s,
>    como tambien viola otro supuesto necesario para efectos aleatorios, que es la exogeneidad estrica. 
>    Este modelo tampoco se podra estimar con tecnicas como efectos fijos ya que viola la exogeneidad estrica. 
>    Este modelo solo se puede estimar con otro conjunto de tecnicas como los metodos de Arellano-Bond, capitulo 11.
>  */   
.    
.    
. **# Conclusion sobre rezagos
. 
.  * Con esto claro, continuamos con nuestro taller. 
.  * No podemos estimar un modelo dinamico (con variable dependiente rezagada) por POOL-MCO (ni por FE/RE) e interpretar sus coeficientes como consistentes.
.  * Pero si los rezagos son solo de regresores exogenos, entonces si podemos, aun, tener una historia para defender que los valores estimados sean consistentes.
.  * Por lo tanto nuestro modelo de este taller es:
. 
. regress ikb qb_1, vce(cluster cusip)

Linear regression                               Number of obs     =      1,880
                                                F(1, 187)         =      28.87
                                                Prob > F          =     0.0000
                                                R-squared         =     0.0784
                                                Root MSE          =     .07696

                                (Std. err. adjusted for 188 clusters in cusip)
------------------------------------------------------------------------------
             |               Robust
         ikb | Coefficient  std. err.      t    P>|t|     [95% conf. interval]
-------------+----------------------------------------------------------------
        qb_1 |   .0144424   .0026879     5.37   0.000     .0091399    .0197449
       _cons |   .1117302   .0027094    41.24   0.000     .1063854    .1170751
------------------------------------------------------------------------------

. 
. * al cual podemos agregar dummies temporales como controles adicionales:
. 
. regress ikb qb_1 i.year, vce(cluster cusip)

Linear regression                               Number of obs     =      1,880
                                                F(10, 187)        =      15.41
                                                Prob > F          =     0.0000
                                                R-squared         =     0.1480
                                                Root MSE          =     .07418

                                (Std. err. adjusted for 188 clusters in cusip)
------------------------------------------------------------------------------
             |               Robust
         ikb | Coefficient  std. err.      t    P>|t|     [95% conf. interval]
-------------+----------------------------------------------------------------
        qb_1 |   .0141086   .0026795     5.27   0.000     .0088226    .0193946
             |
        year |
         77  |   .0139414   .0046487     3.00   0.003     .0047707    .0231121
         78  |   .0188179   .0060657     3.10   0.002     .0068518    .0307839
         79  |    .042221   .0074492     5.67   0.000     .0275257    .0569162
         80  |   .0172293    .006712     2.57   0.011     .0039884    .0304703
         81  |   .0137766   .0066242     2.08   0.039     .0007089    .0268444
         82  |  -.0361908   .0066331    -5.46   0.000     -.049276   -.0231055
         83  |  -.0211978   .0067954    -3.12   0.002    -.0346033   -.0077923
         84  |   .0060199    .006395     0.94   0.348    -.0065956    .0186355
         85  |  -.0083618   .0074872    -1.12   0.266    -.0231321    .0064085
             |
       _cons |   .1071899   .0043281    24.77   0.000     .0986516    .1157281
------------------------------------------------------------------------------

. 
. **# Prueba para las binarias temporales
.  
. ** evaluamos anios y decidimos si dejarlos o no:
. regress ikb qb_1 d77 d78 d79 d80 d81 d82 d83 d84 d85, vce(cluster cusip)

Linear regression                               Number of obs     =      1,880
                                                F(10, 187)        =      15.41
                                                Prob > F          =     0.0000
                                                R-squared         =     0.1480
                                                Root MSE          =     .07418

                                (Std. err. adjusted for 188 clusters in cusip)
------------------------------------------------------------------------------
             |               Robust
         ikb | Coefficient  std. err.      t    P>|t|     [95% conf. interval]
-------------+----------------------------------------------------------------
        qb_1 |   .0141086   .0026795     5.27   0.000     .0088226    .0193946
         d77 |   .0139414   .0046487     3.00   0.003     .0047707    .0231121
         d78 |   .0188179   .0060657     3.10   0.002     .0068518    .0307839
         d79 |    .042221   .0074492     5.67   0.000     .0275257    .0569162
         d80 |   .0172293    .006712     2.57   0.011     .0039884    .0304703
         d81 |   .0137766   .0066242     2.08   0.039     .0007089    .0268444
         d82 |  -.0361908   .0066331    -5.46   0.000     -.049276   -.0231055
         d83 |  -.0211978   .0067954    -3.12   0.002    -.0346033   -.0077923
         d84 |   .0060199    .006395     0.94   0.348    -.0065956    .0186355
         d85 |  -.0083618   .0074872    -1.12   0.266    -.0231321    .0064085
       _cons |   .1071899   .0043281    24.77   0.000     .0986516    .1157281
------------------------------------------------------------------------------

. test d77 d78 d79 d80 d81 d82 d83 d84 d85

 ( 1)  d77 = 0
 ( 2)  d78 = 0
 ( 3)  d79 = 0
 ( 4)  d80 = 0
 ( 5)  d81 = 0
 ( 6)  d82 = 0
 ( 7)  d83 = 0
 ( 8)  d84 = 0
 ( 9)  d85 = 0

       F(  9,   187) =   15.75
            Prob > F =    0.0000

. ** mantenemos dummies temporales.
. 
.   ****************************** modelo final del taller *****************************
. regress ikb qb_1 i.year, vce(cluster cusip)

Linear regression                               Number of obs     =      1,880
                                                F(10, 187)        =      15.41
                                                Prob > F          =     0.0000
                                                R-squared         =     0.1480
                                                Root MSE          =     .07418

                                (Std. err. adjusted for 188 clusters in cusip)
------------------------------------------------------------------------------
             |               Robust
         ikb | Coefficient  std. err.      t    P>|t|     [95% conf. interval]
-------------+----------------------------------------------------------------
        qb_1 |   .0141086   .0026795     5.27   0.000     .0088226    .0193946
             |
        year |
         77  |   .0139414   .0046487     3.00   0.003     .0047707    .0231121
         78  |   .0188179   .0060657     3.10   0.002     .0068518    .0307839
         79  |    .042221   .0074492     5.67   0.000     .0275257    .0569162
         80  |   .0172293    .006712     2.57   0.011     .0039884    .0304703
         81  |   .0137766   .0066242     2.08   0.039     .0007089    .0268444
         82  |  -.0361908   .0066331    -5.46   0.000     -.049276   -.0231055
         83  |  -.0211978   .0067954    -3.12   0.002    -.0346033   -.0077923
         84  |   .0060199    .006395     0.94   0.348    -.0065956    .0186355
         85  |  -.0083618   .0074872    -1.12   0.266    -.0231321    .0064085
             |
       _cons |   .1071899   .0043281    24.77   0.000     .0986516    .1157281
------------------------------------------------------------------------------

. 
. 
.  ** Se podria probar agregando  qb_1sq como regresor. Lo hice: aporta muy poquito, y complica mas interpretacion, asi que por parsimonia no vale la pena.
. 
.  
.  
.  
. **# Pruebas de correlacion serial
. 
.  ********************************** Prueba de correlacion serial AR(1) basada en ˆui,t−1 ********************************
.   
.  * Podemos usar los residuos de MCO agrupado con varianza homocedastica:
.  regress ikb qb_1 i.year

      Source |       SS           df       MS      Number of obs   =     1,880
-------------+----------------------------------   F(10, 1869)     =     32.46
       Model |  1.78591449        10  .178591449   Prob > F        =    0.0000
    Residual |  10.2844587     1,869  .005502653   R-squared       =    0.1480
-------------+----------------------------------   Adj R-squared   =    0.1434
       Total |  12.0703732     1,879  .006423828   Root MSE        =    .07418

------------------------------------------------------------------------------
         ikb | Coefficient  Std. err.      t    P>|t|     [95% conf. interval]
-------------+----------------------------------------------------------------
        qb_1 |   .0141086   .0011085    12.73   0.000     .0119346    .0162825
             |
        year |
         77  |   .0139414   .0076559     1.82   0.069    -.0010735    .0289563
         78  |   .0188179   .0076617     2.46   0.014     .0037914    .0338443
         79  |    .042221   .0076511     5.52   0.000     .0272154    .0572265
         80  |   .0172293   .0076526     2.25   0.024     .0022208    .0322379
         81  |   .0137766   .0076521     1.80   0.072    -.0012309    .0287842
         82  |  -.0361908   .0076511    -4.73   0.000    -.0511964   -.0211852
         83  |  -.0211978   .0076557    -2.77   0.006    -.0362124   -.0061832
         84  |   .0060199   .0076516     0.79   0.432    -.0089866    .0210265
         85  |  -.0083618   .0076531    -1.09   0.275    -.0233713    .0066478
             |
       _cons |   .1071899   .0054163    19.79   0.000     .0965672    .1178125
------------------------------------------------------------------------------

.  * Guardar residuos de MCO agrupado: \hat{u_it}
.  predict uhat, resid
(188 missing values generated)

.   
.  * Generar el rezago de los residuos: \hat{u_i,t-1}
.  sort cusip year

.  by cusip: gen uhat_L1 = uhat[_n-1]
(376 missing values generated)

.  
.   * Estimar la ecuación de prueba (7.82) con varianza robusta por clúster en id, 
.   * utilizando los residuos previos ya guardados:
.   
.  regress ikb qb_1 uhat_L1 i.year if !missing(uhat_L1), vce(cluster cusip)

Linear regression                               Number of obs     =      1,692
                                                F(10, 187)        =      37.27
                                                Prob > F          =     0.0000
                                                R-squared         =     0.2659
                                                Root MSE          =     .07038

                                (Std. err. adjusted for 188 clusters in cusip)
------------------------------------------------------------------------------
             |               Robust
         ikb | Coefficient  std. err.      t    P>|t|     [95% conf. interval]
-------------+----------------------------------------------------------------
        qb_1 |   .0142882    .001487     9.61   0.000     .0113547    .0172217
     uhat_L1 |    .376697   .0376682    10.00   0.000     .3023877    .4510063
             |
        year |
         78  |   .0048549   .0060323     0.80   0.422    -.0070453     .016755
         79  |   .0283231   .0065545     4.32   0.000     .0153929    .0412534
         80  |   .0033565    .005771     0.58   0.562    -.0080282    .0147413
         81  |  -.0001006   .0060035    -0.02   0.987    -.0119438    .0117426
         82  |  -.0500914   .0068957    -7.26   0.000    -.0636948    -.036488
         83  |  -.0350523   .0066478    -5.27   0.000    -.0481666   -.0219379
         84  |  -.0078634   .0054258    -1.45   0.149     -.018567    .0028403
         85  |   -.022288   .0072701    -3.07   0.002    -.0366299   -.0079461
             |
       _cons |   .1210455   .0036838    32.86   0.000     .1137784    .1283125
------------------------------------------------------------------------------

.   /* Esta regresión no es un modelo estructural que nos interese para interpretar β; es solo una regresión auxiliar para testear si los residuos están autocorrelac
> ionados. 
>  El t de uhat_L1 ≠ 0 indica evidencia de AR(1) en los errores (bajo exogeneidad secuencial).*/
.  * El test t sobre uhat_L1 = 0 es la prueba de H0: rho_1 = 0 (sin AR(1) en u_it)
.  * Valido bajo POLS.1 o, mas naturalmente, bajo exogeneidad secuencial.
. 
.  /* El test te dice: "Hay autocorrelación remanente en los errores".
> Las causas posibles: dinámica mal especificada (falta de rezagos), heterogeneidad inobservable, mala forma funcional (falta de terminos cuadraticos), etc.
> Una "solución" podria ser agregar rezagos (de los regresores); pero también podría ser cambiar la forma funcional, o pasar a modelos FE/RE. */ 
.  
.  
. ***********************  Prueba de correlación serial AR(1) basada sólo en residuos (de MCO agrupado) *************************************************
. 
.  * Regresión de residuos sobre su rezago: versión alternativa de la prueba AR(1)
.  regress uhat uhat_L1 i.year if !missing(uhat_L1), vce(cluster cusip)

Linear regression                               Number of obs     =      1,692
                                                F(9, 187)         =      11.89
                                                Prob > F          =     0.0000
                                                R-squared         =     0.1313
                                                Root MSE          =     .07036

                                (Std. err. adjusted for 188 clusters in cusip)
------------------------------------------------------------------------------
             |               Robust
        uhat | Coefficient  std. err.      t    P>|t|     [95% conf. interval]
-------------+----------------------------------------------------------------
     uhat_L1 |   .3768795   .0377131     9.99   0.000     .3024817    .4512773
             |
        year |
         78  |   1.00e-10   .0060258     0.00   1.000    -.0118873    .0118873
         79  |   1.14e-10   .0065598     0.00   1.000    -.0129406    .0129406
         80  |  -2.74e-10   .0057658    -0.00   1.000    -.0113744    .0113744
         81  |  -8.78e-12   .0059721    -0.00   1.000    -.0117813    .0117813
         82  |  -1.20e-10   .0069317    -0.00   1.000    -.0136745    .0136745
         83  |  -6.11e-11   .0066546    -0.00   1.000    -.0131278    .0131278
         84  |  -2.04e-11   .0053902    -0.00   1.000    -.0106334    .0106334
         85  |  -3.96e-11   .0072784    -0.00   1.000    -.0143582    .0143582
             |
       _cons |  -1.41e-11   .0037135    -0.00   1.000    -.0073257    .0073257
------------------------------------------------------------------------------

.  * El test t sobre uhat_L1 = 0 contrasta H0: rho_1 = 0
.  * Valido bajo exogeneidad estricta. (No creible) 
.  
. **# Prueba de heterocedasticidad
.  
. **************************************  Prueba de heterocedasticidad tipo LM *************************************************************************
.  
.    * utilizando los residuos previos ya guardados:
. 
.  * 1) Construir el cuadrado de los residuos: \hat{u_it^2}
.  gen uhat2 = uhat^2
(188 missing values generated)

.  * 2) Regresión auxiliar: uhat^2 sobre h_it (aqui representadas por los regresores, sus cuadrados..)
.  gen qb_1sq = qb_1^2
(188 missing values generated)

.  regress uhat2 qb_1 qb_1sq  i.year

      Source |       SS           df       MS      Number of obs   =     1,880
-------------+----------------------------------   F(11, 1868)     =      3.05
       Model |  .005531447        11  .000502859   Prob > F        =    0.0005
    Residual |  .307945566     1,868  .000164853   R-squared       =    0.0176
-------------+----------------------------------   Adj R-squared   =    0.0119
       Total |  .313477013     1,879  .000166832   Root MSE        =    .01284

------------------------------------------------------------------------------
       uhat2 | Coefficient  Std. err.      t    P>|t|     [95% conf. interval]
-------------+----------------------------------------------------------------
        qb_1 |  -.0002096   .0003237    -0.65   0.517    -.0008445    .0004252
      qb_1sq |   .0001102    .000052     2.12   0.034     8.28e-06    .0002121
             |
        year |
         77  |  -.0005109   .0013264    -0.39   0.700    -.0031123    .0020906
         78  |   .0002301   .0013313     0.17   0.863    -.0023809    .0028412
         79  |     .00282   .0013276     2.12   0.034     .0002163    .0054237
         80  |   .0017687   .0013262     1.33   0.182    -.0008324    .0043697
         81  |   .0028777   .0013269     2.17   0.030     .0002754      .00548
         82  |   .0023203   .0013258     1.75   0.080    -.0002798    .0049205
         83  |   .0041608    .001326     3.14   0.002     .0015603    .0067613
         84  |   .0012736   .0013263     0.96   0.337    -.0013275    .0038747
         85  |   .0040684   .0013312     3.06   0.002     .0014577    .0066791
             |
       _cons |     .00335   .0009472     3.54   0.000     .0014924    .0052076
------------------------------------------------------------------------------

.  * 3) Estadístico LM = N_obs * R^2 de la regresión auxiliar (R^2 sin corregir)
.  scalar LM = e(N)*e(r2)

.  * 4) Grados de libertad = número de variables explicativas en h_it (df_m)
.  scalar df = e(df_m)

.  * 5) p-valor de la prueba chi-cuadrado
.  display "LM = " LM ", df = " df ", p-value = " chi2tail(df, LM)
LM = 33.17347, df = 11, p-value = .00049316

.  
.  /*Bajo la hipótesis nula de homocedasticidad respecto de las variables en "h_it" (δ = 0), el estadístico LM tiene aproximadamente una distribución χ2
>  Q, donde Q es la dimensión de "h_it" (número de regresores en la regresión auxiliar). 
>  
>  Se rechaza la hipotesis nula al 1%: encuentra heterocedasticidad. 
>  Esta heterocedasticidad es respecto a las variables incluidas como "h_it" en la auxiliar, meter qb_1^2 hace el test más flexible.*/
.  
.  
. **# POOL-FGLS
. 
.  
.  ******************************************** Implementación de FGLS bajo estructuras específicas de Ω  ***********************************************************
> ***********
.   
.   /* Como alternativa a usar una varianza robusta (vce(cluster cusip)), podemos imponer una estructura paramétrica concreta sobre la matriz de varianzas y covarian
> zas de los errores:
>    AR(1) + heterocedasticidad por panel y luego usar FGLS (xtgls). Esto puede ser más eficiente si el modelo de Ω es correcto, pero es menos robusto. 
>    Por eso, como modelo "final" del taller, preferimos mantener MCO con vce(cluster nr)."
> */
. 
.  
.   * FGLS con correlación AR(1) dentro de cada unidad (misma estructura en el tiempo)
.  xtgls  ikb qb_1 i.year, corr(ar1) panels(heteroskedastic)

Cross-sectional time-series FGLS regression

Coefficients:  generalized least squares
Panels:        heteroskedastic
Correlation:   common AR(1) coefficient for all panels  (0.3666)

Estimated covariances      =       188          Number of obs     =      1,880
Estimated autocorrelations =         1          Number of groups  =        188
Estimated coefficients     =        11          Time periods      =         10
                                                Wald chi2(10)     =     421.13
                                                Prob > chi2       =     0.0000

------------------------------------------------------------------------------
         ikb | Coefficient  Std. err.      z    P>|z|     [95% conf. interval]
-------------+----------------------------------------------------------------
        qb_1 |   .0129308   .0010425    12.40   0.000     .0108876     .014974
             |
        year |
         77  |   .0049526    .004047     1.22   0.221    -.0029794    .0128846
         78  |   .0086298   .0047367     1.82   0.068    -.0006539    .0179136
         79  |   .0309243   .0049455     6.25   0.000     .0212313    .0406173
         80  |   .0115046   .0050308     2.29   0.022     .0016443    .0213649
         81  |   .0067565   .0050619     1.33   0.182    -.0031647    .0166776
         82  |  -.0366248   .0050698    -7.22   0.000    -.0465614   -.0266882
         83  |   -.026573   .0050885    -5.22   0.000    -.0365462   -.0165997
         84  |  -.0005512   .0050752    -0.11   0.914    -.0104985     .009396
         85  |  -.0144715   .0050717    -2.85   0.004    -.0244118   -.0045312
             |
       _cons |   .1122225   .0035984    31.19   0.000     .1051697    .1192753
------------------------------------------------------------------------------

. 
.  
.  
.  ******************************************************************************************************************************************************************
> *************
. 
. **# Modelo final para Q tobin 
.  
. **** ¿Cual es el modelo final para esta aplicacion? No solo ver significativos y R2, también evaluar teoria economica. ****
.  
. cap drop qb_1sq

. gen qb_sq = qb*qb

. gen qb_1sq = qb_1*qb_1
(188 missing values generated)

. 
. ** hasta ahora trabajamos con un rezago de un regresor. 
. regress ikb qb_1 i.year, vce(cluster cusip) 

Linear regression                               Number of obs     =      1,880
                                                F(10, 187)        =      15.41
                                                Prob > F          =     0.0000
                                                R-squared         =     0.1480
                                                Root MSE          =     .07418

                                (Std. err. adjusted for 188 clusters in cusip)
------------------------------------------------------------------------------
             |               Robust
         ikb | Coefficient  std. err.      t    P>|t|     [95% conf. interval]
-------------+----------------------------------------------------------------
        qb_1 |   .0141086   .0026795     5.27   0.000     .0088226    .0193946
             |
        year |
         77  |   .0139414   .0046487     3.00   0.003     .0047707    .0231121
         78  |   .0188179   .0060657     3.10   0.002     .0068518    .0307839
         79  |    .042221   .0074492     5.67   0.000     .0275257    .0569162
         80  |   .0172293    .006712     2.57   0.011     .0039884    .0304703
         81  |   .0137766   .0066242     2.08   0.039     .0007089    .0268444
         82  |  -.0361908   .0066331    -5.46   0.000     -.049276   -.0231055
         83  |  -.0211978   .0067954    -3.12   0.002    -.0346033   -.0077923
         84  |   .0060199    .006395     0.94   0.348    -.0065956    .0186355
         85  |  -.0083618   .0074872    -1.12   0.266    -.0231321    .0064085
             |
       _cons |   .1071899   .0043281    24.77   0.000     .0986516    .1157281
------------------------------------------------------------------------------

. ** Si uno solo mira este modelo, parece que el lag de qb tiene un efecto claro y positivo.
.  
. regress ikb qb qb_1 i.year, vce(cluster cusip)

Linear regression                               Number of obs     =      1,880
                                                F(11, 187)        =      15.52
                                                Prob > F          =     0.0000
                                                R-squared         =     0.1663
                                                Root MSE          =      .0734

                                (Std. err. adjusted for 188 clusters in cusip)
------------------------------------------------------------------------------
             |               Robust
         ikb | Coefficient  std. err.      t    P>|t|     [95% conf. interval]
-------------+----------------------------------------------------------------
          qb |   .0214928   .0039219     5.48   0.000      .013756    .0292296
        qb_1 |  -.0050963   .0041281    -1.23   0.219      -.01324    .0030474
             |
        year |
         77  |   .0160468   .0045991     3.49   0.001      .006974    .0251195
         78  |   .0310296   .0066126     4.69   0.000     .0179846    .0440745
         79  |   .0504633   .0076362     6.61   0.000     .0353992    .0655274
         80  |   .0222665    .006847     3.25   0.001     .0087593    .0357737
         81  |   .0164851   .0065161     2.53   0.012     .0036305    .0293397
         82  |  -.0254542   .0067816    -3.75   0.000    -.0388325    -.012076
         83  |  -.0188545   .0065613    -2.87   0.005    -.0317982   -.0059108
         84  |   .0063154   .0062955     1.00   0.317     -.006104    .0187347
         85  |  -.0004559   .0076594    -0.06   0.953    -.0155658    .0146541
             |
       _cons |   .1014058   .0044088    23.00   0.000     .0927084    .1101032
------------------------------------------------------------------------------

. ** Cuando dejas a qbt competir "cara a cara" con qbt−1, el contemporáneo se lleva toda la gloria y el lag se vuelve pequeño e impreciso.
. ** el efecto que veía en el lag en el primer modelo probablemente estaba capturando en parte el efecto de qbt (que se omitía). 
. ** Eso huele a omisión de variable relevante si el modelo "verdadero" incluye qbt.
. 
. 
. 
. 
. ** estimemos relaciones cuadraticas para cada uno:
. regress ikb qb qb_sq  qb_1 qb_1sq i.year, vce(cluster cusip) 

Linear regression                               Number of obs     =      1,880
                                                F(13, 187)        =      17.90
                                                Prob > F          =     0.0000
                                                R-squared         =     0.1994
                                                Root MSE          =     .07196

                                (Std. err. adjusted for 188 clusters in cusip)
------------------------------------------------------------------------------
             |               Robust
         ikb | Coefficient  std. err.      t    P>|t|     [95% conf. interval]
-------------+----------------------------------------------------------------
          qb |   .0401195   .0051803     7.74   0.000     .0299003    .0503388
       qb_sq |  -.0038558   .0005747    -6.71   0.000    -.0049896   -.0027221
        qb_1 |  -.0104996   .0049461    -2.12   0.035     -.020257   -.0007422
      qb_1sq |    .000845   .0004564     1.85   0.066    -.0000554    .0017453
             |
        year |
         77  |   .0130568   .0045851     2.85   0.005     .0040117    .0221019
         78  |   .0306426   .0066815     4.59   0.000     .0174618    .0438235
         79  |   .0511607   .0078377     6.53   0.000     .0356989    .0666224
         80  |   .0214018   .0069011     3.10   0.002     .0077877    .0350158
         81  |   .0172453   .0065388     2.64   0.009      .004346    .0301446
         82  |  -.0239174   .0068575    -3.49   0.001    -.0374455   -.0103893
         83  |  -.0194609   .0063191    -3.08   0.002    -.0319269   -.0069949
         84  |   .0019527   .0061915     0.32   0.753    -.0102615     .014167
         85  |  -.0029338   .0076432    -0.38   0.702    -.0180117    .0121442
             |
       _cons |    .105459    .004683    22.52   0.000     .0962208    .1146972
------------------------------------------------------------------------------

.  
. **No linealidad en el qbt: el patrón positivo en qbt y negativo en qbt_sq te da una relación cóncava (tipo U invertida) en qt. 
. **No linealidad en el rezago qb_1: El lag y su cuadrado muestran efectos mucho más débiles e inestables.
.  
. ** la cosa apunta a no linealidad y en el contemporaneo:
. regress ikb qb qb_sq  i.year, vce(cluster cusip) 

Linear regression                               Number of obs     =      2,068
                                                F(12, 187)        =      18.89
                                                Prob > F          =     0.0000
                                                R-squared         =     0.1851
                                                Root MSE          =     .07416

                                (Std. err. adjusted for 188 clusters in cusip)
------------------------------------------------------------------------------
             |               Robust
         ikb | Coefficient  std. err.      t    P>|t|     [95% conf. interval]
-------------+----------------------------------------------------------------
          qb |   .0280389   .0030246     9.27   0.000     .0220722    .0340057
       qb_sq |  -.0025393   .0003862    -6.57   0.000    -.0033012   -.0017774
             |
        year |
         76  |   .0132888   .0063906     2.08   0.039     .0006818    .0258957
         77  |   .0259892   .0068937     3.77   0.000     .0123897    .0395887
         78  |   .0392821    .008458     4.64   0.000     .0225968    .0559674
         79  |   .0610152   .0090566     6.74   0.000      .043149    .0788814
         80  |   .0330356   .0081337     4.06   0.000       .01699    .0490812
         81  |   .0287843   .0066486     4.33   0.000     .0156684    .0419002
         82  |  -.0146924   .0078717    -1.87   0.064    -.0302211    .0008363
         83  |  -.0069194   .0089396    -0.77   0.440    -.0245549     .010716
         84  |   .0159528   .0086316     1.85   0.066     -.001075    .0329806
         85  |   .0075694   .0090781     0.83   0.405    -.0103393    .0254781
             |
       _cons |   .0935972   .0070219    13.33   0.000     .0797448    .1074495
------------------------------------------------------------------------------

. ** ademas, se ganan observaciones al no requerir el lag.
. 
. **# Comparativa usando !missing
. 
. ** para comparartiva con caso anterior podria volver a correr para las mismas observaciones agregando   if !missing(qb_1)
. regress ikb qb qb_sq i.year if !missing(qb_1), vce(cluster cusip)

Linear regression                               Number of obs     =      1,880
                                                F(11, 187)        =      20.17
                                                Prob > F          =     0.0000
                                                R-squared         =     0.1975
                                                Root MSE          =     .07201

                                (Std. err. adjusted for 188 clusters in cusip)
------------------------------------------------------------------------------
             |               Robust
         ikb | Coefficient  std. err.      t    P>|t|     [95% conf. interval]
-------------+----------------------------------------------------------------
          qb |   .0299506   .0031363     9.55   0.000     .0237634    .0361377
       qb_sq |  -.0030108   .0005255    -5.73   0.000    -.0040474   -.0019742
             |
        year |
         77  |   .0122265   .0045232     2.70   0.008     .0033036    .0211495
         78  |    .025572   .0059429     4.30   0.000     .0138482    .0372958
         79  |   .0474859   .0074636     6.36   0.000     .0327622    .0622097
         80  |   .0193976   .0067285     2.88   0.004     .0061242     .032671
         81  |   .0153629   .0065019     2.36   0.019     .0025364    .0281894
         82  |  -.0280969   .0065887    -4.26   0.000    -.0410946   -.0150992
         83  |  -.0204613   .0063687    -3.21   0.002    -.0330251   -.0078976
         84  |   .0019701   .0061998     0.32   0.751    -.0102605    .0142006
         85  |  -.0063887   .0072416    -0.88   0.379    -.0206744    .0078969
             |
       _cons |   .1077917   .0043628    24.71   0.000     .0991851    .1163983
------------------------------------------------------------------------------

.  
. ** por ultimo, comparemos solo contemporaneo version efecto lineal: 
. regress ikb qb  i.year, vce(cluster cusip) 

Linear regression                               Number of obs     =      2,068
                                                F(11, 187)        =      15.90
                                                Prob > F          =     0.0000
                                                R-squared         =     0.1556
                                                Root MSE          =     .07547

                                (Std. err. adjusted for 188 clusters in cusip)
------------------------------------------------------------------------------
             |               Robust
         ikb | Coefficient  std. err.      t    P>|t|     [95% conf. interval]
-------------+----------------------------------------------------------------
          qb |   .0156136   .0027544     5.67   0.000     .0101799    .0210474
             |
        year |
         76  |   .0161021   .0062961     2.56   0.011     .0036816    .0285225
         77  |   .0316113   .0067853     4.66   0.000     .0182256    .0449969
         78  |   .0438485    .008324     5.27   0.000     .0274275    .0602695
         79  |   .0643111   .0089272     7.20   0.000        .0467    .0819221
         80  |   .0369691    .007971     4.64   0.000     .0212445    .0526937
         81  |   .0318285   .0065284     4.88   0.000     .0189497    .0447073
         82  |  -.0122863     .00776    -1.58   0.115    -.0275947    .0030221
         83  |  -.0034311   .0090135    -0.38   0.704    -.0212123    .0143502
         84  |   .0223242   .0085989     2.60   0.010     .0053609    .0392875
         85  |   .0135087   .0090632     1.49   0.138    -.0043706     .031388
             |
       _cons |   .0869226   .0067311    12.91   0.000     .0736439    .1002012
------------------------------------------------------------------------------

. regress ikb qb  i.year if !missing(qb_1), vce(cluster cusip) 

Linear regression                               Number of obs     =      1,880
                                                F(10, 187)        =      16.36
                                                Prob > F          =     0.0000
                                                R-squared         =     0.1651
                                                Root MSE          =     .07343

                                (Std. err. adjusted for 188 clusters in cusip)
------------------------------------------------------------------------------
             |               Robust
         ikb | Coefficient  std. err.      t    P>|t|     [95% conf. interval]
-------------+----------------------------------------------------------------
          qb |    .016463   .0027242     6.04   0.000     .0110889    .0218372
             |
        year |
         77  |    .015407   .0045179     3.41   0.001     .0064944    .0243197
         78  |   .0279523   .0059187     4.72   0.000     .0162763    .0396284
         79  |   .0485333   .0074043     6.55   0.000     .0339267    .0631399
         80  |   .0211705   .0067094     3.16   0.002     .0079346    .0344064
         81  |   .0159193   .0065003     2.45   0.015     .0030959    .0287427
         82  |  -.0279772   .0065524    -4.27   0.000    -.0409033    -.015051
         83  |  -.0192585   .0065677    -2.93   0.004    -.0322148   -.0063022
         84  |   .0062939   .0062964     1.00   0.319    -.0061272    .0187149
         85  |  -.0024022   .0073596    -0.33   0.744    -.0169208    .0121163
             |
       _cons |   .1026188   .0042355    24.23   0.000     .0942633    .1109743
------------------------------------------------------------------------------

. 
. 
.  ** El modelo con efecto cuadratico tiene mejor ajuste global (F) y tambien mejor R2 que el efecto lineal (modelo lineal). Independientemente de si restringo a if 
> !missing(qb_1) o no. 
.  ** Ambos coeficientes son significativos, justamente, parece que seria un efecto cuadratico.
.  ** ¿tiene sentido economico asumir efectos cuadraticos?
.  
.  
.  regress ikb qb qb_sq  i.year, vce(cluster cusip) 

Linear regression                               Number of obs     =      2,068
                                                F(12, 187)        =      18.89
                                                Prob > F          =     0.0000
                                                R-squared         =     0.1851
                                                Root MSE          =     .07416

                                (Std. err. adjusted for 188 clusters in cusip)
------------------------------------------------------------------------------
             |               Robust
         ikb | Coefficient  std. err.      t    P>|t|     [95% conf. interval]
-------------+----------------------------------------------------------------
          qb |   .0280389   .0030246     9.27   0.000     .0220722    .0340057
       qb_sq |  -.0025393   .0003862    -6.57   0.000    -.0033012   -.0017774
             |
        year |
         76  |   .0132888   .0063906     2.08   0.039     .0006818    .0258957
         77  |   .0259892   .0068937     3.77   0.000     .0123897    .0395887
         78  |   .0392821    .008458     4.64   0.000     .0225968    .0559674
         79  |   .0610152   .0090566     6.74   0.000      .043149    .0788814
         80  |   .0330356   .0081337     4.06   0.000       .01699    .0490812
         81  |   .0287843   .0066486     4.33   0.000     .0156684    .0419002
         82  |  -.0146924   .0078717    -1.87   0.064    -.0302211    .0008363
         83  |  -.0069194   .0089396    -0.77   0.440    -.0245549     .010716
         84  |   .0159528   .0086316     1.85   0.066     -.001075    .0329806
         85  |   .0075694   .0090781     0.83   0.405    -.0103393    .0254781
             |
       _cons |   .0935972   .0070219    13.33   0.000     .0797448    .1074495
------------------------------------------------------------------------------

. 
. /* con los coeficientes del modelo con qb y qb_sq, el máximo de la curva es:
>  qb* = - B_1/2B_2 =  0.028/(2x0.00254) =  5.5 
>  Es decir, para qb alrededor de 5–6, el efecto marginal de mayores qb se apaga.
>  Si en mis datos la mayor parte de los qb están por debajo de eso, estás en la parte creciente de la curva → interpretación económica relativamente limpia:
>  más qb aumenta la inversión, pero a tasas decrecientes. */
.  
.  summ qb, det

                      Q, broad measure
-------------------------------------------------------------
      Percentiles      Smallest
 1%    -1.296573      -1.955251
 5%    -1.008444      -1.890363
10%    -.8879991      -1.870826       Obs               2,068
25%    -.6296686      -1.760928       Sum of wgt.       2,068

50%    -.2215592                      Mean           .2550964
                        Largest       Std. dev.      1.525695
75%     .5554965       10.10888
90%     1.916965       10.21523       Variance       2.327744
95%     3.352995       11.73811       Skewness       2.860498
99%     6.359955       13.70439       Kurtosis       14.93635

.  
.  /*
> 1) Forma de la relación ikb–qb: cuadratica
>    Modelo: ikb = 0.0936 + 0.0280*qb - 0.00254*qb_sq + dummies de año + error.
>    Signos: coef(qb) > 0 y coef(qb_sq) < 0, ambos muy significativos.
>    Interpretación: relación cóncava (tipo U invertida) entre ikb y qb. 
> 
> 2) Punto de máximo teórico
>    Derivada de funcion cuadratica: d(ikb)/d(qb) = 0.0280 + 2*(-0.00254)*qb = 0.0280 - 0.005078*qb.
>    Máximo de funcion cuadratica: qb* = -0.0280 / (2 * -0.00254) ≈ 5.5.
>    Eso significa que la relación crece hasta qb ≈ 5.5 y desde ahí empezaría a caer. (U invertida)
> 
> 3) Dónde cae (en temrinos de lugar) ese máximo de 5.5 en la distribución de qb
>    Resumen de qb:
>      - P25 ≈ -0.63
>      - Mediana ≈ -0.22
>      - P75 ≈ 0.56
>      - P90 ≈ 1.92
>      - P95 ≈ 3.35
>      - P99 ≈ 6.36
>    El máximo qb* ≈ 5.5 está por encima de casi todas las observaciones (cerca de P99).
>    En la práctica: para casi toda la muestra, ikb crece con qb, pero con rendimientos decrecientes.
> 
> 4) Efectos marginales en puntos concretos
>    Efecto marginal: ME(qb) = 0.0280 - 0.005078*qb.
>    Ejemplos aproximados:
>      - P25 (qb ≈ -0.63): ME ≈ 0.031
>      - Mediana (qb ≈ -0.22): ME ≈ 0.029
>      - P75 (qb ≈ 0.56): ME ≈ 0.025
>      - P95 (qb ≈ 3.35): ME ≈ 0.011
>      - P99 (qb ≈ 6.36): ME ≈ -0.004
>    Casi todas las observaciones tienen ME > 0; sólo en la cola extrema puede volverse levemente negativa.
> 
> 5) Magnitud del efecto (no sólo significancia)
>    Cambio de qb del P25 al P75 (aprox. -0.63 a 0.56) implica:
>      - Diferencia en ikb predicho ≈ 0.0335 puntos.
>    Con Root MSE ≈ 0.074, esto es casi media desviación estándar de ikb.
>    Conclusión: el efecto de qb sobre ikb es grande en términos económicos y no sólo "estadísticamente significativo".
> */
. 
. **# Modelo final
.  
. ******************** MODELO FINAL ***********************
. regress ikb qb qb_sq  i.year, vce(cluster cusip) 

Linear regression                               Number of obs     =      2,068
                                                F(12, 187)        =      18.89
                                                Prob > F          =     0.0000
                                                R-squared         =     0.1851
                                                Root MSE          =     .07416

                                (Std. err. adjusted for 188 clusters in cusip)
------------------------------------------------------------------------------
             |               Robust
         ikb | Coefficient  std. err.      t    P>|t|     [95% conf. interval]
-------------+----------------------------------------------------------------
          qb |   .0280389   .0030246     9.27   0.000     .0220722    .0340057
       qb_sq |  -.0025393   .0003862    -6.57   0.000    -.0033012   -.0017774
             |
        year |
         76  |   .0132888   .0063906     2.08   0.039     .0006818    .0258957
         77  |   .0259892   .0068937     3.77   0.000     .0123897    .0395887
         78  |   .0392821    .008458     4.64   0.000     .0225968    .0559674
         79  |   .0610152   .0090566     6.74   0.000      .043149    .0788814
         80  |   .0330356   .0081337     4.06   0.000       .01699    .0490812
         81  |   .0287843   .0066486     4.33   0.000     .0156684    .0419002
         82  |  -.0146924   .0078717    -1.87   0.064    -.0302211    .0008363
         83  |  -.0069194   .0089396    -0.77   0.440    -.0245549     .010716
         84  |   .0159528   .0086316     1.85   0.066     -.001075    .0329806
         85  |   .0075694   .0090781     0.83   0.405    -.0103393    .0254781
             |
       _cons |   .0935972   .0070219    13.33   0.000     .0797448    .1074495
------------------------------------------------------------------------------

. ********************************************************
.   
. ** Termino siendo un modelo estático (no hay lag de regresor exogeno). Pero en lugar de lineal, se ajusta mejor un modelo cuadrático en el regresor qb. 
. ** Esto es consistente con la teoria de la Q de tobin.
. 
end of do-file

. log close
      name:  <unnamed>
       log:  C:\Users\Equipo\Downloads\3_taller.log
  log type:  text
 closed on:  26 Mar 2026, 04:13:32
---------------------------------------------------------------------------------------------------------------------------------------------------------------------
