---------------------------------------------------------------------------------------------------------------------------------------------------------------------
      name:  <unnamed>
       log:  C:\Users\Equipo\Downloads\6_taller.log
  log type:  text
 opened on:  26 Mar 2026, 04:15:27

. do "C:\Users\Equipo\OneDrive\Desktop\proyecto\4Medio ambiente- innovacion\3. Estrategia empirica\3. Modelos\talleres por tema - teoria econometrica\6taller_Panel_F
> E_aInicial.do"

. **# Capitulo 10
. 
. 
. 
. clear all  

.   
. bcuse wagepan, clear

Contains data from http://fmwww.bc.edu/ec-p/data/wooldridge/wagepan.dta
 Observations:         4,360                  
    Variables:            27                  15 Mar 2021 18:24
---------------------------------------------------------------------------------------------------------------------------------------------------------------------
Variable      Storage   Display    Value
    name         type    format    label      Variable label
---------------------------------------------------------------------------------------------------------------------------------------------------------------------
nr              float   %9.0g                 person identifier
year            float   %9.0g                 1980 to 1987
black           float   %9.0g                 =1 if black
exper           float   %9.0g                 labor mkt experience
hisp            float   %9.0g                 =1 if Hispanic
hours           float   %9.0g                 annual hours worked
married         float   %9.0g                 =1 if married
occ1            float   %9.0g                 =1 if Professional, Technical and kindred
occ2            float   %9.0g                 =1 if Managers, Offcials and Proprietors
occ3            float   %9.0g                 =1 if Sales Workers
occ4            float   %9.0g                 =1 if Clerical and kindred
occ5            float   %9.0g                 =1 if Craftsmen, Foremen and kindred
occ6            float   %9.0g                 =1 if Operatives and kindred
occ7            float   %9.0g                 =1 if Laborers and farmers
occ8            float   %9.0g                 =1 if Farm Laborers and Foreman
occ9            float   %9.0g                 =1 if Service Workers
educ            float   %9.0g                 years of schooling
union           float   %9.0g                 =1 if in union
lwage           float   %9.0g                 log(wage)
d81             float   %9.0g                 =1 if year == 1981
d82             float   %9.0g                 =1 if year == 1982
d83             float   %9.0g                 =1 if year == 1983
d84             float   %9.0g                 =1 if year == 1984
d85             float   %9.0g                 =1 if year == 1985
d86             float   %9.0g                 =1 if year == 1986
d87             float   %9.0g                 =1 if year == 1987
expersq         float   %9.0g                 exper^2
---------------------------------------------------------------------------------------------------------------------------------------------------------------------
Sorted by: 

. describe

Contains data from http://fmwww.bc.edu/ec-p/data/wooldridge/wagepan.dta
 Observations:         4,360                  
    Variables:            27                  15 Mar 2021 18:24
---------------------------------------------------------------------------------------------------------------------------------------------------------------------
Variable      Storage   Display    Value
    name         type    format    label      Variable label
---------------------------------------------------------------------------------------------------------------------------------------------------------------------
nr              float   %9.0g                 person identifier
year            float   %9.0g                 1980 to 1987
black           float   %9.0g                 =1 if black
exper           float   %9.0g                 labor mkt experience
hisp            float   %9.0g                 =1 if Hispanic
hours           float   %9.0g                 annual hours worked
married         float   %9.0g                 =1 if married
occ1            float   %9.0g                 =1 if Professional, Technical and kindred
occ2            float   %9.0g                 =1 if Managers, Offcials and Proprietors
occ3            float   %9.0g                 =1 if Sales Workers
occ4            float   %9.0g                 =1 if Clerical and kindred
occ5            float   %9.0g                 =1 if Craftsmen, Foremen and kindred
occ6            float   %9.0g                 =1 if Operatives and kindred
occ7            float   %9.0g                 =1 if Laborers and farmers
occ8            float   %9.0g                 =1 if Farm Laborers and Foreman
occ9            float   %9.0g                 =1 if Service Workers
educ            float   %9.0g                 years of schooling
union           float   %9.0g                 =1 if in union
lwage           float   %9.0g                 log(wage)
d81             float   %9.0g                 =1 if year == 1981
d82             float   %9.0g                 =1 if year == 1982
d83             float   %9.0g                 =1 if year == 1983
d84             float   %9.0g                 =1 if year == 1984
d85             float   %9.0g                 =1 if year == 1985
d86             float   %9.0g                 =1 if year == 1986
d87             float   %9.0g                 =1 if year == 1987
expersq         float   %9.0g                 exper^2
---------------------------------------------------------------------------------------------------------------------------------------------------------------------
Sorted by: 

. 
. * Declarar la estructura de panel y ordenar observaciones
. xtset nr year

Panel variable: nr (strongly balanced)
 Time variable: year, 1980 to 1987
         Delta: 1 unit

. sort nr year

. 
.  
. 
. **# FE: una primera mirada
. 
. 
. /********************************************************************/
. /*  1. EFECTOS FIJOS (FE)                                */
. /********************************************************************/
. 
. xtreg lwage educ exper expersq union married black, fe
note: educ omitted because of collinearity.
note: black omitted because of collinearity.

Fixed-effects (within) regression               Number of obs     =      4,360
Group variable: nr                              Number of groups  =        545

R-squared:                                      Obs per group:
     Within  = 0.1780                                         min =          8
     Between = 0.0005                                         avg =        8.0
     Overall = 0.0638                                         max =          8

                                                F(4, 3811)        =     206.38
corr(u_i, Xb) = -0.1139                         Prob > F          =     0.0000

------------------------------------------------------------------------------
       lwage | Coefficient  Std. err.      t    P>|t|     [95% conf. interval]
-------------+----------------------------------------------------------------
        educ |          0  (omitted)
       exper |   .1168467   .0084197    13.88   0.000     .1003392    .1333542
     expersq |  -.0043009   .0006053    -7.11   0.000    -.0054876   -.0031142
       union |   .0820871   .0192907     4.26   0.000      .044266    .1199083
     married |   .0453033   .0183097     2.47   0.013     .0094056     .081201
       black |          0  (omitted)
       _cons |    1.06488   .0266607    39.94   0.000     1.012609     1.11715
-------------+----------------------------------------------------------------
     sigma_u |  .40005389
     sigma_e |  .35125535
         rho |  .56467848   (fraction of variance due to u_i)
------------------------------------------------------------------------------
F test that all u_i=0: F(544, 3811) = 9.71                   Prob > F = 0.0000

. 
. ** En una primera mirada, antes de meternos en detalles:
. 
. /*
>  a) El F global F(K,N(T-1)-K):    F(4, 545*(8-1)-4) = F(4, 3811)   -----> efectivamente, el F usa N(T-1)-K en lugar de NT-K.
>  b) El R2 que nos interesa es el de Within  = 0.1780
>  c) Efectivamente ahora veremos un valor diferente de cero para corr(u_i, Xb) = -0.1139   ----> FE permite correlacion entre la heterogeneidad inobservable y los r
> egresores.
> */ 
. 
. 
. *************************************************************************
. ** Mas adelante en este taller profundizaremos acerca de:
. 
. /* 
> a) que significa corr(u_i, Xb) = -0.1139  y de dónde surge.
> b) veremos de donde surgen:
>                            sigma_u   .40005389  (desvio estandar asociado a la heterogeneidad inobservable)
>                            sigma_e   .35125535  (desvio estandar asociado a los errores idiosincraticos)
>                            rho   .56467848
> 
> c) e interpretaremos el test F de exclusion de los u_i (heterogeneidad inobservable)
> En suma, profundizaremos sobre la estructura de varianzas-covarianzas y otros supuestos en el marco de un modelo FE "clasico".
> */
. 
. 
. ** Tambien veremos el mismo estimador FE pero con otras estructuras de la matriz de varianzas-covarianzas. (robustas)
. ** También probaremos otros estimadores FGLS con efectos fijos. 
. 
. ****************************************************************************
. 
. **# Perdemos variables que no varien en t
. 
. /* Pero antes tenemos varias cosas que se pueden analizar en un modelo de FE "clasico". */
. 
. ** Educ y Black se omitieron. Sabemos que el estimador FE omite toda aquella variable que no varie en el tiempo. 
. ** En este caso, Black no varia y, sorprendentemente tal vez, Educ tampoco tiene variacion en el tiempo (solo entre individuos al igual que Black).
. ** Por lo tanto, Stata automaticamente las tuvo que suprimir de su estimación para que no se viole la condición de rango completo (supuesto FE.2) sobre el modelo t
> ransformado (estimación FE/Within.).
.  
. xtreg lwage educ exper expersq union married black, fe
note: educ omitted because of collinearity.
note: black omitted because of collinearity.

Fixed-effects (within) regression               Number of obs     =      4,360
Group variable: nr                              Number of groups  =        545

R-squared:                                      Obs per group:
     Within  = 0.1780                                         min =          8
     Between = 0.0005                                         avg =        8.0
     Overall = 0.0638                                         max =          8

                                                F(4, 3811)        =     206.38
corr(u_i, Xb) = -0.1139                         Prob > F          =     0.0000

------------------------------------------------------------------------------
       lwage | Coefficient  Std. err.      t    P>|t|     [95% conf. interval]
-------------+----------------------------------------------------------------
        educ |          0  (omitted)
       exper |   .1168467   .0084197    13.88   0.000     .1003392    .1333542
     expersq |  -.0043009   .0006053    -7.11   0.000    -.0054876   -.0031142
       union |   .0820871   .0192907     4.26   0.000      .044266    .1199083
     married |   .0453033   .0183097     2.47   0.013     .0094056     .081201
       black |          0  (omitted)
       _cons |    1.06488   .0266607    39.94   0.000     1.012609     1.11715
-------------+----------------------------------------------------------------
     sigma_u |  .40005389
     sigma_e |  .35125535
         rho |  .56467848   (fraction of variance due to u_i)
------------------------------------------------------------------------------
F test that all u_i=0: F(544, 3811) = 9.71                   Prob > F = 0.0000

. xtreg lwage exper expersq union married, fe

Fixed-effects (within) regression               Number of obs     =      4,360
Group variable: nr                              Number of groups  =        545

R-squared:                                      Obs per group:
     Within  = 0.1780                                         min =          8
     Between = 0.0005                                         avg =        8.0
     Overall = 0.0638                                         max =          8

                                                F(4, 3811)        =     206.38
corr(u_i, Xb) = -0.1139                         Prob > F          =     0.0000

------------------------------------------------------------------------------
       lwage | Coefficient  Std. err.      t    P>|t|     [95% conf. interval]
-------------+----------------------------------------------------------------
       exper |   .1168467   .0084197    13.88   0.000     .1003392    .1333542
     expersq |  -.0043009   .0006053    -7.11   0.000    -.0054876   -.0031142
       union |   .0820871   .0192907     4.26   0.000      .044266    .1199083
     married |   .0453033   .0183097     2.47   0.013     .0094056     .081201
       _cons |    1.06488   .0266607    39.94   0.000     1.012609     1.11715
-------------+----------------------------------------------------------------
     sigma_u |  .40005389
     sigma_e |  .35125535
         rho |  .56467848   (fraction of variance due to u_i)
------------------------------------------------------------------------------
F test that all u_i=0: F(544, 3811) = 9.71                   Prob > F = 0.0000

. 
. ** Confirmamos que el modelo es exactamente el mismo. 
. 
. /* Ahora bien, no tiene ningun sentido economico estimar una ecuacion para los salarios y que no se pueda controlar por la educacion. 
>    No deberia ser el caso, pero esta base de datos tiene la particularidad de que Educacion no cambia en el tiempo para cualquier individuo i. 
>    Por lo que en este punto, si todo lo que uno tiene es una base de datos como esta, no presentaria un trabajo usando el modelo de FE. 
>    Migraria hacia modelos basados en Random Effects o POOL-MCO. Notar que no seria necesario hacer una prueba de Hausman entre ambos modelos. En casos asi, el sent
> ido economico debe primar. 
>    Sin embargo, algo que hemos aprendido es que, los modelos de efectos fijos, si bien nos absorben todo lo que no varia en el tiempo, podemos recuperar algo de in
> formacion de ellos:
>    Para lograrlo, se debe considerar interctuar a Educ con dummies temporales */
.  
. **# Podemos agregar binarias temporales
.  
. xtreg lwage exper expersq union married d81-d87, fe
note: d87 omitted because of collinearity.

Fixed-effects (within) regression               Number of obs     =      4,360
Group variable: nr                              Number of groups  =        545

R-squared:                                      Obs per group:
     Within  = 0.1806                                         min =          8
     Between = 0.0005                                         avg =        8.0
     Overall = 0.0635                                         max =          8

                                                F(10, 3805)       =      83.85
corr(u_i, Xb) = -0.1212                         Prob > F          =     0.0000

------------------------------------------------------------------------------
       lwage | Coefficient  Std. err.      t    P>|t|     [95% conf. interval]
-------------+----------------------------------------------------------------
       exper |   .1321464   .0098247    13.45   0.000     .1128842    .1514087
     expersq |  -.0051855   .0007044    -7.36   0.000    -.0065666   -.0038044
       union |   .0800019   .0193103     4.14   0.000     .0421423    .1178614
     married |   .0466804   .0183104     2.55   0.011     .0107812    .0825796
         d81 |   .0190448   .0203626     0.94   0.350    -.0208779    .0589674
         d82 |   -.011322   .0202275    -0.56   0.576    -.0509798    .0283359
         d83 |  -.0419955   .0203205    -2.07   0.039    -.0818357   -.0021553
         d84 |  -.0384709   .0203144    -1.89   0.058    -.0782991    .0013573
         d85 |  -.0432498   .0202458    -2.14   0.033    -.0829434   -.0035563
         d86 |   -.027382   .0203863    -1.34   0.179    -.0673511    .0125872
         d87 |          0  (omitted)
       _cons |    1.02764   .0299499    34.31   0.000     .9689201    1.086359
-------------+----------------------------------------------------------------
     sigma_u |  .40092789
     sigma_e |  .35099001
         rho |  .56612235   (fraction of variance due to u_i)
------------------------------------------------------------------------------
F test that all u_i=0: F(544, 3805) = 9.64                   Prob > F = 0.0000

.   
. /* Primero decidimos colocar solamente las dummies temporales, y haremos un test F de exclusion para ellas. 
>    A su vez, notar que tenemos 8 años, del 80 al 87, elegimos excluir la dummy del 80: 
>                         el primer año (80), se excluye en la especificacion en niveles. 
>                         No tiene nada que ver con la transformacion que hace luego. 
> */
. 
. **# Prueba para las binarias temporales
. 
. xtreg lwage exper expersq union married d81-d87, fe
note: d87 omitted because of collinearity.

Fixed-effects (within) regression               Number of obs     =      4,360
Group variable: nr                              Number of groups  =        545

R-squared:                                      Obs per group:
     Within  = 0.1806                                         min =          8
     Between = 0.0005                                         avg =        8.0
     Overall = 0.0635                                         max =          8

                                                F(10, 3805)       =      83.85
corr(u_i, Xb) = -0.1212                         Prob > F          =     0.0000

------------------------------------------------------------------------------
       lwage | Coefficient  Std. err.      t    P>|t|     [95% conf. interval]
-------------+----------------------------------------------------------------
       exper |   .1321464   .0098247    13.45   0.000     .1128842    .1514087
     expersq |  -.0051855   .0007044    -7.36   0.000    -.0065666   -.0038044
       union |   .0800019   .0193103     4.14   0.000     .0421423    .1178614
     married |   .0466804   .0183104     2.55   0.011     .0107812    .0825796
         d81 |   .0190448   .0203626     0.94   0.350    -.0208779    .0589674
         d82 |   -.011322   .0202275    -0.56   0.576    -.0509798    .0283359
         d83 |  -.0419955   .0203205    -2.07   0.039    -.0818357   -.0021553
         d84 |  -.0384709   .0203144    -1.89   0.058    -.0782991    .0013573
         d85 |  -.0432498   .0202458    -2.14   0.033    -.0829434   -.0035563
         d86 |   -.027382   .0203863    -1.34   0.179    -.0673511    .0125872
         d87 |          0  (omitted)
       _cons |    1.02764   .0299499    34.31   0.000     .9689201    1.086359
-------------+----------------------------------------------------------------
     sigma_u |  .40092789
     sigma_e |  .35099001
         rho |  .56612235   (fraction of variance due to u_i)
------------------------------------------------------------------------------
F test that all u_i=0: F(544, 3805) = 9.64                   Prob > F = 0.0000

. test d82 d83 d84 d85 d86 d87

 ( 1)  d82 = 0
 ( 2)  d83 = 0
 ( 3)  d84 = 0
 ( 4)  d85 = 0
 ( 5)  d86 = 0
 ( 6)  o.d87 = 0
       Constraint 6 dropped

       F(  5,  3805) =    1.50
            Prob > F =    0.1863

.   
. /*  al 5% no se rechaza la HO), de hecho tampoco la rechaza con un criterio al 10%. Asi que no deberiamos poner estas dummies temporales en el modelo para estos da
> tos.
>    Pero para fines didacticos, vamos a mantenerlas. En ese caso, podemos poner a Educ interactuando con las dummies temporales: 
> */
. 
. **# Recuperamos algo: interactuamos variables
. 
.  xtreg lwage exper expersq union married c.educ##i.year, fe
note: educ omitted because of collinearity.
note: 1987.year omitted because of collinearity.

Fixed-effects (within) regression               Number of obs     =      4,360
Group variable: nr                              Number of groups  =        545

R-squared:                                      Obs per group:
     Within  = 0.1814                                         min =          8
     Between = 0.0012                                         avg =        8.0
     Overall = 0.0387                                         max =          8

                                                F(17, 3798)       =      49.49
corr(u_i, Xb) = -0.2488                         Prob > F          =     0.0000

------------------------------------------------------------------------------
       lwage | Coefficient  Std. err.      t    P>|t|     [95% conf. interval]
-------------+----------------------------------------------------------------
       exper |   .1698252   .0305122     5.57   0.000     .1100033    .2296471
     expersq |  -.0060437   .0008633    -7.00   0.000    -.0077362   -.0043512
       union |   .0789759   .0193328     4.09   0.000     .0410722    .1168796
     married |   .0474337   .0183277     2.59   0.010     .0115006    .0833668
        educ |          0  (omitted)
             |
        year |
       1981  |  -.0714052   .1359087    -0.53   0.599    -.3378662    .1950558
       1982  |   -.092449   .1296022    -0.71   0.476    -.3465456    .1616475
       1983  |  -.1006627   .1263711    -0.80   0.426    -.3484245    .1470991
       1984  |  -.0393762   .1263639    -0.31   0.755    -.2871238    .2083715
       1985  |  -.0761866   .1296137    -0.59   0.557    -.3303057    .1779326
       1986  |   -.049019   .1359106    -0.36   0.718    -.3154839    .2174459
       1987  |          0  (omitted)
             |
 year#c.educ |
       1981  |   .0049906    .012222     0.41   0.683    -.0189718     .028953
       1982  |    .001651   .0123304     0.13   0.893    -.0225239    .0258259
       1983  |  -.0026621   .0125098    -0.21   0.831    -.0271886    .0218644
       1984  |  -.0098257   .0127593    -0.77   0.441    -.0348414      .01519
       1985  |  -.0092145   .0130721    -0.70   0.481    -.0348436    .0164146
       1986  |  -.0121382   .0134419    -0.90   0.367    -.0384922    .0142159
       1987  |  -.0157891    .013868    -1.14   0.255    -.0429785    .0114002
             |
       _cons |   .9243141   .0871797    10.60   0.000     .7533906    1.095238
-------------+----------------------------------------------------------------
     sigma_u |  .42006124
     sigma_e |  .35114511
         rho |  .58865354   (fraction of variance due to u_i)
------------------------------------------------------------------------------
F test that all u_i=0: F(544, 3798) = 8.34                   Prob > F = 0.0000

.  
.  /* Como vemos, los coeficientes de las interacciones son todos no significativos y es seguro que si hicieramos un test F de exclusion nos dará que no se rechaza H
> O). 
>     Lo que nos confirma que si el anterior test F ya nos decia que no deberiamos incluir dummies temporales, no deberiamos tampoco incluir estas interacciones. 
>         Pero para motivos didacticos lo hicimos.
>         
>         Si fueran significativas,
>         las dummies de anio se interpretan como sigue:  
>                                                                                                         g_1981=-0.0714052 ---> como el cambio de nivel en el log-Sa
> lario en el anio 1981 respecto de dicho año base, 1980.
>                                                          y asi sucesivamente con cada uno de los restantes años, respecto del año base. 
>                                                                                                           
>         mientras que las interacciones se interpretan como sigue: 
>                                                             
>                                                                                                         d_1981=0.0049906  ---> mide cómo cambia el efecto de la Edu
> cacion sobre el log-Salario en el año 1981 respecto del año base, 1980.
>                                                                                                         y asi sucesivamente.    
> 
> */
. 
. 
. **# Elegimos otro año como base
. 
. ** Yapa: ¿que pasa si quiero establecer otro año base distinto de 1980? 
. ** con la funcion ib(z_i) se puede establecer el año base que querramos. Por ejemplo 1983:
.                                                                                                                                                                    
>                                      
. * Base = año 1983
. xtreg lwage exper expersq union married ib1983.year, fe 
note: 1987.year omitted because of collinearity.

Fixed-effects (within) regression               Number of obs     =      4,360
Group variable: nr                              Number of groups  =        545

R-squared:                                      Obs per group:
     Within  = 0.1806                                         min =          8
     Between = 0.0000                                         avg =        8.0
     Overall = 0.0546                                         max =          8

                                                F(10, 3805)       =      83.85
corr(u_i, Xb) = -0.1654                         Prob > F          =     0.0000

------------------------------------------------------------------------------
       lwage | Coefficient  Std. err.      t    P>|t|     [95% conf. interval]
-------------+----------------------------------------------------------------
       exper |   .1426453    .012565    11.35   0.000     .1180104    .1672801
     expersq |  -.0051855   .0007044    -7.36   0.000    -.0065666   -.0038044
       union |   .0800019   .0193103     4.14   0.000     .0421423    .1178614
     married |   .0466804   .0183104     2.55   0.011     .0107812    .0825796
             |
        year |
       1980  |   .0734921   .0355609     2.07   0.039     .0037718    .1432125
       1981  |    .082038   .0293714     2.79   0.005     .0244528    .1396232
       1982  |   .0411724   .0246203     1.67   0.095    -.0070979    .0894427
       1984  |  -.0069743   .0192809    -0.36   0.718    -.0447761    .0308276
       1985  |  -.0222521    .018638    -1.19   0.233    -.0587935    .0142894
       1986  |  -.0168831   .0193053    -0.87   0.382    -.0547329    .0209667
       1987  |          0  (omitted)
             |
       _cons |   .9224967   .0597136    15.45   0.000      .805423     1.03957
-------------+----------------------------------------------------------------
     sigma_u |  .40672107
     sigma_e |  .35099001
         rho |  .57315609   (fraction of variance due to u_i)
------------------------------------------------------------------------------
F test that all u_i=0: F(544, 3805) = 9.49                   Prob > F = 0.0000

. 
. *ib(first).year → usa el primer valor como base.
. xtreg lwage exper expersq union married ib(first).year, fe 
note: 1987.year omitted because of collinearity.

Fixed-effects (within) regression               Number of obs     =      4,360
Group variable: nr                              Number of groups  =        545

R-squared:                                      Obs per group:
     Within  = 0.1806                                         min =          8
     Between = 0.0005                                         avg =        8.0
     Overall = 0.0635                                         max =          8

                                                F(10, 3805)       =      83.85
corr(u_i, Xb) = -0.1212                         Prob > F          =     0.0000

------------------------------------------------------------------------------
       lwage | Coefficient  Std. err.      t    P>|t|     [95% conf. interval]
-------------+----------------------------------------------------------------
       exper |   .1321464   .0098247    13.45   0.000     .1128842    .1514087
     expersq |  -.0051855   .0007044    -7.36   0.000    -.0065666   -.0038044
       union |   .0800019   .0193103     4.14   0.000     .0421423    .1178614
     married |   .0466804   .0183104     2.55   0.011     .0107812    .0825796
             |
        year |
       1981  |   .0190448   .0203626     0.94   0.350    -.0208779    .0589674
       1982  |   -.011322   .0202275    -0.56   0.576    -.0509798    .0283359
       1983  |  -.0419955   .0203205    -2.07   0.039    -.0818357   -.0021553
       1984  |  -.0384709   .0203144    -1.89   0.058    -.0782991    .0013573
       1985  |  -.0432498   .0202458    -2.14   0.033    -.0829434   -.0035563
       1986  |   -.027382   .0203863    -1.34   0.179    -.0673511    .0125872
       1987  |          0  (omitted)
             |
       _cons |    1.02764   .0299499    34.31   0.000     .9689201    1.086359
-------------+----------------------------------------------------------------
     sigma_u |  .40092789
     sigma_e |  .35099001
         rho |  .56612235   (fraction of variance due to u_i)
------------------------------------------------------------------------------
F test that all u_i=0: F(544, 3805) = 9.64                   Prob > F = 0.0000

. 
. *ib(last).year → usa el último valor como base.
. xtreg lwage exper expersq union married ib(last).year, fe 
note: 1986.year omitted because of collinearity.

Fixed-effects (within) regression               Number of obs     =      4,360
Group variable: nr                              Number of groups  =        545

R-squared:                                      Obs per group:
     Within  = 0.1806                                         min =          8
     Between = 0.0003                                         avg =        8.0
     Overall = 0.0422                                         max =          8

                                                F(10, 3805)       =      83.85
corr(u_i, Xb) = -0.2371                         Prob > F          =     0.0000

------------------------------------------------------------------------------
       lwage | Coefficient  Std. err.      t    P>|t|     [95% conf. interval]
-------------+----------------------------------------------------------------
       exper |   .1595284    .025209     6.33   0.000      .110104    .2089528
     expersq |  -.0051855   .0007044    -7.36   0.000    -.0065666   -.0038044
       union |   .0800019   .0193103     4.14   0.000     .0421423    .1178614
     married |   .0466804   .0183104     2.55   0.011     .0107812    .0825796
             |
        year |
       1980  |   .1916737   .1427043     1.34   0.179    -.0881106     .471458
       1981  |   .1833365   .1204026     1.52   0.128    -.0527233    .4193963
       1982  |   .1255878   .0985797     1.27   0.203    -.0676864     .318862
       1983  |   .0675323   .0772214     0.87   0.382    -.0838669    .2189316
       1984  |    .043675   .0564862     0.77   0.439    -.0670712    .1544212
       1985  |   .0115141   .0368766     0.31   0.755    -.0607858    .0838139
       1986  |          0  (omitted)
             |
       _cons |   .7534181   .2117905     3.56   0.000     .3381841    1.168652
-------------+----------------------------------------------------------------
     sigma_u |  .41738726
     sigma_e |  .35099001
         rho |  .58577184   (fraction of variance due to u_i)
------------------------------------------------------------------------------
F test that all u_i=0: F(544, 3805) = 9.18                   Prob > F = 0.0000

. 
. *ib(freq).year → usa la categoría (anio en este caso) más frecuente como base (si todos tienen la misma frecuencia, usa el first)
. xtreg lwage exper expersq union married ib(freq).year, fe 
note: 1987.year omitted because of collinearity.

Fixed-effects (within) regression               Number of obs     =      4,360
Group variable: nr                              Number of groups  =        545

R-squared:                                      Obs per group:
     Within  = 0.1806                                         min =          8
     Between = 0.0005                                         avg =        8.0
     Overall = 0.0635                                         max =          8

                                                F(10, 3805)       =      83.85
corr(u_i, Xb) = -0.1212                         Prob > F          =     0.0000

------------------------------------------------------------------------------
       lwage | Coefficient  Std. err.      t    P>|t|     [95% conf. interval]
-------------+----------------------------------------------------------------
       exper |   .1321464   .0098247    13.45   0.000     .1128842    .1514087
     expersq |  -.0051855   .0007044    -7.36   0.000    -.0065666   -.0038044
       union |   .0800019   .0193103     4.14   0.000     .0421423    .1178614
     married |   .0466804   .0183104     2.55   0.011     .0107812    .0825796
             |
        year |
       1981  |   .0190448   .0203626     0.94   0.350    -.0208779    .0589674
       1982  |   -.011322   .0202275    -0.56   0.576    -.0509798    .0283359
       1983  |  -.0419955   .0203205    -2.07   0.039    -.0818357   -.0021553
       1984  |  -.0384709   .0203144    -1.89   0.058    -.0782991    .0013573
       1985  |  -.0432498   .0202458    -2.14   0.033    -.0829434   -.0035563
       1986  |   -.027382   .0203863    -1.34   0.179    -.0673511    .0125872
       1987  |          0  (omitted)
             |
       _cons |    1.02764   .0299499    34.31   0.000     .9689201    1.086359
-------------+----------------------------------------------------------------
     sigma_u |  .40092789
     sigma_e |  .35099001
         rho |  .56612235   (fraction of variance due to u_i)
------------------------------------------------------------------------------
F test that all u_i=0: F(544, 3805) = 9.64                   Prob > F = 0.0000

. 
. 
. ************************************************************************************************
. 
. 
. 
. 
. 
. 
end of do-file

. log close
      name:  <unnamed>
       log:  C:\Users\Equipo\Downloads\6_taller.log
  log type:  text
 closed on:  26 Mar 2026, 04:15:35
---------------------------------------------------------------------------------------------------------------------------------------------------------------------
