---------------------------------------------------------------------------------------------------------------------------------------------------------------------
      name:  <unnamed>
       log:  C:\Users\Equipo\Downloads\8_taller.log
  log type:  text
 opened on:  26 Mar 2026, 04:16:18

. do "C:\Users\Equipo\OneDrive\Desktop\proyecto\4Medio ambiente- innovacion\3. Estrategia empirica\3. Modelos\talleres por tema - teoria econometrica\8taller_Panel_F
> E_Patents.do"

. **# Capitulo 10
. 
. clear all  

. cd  
C:\Users\Equipo\OneDrive\Desktop\proyecto\4Medio ambiente- innovacion\3. Estrategia empirica\3. Modelos\talleres por tema - teoria econometrica

. dir
  <dir>   3/26/26  4:15  .                 
  <dir>   2/22/26 22:44  ..                
  23.3k  12/20/25 22:01  10taller_Panel_gmm_chamb.do
  37.5k  12/20/25 22:16  11taller_Panel_IV.do
  51.2k   1/22/26  9:17  12taller_Binaria.do
  53.6k   1/22/26  9:18  13taller_Binaria_VI_Continua.do
   9.8k   1/02/26 15:53  14taller_Binaria_VI_Discreta.do
  48.0k   1/22/26  9:20  15taller_Binaria_Panel.do
  24.7k   1/21/26 16:50  16taller_Multinomial.do
   8.5k   1/22/26 10:15  17taller_Multinomial_VI_Continua.do
   8.9k   1/22/26 10:45  18taller_Multinomial_Panel.do
  12.1k   1/22/26 13:09  19taller_Ordenado_y_Panel.do
   8.7k  12/21/25 11:22  1taller_VI.do     
   6.2k   1/22/26 12:49  20taller_Ordenado_VI_Continua.do
   8.0k  12/20/25 19:18  2taller_PANEL_POOLED_Wagepan.do
  15.7k   3/26/26  4:13  3taller_PANEL_POOLED_Qtobin.do
 191.5k  11/28/25  2:21  401ksubs.dta      
  15.7k  12/20/25 20:56  4taller_Panel_Pooled_con_heterogeneidad.do
  26.2k  12/20/25 21:56  5taller_Panel_RE.do
   6.3k  12/20/25 21:15  6taller_Panel_FE_aInicial.do
  43.0k  12/20/25 21:57  7taller_Panel_FE_bCompleto.do
   8.3k  12/20/25 21:44  8taller_Panel_FE_Patents.do
  23.7k   1/13/26  4:14  9taller_Panel_REvsFEvsCRE.do
 370.0k  11/28/25  2:21  airfare.dta       
  17.5k   1/05/26  5:37  ape_boot_reps.dta 
   2.5k   1/05/26  5:37  ape_cre_re_table.dta
  25.0k  11/28/25  2:21  apple.dta         
  18.1k  11/28/25  2:21  attend.dta        
 125.5k   1/05/26  5:56  bs_cf_overid.dta  
  53.0k   1/05/26  5:56  bs_ivp_ts_overid.dta
  51.1k  11/28/25  2:21  bwght.dta         
 131.6k  11/28/25  2:21  card.dta          
 129.3k  11/28/25  2:21  cornwell.dta      
  21.1k  11/28/25  2:21  cps78_85.dta      
 227.2k  11/28/25  2:21  cps91.dta         
   5.3k   3/26/26  4:15  c_i_firmas.dta    
  14.3k  11/28/25  2:21  ezunem.dta        
  23.4k  11/28/25  2:21  fertil1.dta       
 125.3k  11/28/25  2:21  fertil2.dta       
  57.3k  11/28/25  2:21  fringe.dta        
  51.0k  11/28/25  2:21  gpa.dta           
 110.2k  11/28/25  2:21  grogger.dta       
  19.5k  11/28/25  2:21  hprice.dta        
 406.9k  11/28/25  2:21  injury.dta        
  43.9k  11/28/25  2:21  jtrain1.dta       
  17.8k  11/28/25  2:21  jtrain2.dta       
 399.3k  11/28/25  2:21  keane.dta         
 874.2k  11/28/25  2:21  labsup.dta        
 221.5k  11/28/25  2:21  loanapp.dta       
  15.5k  11/28/25  2:21  lowbirth.dta      
 667.9k  11/28/25  2:21  mathpnl.dta       
  37.5k  11/28/25  2:21  mroz.dta          
   5.3k  11/28/25  2:21  murder.dta        
  16.2k  11/28/25  2:21  nbasal.dta        
  21.2k  11/28/25  2:21  nls80.dta         
 111.1k  11/28/25  2:21  nls81_87.dta      
   3.6k  11/28/25  2:21  norway.dta        
   5.3k  11/28/25  2:21  openness.dta      
 334.2k  11/28/25  2:21  patent.dta        
   7.4k  11/28/25  2:21  pension.dta       
  93.0k  11/28/25  2:21  prison.dta        
 155.4k  11/28/25  2:21  q.dta             
  33.7k  11/28/25  2:21  recid.dta         
  21.2k  11/28/25  2:21  smoke.dta         
   8.1k   1/05/26  5:57  tabla_ap_es.rtf   
   3.3k   1/05/26  5:57  tabla_ap_es.tex   
  13.7k  11/28/25  2:21  vote.dta          
 222.2k  11/28/25  2:21  wagepan.dta       

. 
. 
. use patent, clear

. describe

Contains data from patent.dta
 Observations:         2,260                  
    Variables:            48                  1 Dec 1999 15:54
---------------------------------------------------------------------------------------------------------------------------------------------------------------------
Variable      Storage   Display    Value
    name         type    format    label      Variable label
---------------------------------------------------------------------------------------------------------------------------------------------------------------------
cusip           float   %9.0g                 firm identifier
merger          byte    %9.0g                 =1 if major merger
employ          float   %10.3f                employees in 1000s
return          float   %9.0g                 return on stock, %
patents         int     %9.0g                 patents applied for
patentsg        int     %9.0g                 patents granted
stckpr          float   %9.0g                 price common stock
rnd             float   %9.0g                 R&D expend, current mill $
rndeflt         float   %9.0g                 R&D expend, 1972 mill $
rndstck         float   %9.0g                 stock of R&D
sales           float   %9.0g                 sales, current mill. $
sic             int     %9.0g                 4 digit industry
year            byte    %9.0g                 72 through 81
y72             byte    %9.0g                 
y73             byte    %9.0g                 
y74             byte    %9.0g                 
y75             byte    %9.0g                 
y76             byte    %9.0g                 
y77             byte    %9.0g                 
y78             byte    %9.0g                 
y79             byte    %9.0g                 
y80             byte    %9.0g                 
y81             byte    %9.0g                 
lrnd            float   %9.0g                 log(1+rnd)
lsales          float   %9.0g                 log(sales)
lpat            float   %9.0g                 log(1+patents)
rnd_1           float   %9.0g                 
rnd_2           float   %9.0g                 
rnd_3           float   %9.0g                 
rnd_4           float   %9.0g                 
rnd_5           float   %9.0g                 
lrnd_1          float   %9.0g                 
lrnd_2          float   %9.0g                 
lrnd_3          float   %9.0g                 
lrnd_4          float   %9.0g                 
lrnd_5          float   %9.0g                 
clpat           float   %9.0g                 
clrnd           float   %9.0g                 
clrnd_1         float   %9.0g                 
clrnd_2         float   %9.0g                 
clrnd_3         float   %9.0g                 
clrnd_4         float   %9.0g                 
clrnd_5         float   %9.0g                 
clsales         float   %9.0g                 
lrnd_6          float   %9.0g                 
lrnd_7          float   %9.0g                 
lrnd_8          float   %9.0g                 
lrnd_9          float   %9.0g                 
---------------------------------------------------------------------------------------------------------------------------------------------------------------------
Sorted by: cusip  year

. 
. /* La idea en este segundo taller de EFECTOS FIJOS es tomar una base e intentar dar con un modelo adecuado usando FE. 
>    Asi que en este taller continuamos con el modelo FE/WITHIN clasico. */
.    
. /* 
> Posible modelo con la base patent.dta (para taller de métodos de panel)
> 
> 1. Descripción rápida de la base
> 
> un panel de firmas identificado por:
> - cusip  : identificador de la firma
> - year   : 1972 a 1981
> 
> Variables clave:
> 
> (1) Innovación / output de conocimiento
> - patents   : patentes solicitadas
> - patentsg  : patentes concedidas
> - lpat      : log(1 + patents) ---> notar como usa la transformacion ln(1+x) para manejar el tema de la cantidad de 0s en la variable patente medida en niveles. 
> 
> (2) Esfuerzo en I+D
> - rnd       : gasto en I+D (millones de dólares corrientes)
> - lrnd      : log(1 + rnd)
> - rndeflt   : gasto en I+D deflactado (base 1972) ---> si tenemos un panel, deberiamos usar la variable deflactada en gastos o ingresos. 
> - rndstck   : stock acumulado de I+D (capital de conocimiento)
> - lrnd_1, ..., lrnd_5  : rezagos de I+D
> 
> (3) Tamaño y desempeño de la firma
> - sales, lsales : ventas y su log  ---> pero las ventas solo estan en pesos corrientes... 
> - employ        : empleo (en miles)
> - stckpr        : precio de la acción
> - return        : rentabilidad de la acción (%)
> 
> (4) Otras
> - merger : =1 si hay una gran fusión
> - sic    : sector de 4 dígitos
> - y72–y81: dummies de año (además de la variable year)
> 
> La historia típica con esta base:
> - Estudiar una función de producción de conocimiento a nivel de firma:
>   patentes como output (y), I+D como input (x), controlando por tamaño de la firma, fusiones, shocks agregados y heterogeneidad inobservable.
> 
> La pregunta económica central:
> - ¿Cómo se relacionan el gasto en I+D (y sus rezagos) con la producción de patentes, controlando por tamaño, fusiones y shocks macro (años), usando la estructura d
> e panel?
> 
> ---------------------------------------------------------------------------------------------------
> 2. Modelo base: función de producción de conocimiento con efectos fijos
> 
> Modelo econométrico:
> 
>   lpat_it = β0 + β1*lrnd_it + β2*lsales_it + γ_t + c_i + u_it,
> 
> donde:
> - i = firma (cusip),
> - t = año (1972–1981),
> - c_i = heterogeneidad inobservable (capacidad innovadora, cultura, management),
> - γ_t = dummies de año.
> 
> */
. 
. *-----------------------------------------------------------------------------------------
. 
. **# Un modelo FE para patentes
. 
. * Declarar estructura de panel
.   xtset cusip year

Panel variable: cusip (strongly balanced)
 Time variable: year, 72 to 81
         Delta: 1 unit

.   
. 
. * Modelo FE: patentes solicitadas en función del gasto en I+D (millones de dólares corrientes) 
. ** (ponemos el gasto I+D en MM dolares corrientes porque usaremos tambien a Sales, que esta solo en dolares corrientes),
. ** tamaño: usaremos a Sales como medida de tamaño de la firma (alternativamente, podriamos usar empleo o probar)
. ** una variable asociada al rendimiento financiero de la firma: la rentabilidad de la accion. 
. ** con dummies de año
. 
. xtreg lpat lrnd lsales return i.year, fe

Fixed-effects (within) regression               Number of obs     =      2,252
Group variable: cusip                           Number of groups  =        226

R-squared:                                      Obs per group:
     Within  = 0.3219                                         min =          6
     Between = 0.3938                                         avg =       10.0
     Overall = 0.2669                                         max =         10

                                                F(12, 2014)       =      79.67
corr(u_i, Xb) = 0.2995                          Prob > F          =     0.0000

------------------------------------------------------------------------------
        lpat | Coefficient  Std. err.      t    P>|t|     [95% conf. interval]
-------------+----------------------------------------------------------------
        lrnd |  -.0863698   .0500038    -1.73   0.084    -.1844343    .0116947
      lsales |    .190138   .0540715     3.52   0.000     .0840961    .2961799
      return |  -.0075068   .0028638    -2.62   0.009    -.0131231   -.0018905
             |
        year |
         73  |  -.0390439   .0492108    -0.79   0.428    -.1355533    .0574656
         74  |  -.0911693   .0529576    -1.72   0.085    -.1950267    .0126881
         75  |  -.1109945   .0519487    -2.14   0.033    -.2128734   -.0091156
         76  |  -.1771816    .053677    -3.30   0.001    -.2824497   -.0719134
         77  |  -.1719269    .056505    -3.04   0.002    -.2827413   -.0611125
         78  |  -.2377454   .0603381    -3.94   0.000     -.356077   -.1194138
         79  |   -.309257   .0653001    -4.74   0.000    -.4373199   -.1811942
         80  |  -.4876371   .0685971    -7.11   0.000    -.6221658   -.3531083
         81  |  -1.295095   .0708177   -18.29   0.000    -1.433978   -1.156211
             |
       _cons |    1.20926   .2313047     5.23   0.000      .755639    1.662882
-------------+----------------------------------------------------------------
     sigma_u |   1.298879
     sigma_e |  .51123898
         rho |  .86586002   (fraction of variance due to u_i)
------------------------------------------------------------------------------
F test that all u_i=0: F(225, 2014) = 17.44                  Prob > F = 0.0000

. 
. ** Observar que si bien "sic" nos tienta a intentar agregar controles por industria,
. ** no podemos hacerlo puesto que no varian por empresa: una empresa que pertenece a una categoria de Sic, no cambia a otra categoria. (Solo podria pasar en un pane
> l muy largo y muy pocas veces)
. ** de hecho en estos datos eso no pasa nunca, asi que se omite porque justamente, la transformacion within la absorve. 
. 
. /*
> Interpretando:
>   - lrnd: -0.0863698 (p ≈ 0.084)
>   -> No es significativo al 5%, sólo marginalmente al 10%.
>   -> El signo negativo sugiere que, controlando por lsales (tamanio), dummies temporales y por heterogeneidad inobservable, un mayor I+D corriente no se traduce en
>  más patentes en el mismo año.
>   -> Económicamente: consistente con la idea de que la I+D impacta con rezagos.
>      Sería natural probar especificaciones con lrnd rezagado o con rndstck (stock de I+D) en lugar del flujo corriente.
> 
> */
. 
. ** con stock de I+D en lugar de flujo corriente (tengo duda acerca de si esta en nivel o en log esta variable):
. xtreg lpat rndstck lsales return i.year, fe

Fixed-effects (within) regression               Number of obs     =      2,099
Group variable: cusip                           Number of groups  =        216

R-squared:                                      Obs per group:
     Within  = 0.3450                                         min =          2
     Between = 0.4779                                         avg =        9.7
     Overall = 0.3266                                         max =         10

                                                F(12, 1871)       =      82.13
corr(u_i, Xb) = 0.3549                          Prob > F          =     0.0000

------------------------------------------------------------------------------
        lpat | Coefficient  Std. err.      t    P>|t|     [95% conf. interval]
-------------+----------------------------------------------------------------
     rndstck |  -.0001367   .0000499    -2.74   0.006    -.0002345   -.0000389
      lsales |   .1632864    .049602     3.29   0.001     .0660052    .2605675
      return |  -.0090324   .0031564    -2.86   0.004    -.0152228   -.0028421
             |
        year |
         73  |  -.0587175   .0519146    -1.13   0.258    -.1605342    .0430992
         74  |  -.1035733   .0559696    -1.85   0.064    -.2133428    .0061962
         75  |  -.1191491   .0548634    -2.17   0.030    -.2267489   -.0115492
         76  |  -.1888209   .0570091    -3.31   0.001     -.300629   -.0770127
         77  |   -.186531   .0599388    -3.11   0.002     -.304085    -.068977
         78  |  -.2531666   .0642673    -3.94   0.000    -.3792097   -.1271235
         79  |  -.3367136   .0697245    -4.83   0.000    -.4734596   -.1999676
         80  |  -.5123794    .073423    -6.98   0.000     -.656379   -.3683799
         81  |  -1.375394     .07584   -18.14   0.000    -1.524134   -1.226654
             |
       _cons |   1.329317   .2370209     5.61   0.000     .8644641     1.79417
-------------+----------------------------------------------------------------
     sigma_u |  1.2702833
     sigma_e |  .50975616
         rho |  .86129952   (fraction of variance due to u_i)
------------------------------------------------------------------------------
F test that all u_i=0: F(215, 1871) = 28.27                  Prob > F = 0.0000

. 
. 
. 
. /*
> ---------------------------------------------------------------------------------------------------
> 3. Versión con rezagos de regresor exogeno: I+D contemporánea y rezagada
> 
> 
> La idea:
> - Medir efectos de corto y largo plazo de la I+D sobre la producción de patentes.
> - La suma (β0 + β1 + ... + β5) es una medida del efecto acumulado de I+D sobre patentes a lo largo de varios años.
> 
> Discusión posible:
> - ¿Los efectos de la I+D son inmediatos o se materializan con rezago?
> - ¿Qué sugiere la evidencia sobre la "vida útil" de la I+D en la generación de patentes?
> 
> */
. 
. xtreg lpat lrnd lrnd_1 lrnd_2 lrnd_3 lrnd_4 lrnd_5 lsales return i.year, fe 

Fixed-effects (within) regression               Number of obs     =      1,122
Group variable: cusip                           Number of groups  =        226

R-squared:                                      Obs per group:
     Within  = 0.4690                                         min =          1
     Between = 0.7443                                         avg =        5.0
     Overall = 0.4461                                         max =          5

                                                F(12, 884)        =      65.06
corr(u_i, Xb) = -0.9140                         Prob > F          =     0.0000

------------------------------------------------------------------------------
        lpat | Coefficient  Std. err.      t    P>|t|     [95% conf. interval]
-------------+----------------------------------------------------------------
        lrnd |   -.356203   .1245383    -2.86   0.004    -.6006283   -.1117778
      lrnd_1 |  -.0875883   .1280335    -0.68   0.494    -.3388734    .1636969
      lrnd_2 |  -.0989325   .1303658    -0.76   0.448    -.3547952    .1569301
      lrnd_3 |  -.1258333   .1382121    -0.91   0.363    -.3970956    .1454289
      lrnd_4 |  -.0746841   .1423537    -0.52   0.600    -.3540748    .2047065
      lrnd_5 |  -.2490793   .1384505    -1.80   0.072    -.5208093    .0226508
      lsales |    .159941   .1132185     1.41   0.158    -.0622675    .3821495
      return |  -.0234267   .0054932    -4.26   0.000     -.034208   -.0126454
             |
        year |
         78  |    .005303   .0500483     0.11   0.916    -.0929243    .1035302
         79  |    .006578   .0581086     0.11   0.910    -.1074689     .120625
         80  |  -.1126985    .065464    -1.72   0.086    -.2411816    .0157846
         81  |  -.8314844   .0736738   -11.29   0.000    -.9760804   -.6868883
             |
       _cons |   2.719774   .5669618     4.80   0.000     1.607026    3.832522
-------------+----------------------------------------------------------------
     sigma_u |  2.5701641
     sigma_e |  .49656897
         rho |  .96401502   (fraction of variance due to u_i)
------------------------------------------------------------------------------
F test that all u_i=0: F(225, 884) = 9.56                    Prob > F = 0.0000

. 
. /*
> - Todos los coeficientes salen negativos, pero salvo el contemporáneo y el quinto rezago, ninguno es significativo individualmente.
> - NO conviene interpretar cada βk "uno a uno" como efecto causal bien identificado: hay fuerte riesgo de multicolinealidad entre 
>   lrnd,  lrnd_1, ..., lrnd_5 (la I+D de años consecutivos está muy correlacionada).
> - En presencia de tanta correlación entre regresores, los coeficientes individuales se vuelven inestables; los signos y niveles exactos pueden
>   estar muy distorsionados aunque el modelo global tenga buen ajuste.
> 
>  Recomendación práctica 
> - Mirar tests conjuntos:
>     test lrnd lrnd_1 lrnd_2 lrnd_3 lrnd_4 lrnd_5  para ver si la I+D "en bloque" afecta al patentamiento.
> - Explorar especificaciones más parsimoniosas, por ejemplo:
>     * Menos rezagos (por ej. 0–2 en lugar de 0–5),
>     * O usar un stock de I+D (rndstck) en lugar del flujo y sus 5 rezagos,
>         
>  Dummies de año
> - Sólo aparecen 78, 79, 80, 81 
> - Casi todas son poco significativas salvo 1981, que muestra un efecto fuertemente negativo:
>     year81 ≈ -0.83  (p ≈ 0.000)
>   -> Para una firma dada y dados los controles, 1981 tiene un nivel de patentes mucho menor respecto al año base.
>         */
. 
. 
. xtreg lpat lrnd lrnd_1 lrnd_2 lrnd_3 lrnd_4 lrnd_5 lsales return i.year, fe 

Fixed-effects (within) regression               Number of obs     =      1,122
Group variable: cusip                           Number of groups  =        226

R-squared:                                      Obs per group:
     Within  = 0.4690                                         min =          1
     Between = 0.7443                                         avg =        5.0
     Overall = 0.4461                                         max =          5

                                                F(12, 884)        =      65.06
corr(u_i, Xb) = -0.9140                         Prob > F          =     0.0000

------------------------------------------------------------------------------
        lpat | Coefficient  Std. err.      t    P>|t|     [95% conf. interval]
-------------+----------------------------------------------------------------
        lrnd |   -.356203   .1245383    -2.86   0.004    -.6006283   -.1117778
      lrnd_1 |  -.0875883   .1280335    -0.68   0.494    -.3388734    .1636969
      lrnd_2 |  -.0989325   .1303658    -0.76   0.448    -.3547952    .1569301
      lrnd_3 |  -.1258333   .1382121    -0.91   0.363    -.3970956    .1454289
      lrnd_4 |  -.0746841   .1423537    -0.52   0.600    -.3540748    .2047065
      lrnd_5 |  -.2490793   .1384505    -1.80   0.072    -.5208093    .0226508
      lsales |    .159941   .1132185     1.41   0.158    -.0622675    .3821495
      return |  -.0234267   .0054932    -4.26   0.000     -.034208   -.0126454
             |
        year |
         78  |    .005303   .0500483     0.11   0.916    -.0929243    .1035302
         79  |    .006578   .0581086     0.11   0.910    -.1074689     .120625
         80  |  -.1126985    .065464    -1.72   0.086    -.2411816    .0157846
         81  |  -.8314844   .0736738   -11.29   0.000    -.9760804   -.6868883
             |
       _cons |   2.719774   .5669618     4.80   0.000     1.607026    3.832522
-------------+----------------------------------------------------------------
     sigma_u |  2.5701641
     sigma_e |  .49656897
         rho |  .96401502   (fraction of variance due to u_i)
------------------------------------------------------------------------------
F test that all u_i=0: F(225, 884) = 9.56                    Prob > F = 0.0000

. test lrnd_1 lrnd_2 lrnd_3 lrnd_4 lrnd_5

 ( 1)  lrnd_1 = 0
 ( 2)  lrnd_2 = 0
 ( 3)  lrnd_3 = 0
 ( 4)  lrnd_4 = 0
 ( 5)  lrnd_5 = 0

       F(  5,   884) =    3.18
            Prob > F =    0.0075

. 
. /*
> Interpretación:
> 
> 1) Significado de la prueba conjunta
> 
> - Aunque muchos coeficientes individuales (lrnd_1, ..., lrnd_4) no sean significativos en sus tests t por separado, lo que H0 plantea aquí es:
>     "Dado lrnd (I+D contemporánea) y el resto de controles, ¿los rezagos de I+D en conjunto NO aportan nada para explicar lpat?"
> 
> - Como p = 0.0075 < 0.01, se rechaza H0 al 1%.
>   -> Concluimos que, CONJUNTAMENTE, los rezagos de I+D sí tienen poder explicativo sobre lpat, más allá del efecto de lrnd contemporánea.
> 
> - Ojo: en la restricción NO entra lrnd (t), solo lrnd_1,...,lrnd_5. Es decir, estamos testeando el efecto adicional de la historia de I+D
>      (los 5 años previos) condicionando en el gasto de I+D del año t.
> 
> 2) Implicancias económicas
> 
> - Resultado consistente con una historia de "efectos dinámicos" o de "acumulación" en el proceso de innovación:
>     * La producción de patentes en t no depende sólo de la I+D en t, sino también de la trayectoria de I+D en los años previos.
>     * Aunque cada lag por separado tenga un coeficiente impreciso, el conjunto de lags aporta información relevante.
> 
> - Sin embargo, hay que ser prudente:
>     * Los lags de I+D están muy correlacionados entre sí -> multicolinealidad.
>     * Esto hace que los coeficientes individuales sean ruidosos, y el signo de cada β_k no deba sobreinterpretarse.
>     * La prueba F conjunta es más estable que los t individuales, pero la sobrecarga de lagged variables en un panel corto sigue siendo un  problema de especificac
> ión.
> 
> */
. 
. * Modelo de efectos fijos con una matriz de var-cov tipo "sandwich" (robusta)
. 
. xtreg lpat lrnd lrnd_1 lrnd_2 lrnd_3 lrnd_4 lrnd_5 lsales return i.year, fe vce(cluster cusip)

Fixed-effects (within) regression               Number of obs     =      1,122
Group variable: cusip                           Number of groups  =        226

R-squared:                                      Obs per group:
     Within  = 0.4690                                         min =          1
     Between = 0.7443                                         avg =        5.0
     Overall = 0.4461                                         max =          5

                                                F(12, 225)        =      41.04
corr(u_i, Xb) = -0.9140                         Prob > F          =     0.0000

                                (Std. err. adjusted for 226 clusters in cusip)
------------------------------------------------------------------------------
             |               Robust
        lpat | Coefficient  std. err.      t    P>|t|     [95% conf. interval]
-------------+----------------------------------------------------------------
        lrnd |   -.356203   .1317716    -2.70   0.007    -.6158672   -.0965388
      lrnd_1 |  -.0875883   .0955494    -0.92   0.360    -.2758743    .1006978
      lrnd_2 |  -.0989325   .1239418    -0.80   0.426    -.3431678    .1453027
      lrnd_3 |  -.1258333   .1308246    -0.96   0.337    -.3836316    .1319649
      lrnd_4 |  -.0746841   .1559923    -0.48   0.633    -.3820769    .2327086
      lrnd_5 |  -.2490793   .1596705    -1.56   0.120    -.5637201    .0655616
      lsales |    .159941   .1298997     1.23   0.220    -.0960346    .4159166
      return |  -.0234267   .0062201    -3.77   0.000    -.0356838   -.0111697
             |
        year |
         78  |    .005303   .0445469     0.12   0.905    -.0824795    .0930854
         79  |    .006578   .0587223     0.11   0.911     -.109138    .1222941
         80  |  -.1126985    .074274    -1.52   0.131    -.2590601     .033663
         81  |  -.8314844   .0905695    -9.18   0.000    -1.009957   -.6530114
             |
       _cons |   2.719774   .6446337     4.22   0.000     1.449482    3.990065
-------------+----------------------------------------------------------------
     sigma_u |  2.5701641
     sigma_e |  .49656897
         rho |  .96401502   (fraction of variance due to u_i)
------------------------------------------------------------------------------

. test lrnd_1 lrnd_2 lrnd_3 lrnd_4 lrnd_5

 ( 1)  lrnd_1 = 0
 ( 2)  lrnd_2 = 0
 ( 3)  lrnd_3 = 0
 ( 4)  lrnd_4 = 0
 ( 5)  lrnd_5 = 0

       F(  5,   225) =    2.96
            Prob > F =    0.0131

. 
. 
. *-----------------------------------------------------------------------------------------
. 
. 
. * Modelo de efectos fijos con errores AR(1)
.  xtregar lpat lrnd lrnd_1 lrnd_2 lrnd_3 lrnd_4 lrnd_5 lsales return y72-y81, fe
note: y72 omitted because of collinearity.
note: y73 omitted because of collinearity.
note: y74 omitted because of collinearity.
note: y75 omitted because of collinearity.
note: y76 omitted because of collinearity.
note: y81 omitted because of collinearity.

FE (within) regression with AR(1) disturbances  Number of obs     =        896
Group variable: cusip                           Number of groups  =        225

R-squared:                                      Obs per group:
     Within  = 0.4700                                         min =          3
     Between = 0.0355                                         avg =        4.0
     Overall = 0.0189                                         max =          4

                                                F(12,659)         =      48.69
corr(u_i, Xb) = -0.0592                         Prob > F          =     0.0000

------------------------------------------------------------------------------
        lpat | Coefficient  Std. err.      t    P>|t|     [95% conf. interval]
-------------+----------------------------------------------------------------
        lrnd |  -.1981091    .165423    -1.20   0.232    -.5229287    .1267106
      lrnd_1 |  -.3614433   .1495383    -2.42   0.016    -.6550723   -.0678144
      lrnd_2 |  -.2526442    .139049    -1.82   0.070    -.5256766    .0203882
      lrnd_3 |  -.2409166   .1498906    -1.61   0.108    -.5352373    .0534041
      lrnd_4 |  -.1340843   .1505054    -0.89   0.373    -.4296121    .1614436
      lrnd_5 |  -.0542735    .174581    -0.31   0.756    -.3970756    .2885286
      lsales |   .0495008   .1566593     0.32   0.752    -.2581106    .3571123
      return |  -.0203134   .0069409    -2.93   0.004    -.0339424   -.0066844
         y72 |          0  (omitted)
         y73 |          0  (omitted)
         y74 |          0  (omitted)
         y75 |          0  (omitted)
         y76 |          0  (omitted)
         y77 |   1617.815   7332.055     0.22   0.825    -12779.19    16014.82
         y78 |   262.5734   1187.292     0.22   0.825    -2068.759    2593.905
         y79 |   42.36513   188.6714     0.22   0.822    -328.1044    412.8347
         y80 |   6.500152   26.37647     0.25   0.805     -45.2919     58.2922
         y81 |          0  (omitted)
       _cons |   4.135369   4.302715     0.96   0.337    -4.313314    12.58405
-------------+----------------------------------------------------------------
      rho_ar |  .16251582
     sigma_u |  7.7490281
     sigma_e |  .51263105
     rho_fov |  .99564269   (fraction of variance because of u_i)
------------------------------------------------------------------------------
F test that all u_i=0: F(224,659) = 5.07                     Prob > F = 0.0000

. test lrnd_1 lrnd_2 lrnd_3 lrnd_4 lrnd_5

 ( 1)  lrnd_1 = 0
 ( 2)  lrnd_2 = 0
 ( 3)  lrnd_3 = 0
 ( 4)  lrnd_4 = 0
 ( 5)  lrnd_5 = 0

       F(  5,   659) =    5.13
            Prob > F =    0.0001

.  
.  
.  
.  *--------------------------------------------------------------------------------------
.  
. 
. 
end of do-file

. log close
      name:  <unnamed>
       log:  C:\Users\Equipo\Downloads\8_taller.log
  log type:  text
 closed on:  26 Mar 2026, 04:16:24
---------------------------------------------------------------------------------------------------------------------------------------------------------------------
